Archive member included because of file (symbol)

c:/program files (x86)/atmel/studio/7.0/toolchain/arm/arm-gnu-toolchain/bin/../lib/gcc/arm-none-eabi/4.9.3/armv6-m\libgcc.a(_udivsi3.o)
                              src/ASF/sam0/drivers/system/clock/clock_samd21_r21_da/clock.o (__aeabi_uidiv)
c:/program files (x86)/atmel/studio/7.0/toolchain/arm/arm-gnu-toolchain/bin/../lib/gcc/arm-none-eabi/4.9.3/armv6-m\libgcc.a(_dvmd_tls.o)
                              c:/program files (x86)/atmel/studio/7.0/toolchain/arm/arm-gnu-toolchain/bin/../lib/gcc/arm-none-eabi/4.9.3/armv6-m\libgcc.a(_udivsi3.o) (__aeabi_idiv0)
c:/program files (x86)/atmel/studio/7.0/toolchain/arm/arm-gnu-toolchain/bin/../lib/gcc/arm-none-eabi/4.9.3/armv6-m\libgcc.a(_muldi3.o)
                              src/ASF/sam0/drivers/sercom/sercom.o (__aeabi_lmul)
c:/program files (x86)/atmel/studio/7.0/toolchain/arm/arm-gnu-toolchain/bin/../lib/gcc/arm-none-eabi/4.9.3/../../../../arm-none-eabi/lib/armv6-m\libc_nano.a(lib_a-exit.o)
                              c:/program files (x86)/atmel/studio/7.0/toolchain/arm/arm-gnu-toolchain/bin/../lib/gcc/arm-none-eabi/4.9.3/../../../../arm-none-eabi/lib/armv6-m/crt0.o (exit)
c:/program files (x86)/atmel/studio/7.0/toolchain/arm/arm-gnu-toolchain/bin/../lib/gcc/arm-none-eabi/4.9.3/../../../../arm-none-eabi/lib/armv6-m\libc_nano.a(lib_a-impure.o)
                              c:/program files (x86)/atmel/studio/7.0/toolchain/arm/arm-gnu-toolchain/bin/../lib/gcc/arm-none-eabi/4.9.3/../../../../arm-none-eabi/lib/armv6-m\libc_nano.a(lib_a-exit.o) (_global_impure_ptr)
c:/program files (x86)/atmel/studio/7.0/toolchain/arm/arm-gnu-toolchain/bin/../lib/gcc/arm-none-eabi/4.9.3/../../../../arm-none-eabi/lib/armv6-m\libc_nano.a(lib_a-init.o)
                              c:/program files (x86)/atmel/studio/7.0/toolchain/arm/arm-gnu-toolchain/bin/../lib/gcc/arm-none-eabi/4.9.3/../../../../arm-none-eabi/lib/armv6-m/crt0.o (__libc_init_array)
c:/program files (x86)/atmel/studio/7.0/toolchain/arm/arm-gnu-toolchain/bin/../lib/gcc/arm-none-eabi/4.9.3/../../../../arm-none-eabi/lib/armv6-m\libc_nano.a(lib_a-memcpy.o)
                              src/ASF/sam0/drivers/sercom/sercom_interrupt.o (memcpy)
c:/program files (x86)/atmel/studio/7.0/toolchain/arm/arm-gnu-toolchain/bin/../lib/gcc/arm-none-eabi/4.9.3/../../../../arm-none-eabi/lib/armv6-m\libc_nano.a(lib_a-memset.o)
                              c:/program files (x86)/atmel/studio/7.0/toolchain/arm/arm-gnu-toolchain/bin/../lib/gcc/arm-none-eabi/4.9.3/../../../../arm-none-eabi/lib/armv6-m/crt0.o (memset)
c:/program files (x86)/atmel/studio/7.0/toolchain/arm/arm-gnu-toolchain/bin/../lib/gcc/arm-none-eabi/4.9.3/../../../../arm-none-eabi/lib/armv6-m\libc_nano.a(lib_a-printf.o)
                              src/ASF/sam0/utils/syscalls/gcc/syscalls.o (printf)
c:/program files (x86)/atmel/studio/7.0/toolchain/arm/arm-gnu-toolchain/bin/../lib/gcc/arm-none-eabi/4.9.3/../../../../arm-none-eabi/lib/armv6-m\libc_nano.a(lib_a-putchar.o)
                              src/qs_spi_slave_basic.o (putchar)
c:/program files (x86)/atmel/studio/7.0/toolchain/arm/arm-gnu-toolchain/bin/../lib/gcc/arm-none-eabi/4.9.3/../../../../arm-none-eabi/lib/armv6-m\libc_nano.a(lib_a-puts.o)
                              src/qs_spi_slave_basic.o (puts)
c:/program files (x86)/atmel/studio/7.0/toolchain/arm/arm-gnu-toolchain/bin/../lib/gcc/arm-none-eabi/4.9.3/../../../../arm-none-eabi/lib/armv6-m\libc_nano.a(lib_a-setbuf.o)
                              src/uart/hmi.o (setbuf)
c:/program files (x86)/atmel/studio/7.0/toolchain/arm/arm-gnu-toolchain/bin/../lib/gcc/arm-none-eabi/4.9.3/../../../../arm-none-eabi/lib/armv6-m\libc_nano.a(lib_a-setvbuf.o)
                              c:/program files (x86)/atmel/studio/7.0/toolchain/arm/arm-gnu-toolchain/bin/../lib/gcc/arm-none-eabi/4.9.3/../../../../arm-none-eabi/lib/armv6-m\libc_nano.a(lib_a-setbuf.o) (setvbuf)
c:/program files (x86)/atmel/studio/7.0/toolchain/arm/arm-gnu-toolchain/bin/../lib/gcc/arm-none-eabi/4.9.3/../../../../arm-none-eabi/lib/armv6-m\libc_nano.a(lib_a-wbuf.o)
                              c:/program files (x86)/atmel/studio/7.0/toolchain/arm/arm-gnu-toolchain/bin/../lib/gcc/arm-none-eabi/4.9.3/../../../../arm-none-eabi/lib/armv6-m\libc_nano.a(lib_a-puts.o) (__swbuf_r)
c:/program files (x86)/atmel/studio/7.0/toolchain/arm/arm-gnu-toolchain/bin/../lib/gcc/arm-none-eabi/4.9.3/../../../../arm-none-eabi/lib/armv6-m\libc_nano.a(lib_a-wsetup.o)
                              c:/program files (x86)/atmel/studio/7.0/toolchain/arm/arm-gnu-toolchain/bin/../lib/gcc/arm-none-eabi/4.9.3/../../../../arm-none-eabi/lib/armv6-m\libc_nano.a(lib_a-puts.o) (__swsetup_r)
c:/program files (x86)/atmel/studio/7.0/toolchain/arm/arm-gnu-toolchain/bin/../lib/gcc/arm-none-eabi/4.9.3/../../../../arm-none-eabi/lib/armv6-m\libc_nano.a(lib_a-fflush.o)
[...]
Memory Configuration

Name             Origin             Length             Attributes
rom              0x00000000         0x00040000         xr
ram              0x20000000         0x00008000         xrw
*default*        0x00000000         0xffffffff

Linker script and memory map

LOAD c:/program files (x86)/atmel/studio/7.0/toolchain/arm/arm-gnu-toolchain/bin/../lib/gcc/arm-none-eabi/4.9.3/armv6-m/crti.o
LOAD c:/program files (x86)/atmel/studio/7.0/toolchain/arm/arm-gnu-toolchain/bin/../lib/gcc/arm-none-eabi/4.9.3/armv6-m/crtbegin.o
LOAD c:/program files (x86)/atmel/studio/7.0/toolchain/arm/arm-gnu-toolchain/bin/../lib/gcc/arm-none-eabi/4.9.3/../../../../arm-none-eabi/lib/armv6-m/crt0.o
LOAD src/ASF/sam0/drivers/sercom/sercom_interrupt.o
LOAD src/ASF/sam0/utils/stdio/read.o
LOAD src/ASF/sam0/utils/stdio/write.o
LOAD src/internalClock/internalClock.o
LOAD src/ASF/sam0/drivers/sercom/usart/usart.o
LOAD src/ASF/sam0/drivers/sercom/usart/usart_interrupt.o
LOAD src/network/network.o
LOAD src/uart/hmi.o
LOAD src/ASF/common/utils/interrupt/interrupt_sam_nvic.o
LOAD src/ASF/sam0/boards/samr21_xplained_pro/board_init.o
LOAD src/ASF/sam0/drivers/port/port.o
LOAD src/ASF/sam0/drivers/sercom/sercom.o
LOAD src/ASF/sam0/drivers/sercom/spi/spi.o
LOAD src/ASF/sam0/drivers/system/clock/clock_samd21_r21_da/clock.o
LOAD src/ASF/sam0/drivers/system/clock/clock_samd21_r21_da/gclk.o
LOAD src/ASF/sam0/drivers/system/interrupt/system_interrupt.o
LOAD src/ASF/sam0/drivers/system/pinmux/pinmux.o
LOAD src/ASF/sam0/drivers/system/system.o
LOAD src/ASF/sam0/utils/cmsis/samr21/source/gcc/startup_samr21.o
LOAD src/ASF/sam0/utils/cmsis/samr21/source/system_samr21.o
LOAD src/ASF/sam0/utils/syscalls/gcc/syscalls.o
LOAD src/qs_spi_slave_basic.o
START GROUP
LOAD ../src/ASF/thirdparty/CMSIS/Lib/GCC\libarm_cortexM0l_math.a
LOAD c:/program files (x86)/atmel/studio/7.0/toolchain/arm/arm-gnu-toolchain/bin/../lib/gcc/arm-none-eabi/4.9.3/../../../../arm-none-eabi/lib/armv6-m\libm.a
END GROUP
START GROUP
LOAD c:/program files (x86)/atmel/studio/7.0/toolchain/arm/arm-gnu-toolchain/bin/../lib/gcc/arm-none-eabi/4.9.3/armv6-m\libgcc.a
LOAD c:/program files (x86)/atmel/studio/7.0/toolchain/arm/arm-gnu-toolchain/bin/../lib/gcc/arm-none-eabi/4.9.3/../../../../arm-none-eabi/lib/armv6-m\libc_nano.a
END GROUP
START GROUP
LOAD c:/program files (x86)/atmel/studio/7.0/toolchain/arm/arm-gnu-toolchain/bin/../lib/gcc/arm-none-eabi/4.9.3/armv6-m\libgcc.a
LOAD c:/program files (x86)/atmel/studio/7.0/toolchain/arm/arm-gnu-toolchain/bin/../lib/gcc/arm-none-eabi/4.9.3/../../../../arm-none-eabi/lib/armv6-m\libc_nano.a
END GROUP
LOAD c:/program files (x86)/atmel/studio/7.0/toolchain/arm/arm-gnu-toolchain/bin/../lib/gcc/arm-none-eabi/4.9.3/armv6-m/crtend.o
LOAD c:/program files (x86)/atmel/studio/7.0/toolchain/arm/arm-gnu-toolchain/bin/../lib/gcc/arm-none-eabi/4.9.3/armv6-m/crtn.o
                0x00002000                STACK_SIZE = DEFINED (STACK_SIZE)?STACK_SIZE:DEFINED (__stack_size__)?__stack_size__:0x2000

.text           0x00000000     0x25a8
                0x00000000                . = ALIGN (0x4)
                0x00000000                _sfixed = .
 *(.vectors .vectors.*)
 .vectors       0x00000000       0xb4 src/ASF/sam0/utils/cmsis/samr21/source/gcc/startup_samr21.o
                0x00000000                exception_table
 *(.text .text.* .gnu.linkonce.t.*)
 .text          0x000000b4       0x60 c:/program files (x86)/atmel/studio/7.0/toolchain/arm/arm-gnu-toolchain/bin/../lib/gcc/arm-none-eabi/4.9.3/armv6-m/crtbegin.o
 .text._sercom_default_handler
                0x00000114        0x4 src/ASF/sam0/drivers/sercom/sercom_interrupt.o
 .text._sercom_set_handler
                0x00000118       0x3c src/ASF/sam0/drivers/sercom/sercom_interrupt.o
                0x00000118                _sercom_set_handler
 .text._sercom_get_interrupt_vector
                0x00000154       0x2c src/ASF/sam0/drivers/sercom/sercom_interrupt.o
                0x00000154                _sercom_get_interrupt_vector
 .text.SERCOM0_Handler
                0x00000180       0x10 src/ASF/sam0/drivers/sercom/sercom_interrupt.o
                0x00000180                SERCOM0_Handler
 .text.SERCOM1_Handler
                0x00000190       0x10 src/ASF/sam0/drivers/sercom/sercom_interrupt.o
                0x00000190                SERCOM1_Handler
 .text.SERCOM2_Handler
                0x000001a0       0x10 src/ASF/sam0/drivers/sercom/sercom_interrupt.o
                0x000001a0                SERCOM2_Handler
 .text.SERCOM3_Handler
                0x000001b0       0x10 src/ASF/sam0/drivers/sercom/sercom_interrupt.o
                0x000001b0                SERCOM3_Handler
 .text.SERCOM4_Handler
                0x000001c0       0x10 src/ASF/sam0/drivers/sercom/sercom_interrupt.o
                0x000001c0                SERCOM4_Handler
 .text.SERCOM5_Handler
                0x000001d0       0x10 src/ASF/sam0/drivers/sercom/sercom_interrupt.o
                0x000001d0                SERCOM5_Handler
 .text._read    0x000001e0       0x44 src/ASF/sam0/utils/stdio/read.o
                0x000001e0                _read
 .text._write   0x00000224       0x50 src/ASF/sam0/utils/stdio/write.o
                0x00000224                _write
 .text.isrInternalClok
                0x00000274       0x60 src/internalClock/internalClock.o
                0x00000274                isrInternalClok
 .text.RTC_Handler
                0x000002d4       0x24 src/internalClock/internalClock.o
                0x000002d4                RTC_Handler
 .text.configureInternalClock
                0x000002f8       0x94 src/internalClock/internalClock.o
                0x000002f8                configureInternalClock
 .text.usart_init
                0x0000038c      0x338 src/ASF/sam0/drivers/sercom/usart/usart.o
                0x0000038c                usart_init
 .text.usart_write_wait
                0x000006c4       0x2c src/ASF/sam0/drivers/sercom/usart/usart.o
                0x000006c4                usart_write_wait
 .text.usart_read_wait
                0x000006f0       0x70 src/ASF/sam0/drivers/sercom/usart/usart.o
                0x000006f0                usart_read_wait
 .text._usart_read_buffer
                0x00000760       0x50 src/ASF/sam0/drivers/sercom/usart/usart_interrupt.o
                0x00000760                _usart_read_buffer
 .text.usart_register_callback
                0x000007b0       0x18 src/ASF/sam0/drivers/sercom/usart/usart_interrupt.o
                0x000007b0                usart_register_callback
 .text.usart_read_job
                0x000007c8       0x10 src/ASF/sam0/drivers/sercom/usart/usart_interrupt.o
                0x000007c8                usart_read_job
 .text._usart_interrupt_handler
                0x000007d8      0x18c src/ASF/sam0/drivers/sercom/usart/usart_interrupt.o
                0x000007d8                _usart_interrupt_handler
 .text.ISRNetworkTransmission
                0x00000964        0x4 src/network/network.o
                0x00000964                ISRNetworkTransmission
 .text.ISRNetworkReception
                0x00000968       0x3c src/network/network.o
                0x00000968                ISRNetworkReception
 .text.networkAvailable
                0x000009a4       0x20 src/network/network.o
                0x000009a4                networkAvailable
 .text.networkRead
                0x000009c4       0x30 src/network/network.o
                0x000009c4                networkRead
 .text.configurationNetwork
                0x000009f4      0x110 src/network/network.o
                0x000009f4                configurationNetwork
 .text.usart_serial_getchar
                0x00000b04       0x2c src/uart/hmi.o
 .text.usart_serial_putchar
                0x00000b30       0x18 src/uart/hmi.o
 .text.configureHMI
                0x00000b48       0xf4 src/uart/hmi.o
                0x00000b48                configureHMI
 .text.cpu_irq_enter_critical
                0x00000c3c       0x40 src/ASF/common/utils/interrupt/interrupt_sam_nvic.o
                0x00000c3c                cpu_irq_enter_critical
 .text.cpu_irq_leave_critical
                0x00000c7c       0x30 src/ASF/common/utils/interrupt/interrupt_sam_nvic.o
                0x00000c7c                cpu_irq_leave_critical
 .text.system_board_init
                0x00000cac       0x38 src/ASF/sam0/boards/samr21_xplained_pro/board_init.o
                0x00000cac                board_init
                0x00000cac                system_board_init
 .text.port_pin_set_config
                0x00000ce4       0x24 src/ASF/sam0/drivers/port/port.o
                0x00000ce4                port_pin_set_config
 .text._sercom_get_sync_baud_val
                0x00000d08       0x28 src/ASF/sam0/drivers/sercom/sercom.o
                0x00000d08                _sercom_get_sync_baud_val
 .text._sercom_get_async_baud_val
                0x00000d30      0x1c8 src/ASF/sam0/drivers/sercom/sercom.o
                0x00000d30                _sercom_get_async_baud_val
 .text.sercom_set_gclk_generator
                0x00000ef8       0x4c src/ASF/sam0/drivers/sercom/sercom.o
                0x00000ef8                sercom_set_gclk_generator
 .text._sercom_get_default_pad
                0x00000f44      0x188 src/ASF/sam0/drivers/sercom/sercom.o
                0x00000f44                _sercom_get_default_pad
 .text._sercom_get_sercom_inst_index
                0x000010cc       0x3c src/ASF/sam0/drivers/sercom/sercom.o
                0x000010cc                _sercom_get_sercom_inst_index
 .text.system_clock_source_get_hz
                0x00001108       0x90 src/ASF/sam0/drivers/system/clock/clock_samd21_r21_da/clock.o
                0x00001108                system_clock_source_get_hz
 .text.system_clock_source_osc8m_set_config
                0x00001198       0x3c src/ASF/sam0/drivers/system/clock/clock_samd21_r21_da/clock.o
                0x00001198                system_clock_source_osc8m_set_config
 .text.system_clock_source_enable
                0x000011d4       0xa8 src/ASF/sam0/drivers/system/clock/clock_samd21_r21_da/clock.o
                0x000011d4                system_clock_source_enable
 .text.system_clock_init
                0x0000127c       0x98 src/ASF/sam0/drivers/system/clock/clock_samd21_r21_da/clock.o
                0x0000127c                system_clock_init
 .text.system_gclk_init
                0x00001314       0x24 src/ASF/sam0/drivers/system/clock/clock_samd21_r21_da/gclk.o
                0x00001314                system_gclk_init
 .text.system_gclk_gen_set_config
                0x00001338       0xb8 src/ASF/sam0/drivers/system/clock/clock_samd21_r21_da/gclk.o
                0x00001338                system_gclk_gen_set_config
 .text.system_gclk_gen_enable
                0x000013f0       0x44 src/ASF/sam0/drivers/system/clock/clock_samd21_r21_da/gclk.o
                0x000013f0                system_gclk_gen_enable
 .text.system_gclk_gen_get_hz
                0x00001434       0x8c src/ASF/sam0/drivers/system/clock/clock_samd21_r21_da/gclk.o
                0x00001434                system_gclk_gen_get_hz
 .text.system_gclk_chan_enable
                0x000014c0       0x30 src/ASF/sam0/drivers/system/clock/clock_samd21_r21_da/gclk.o
                0x000014c0                system_gclk_chan_enable
 .text.system_gclk_chan_disable
                0x000014f0       0x5c src/ASF/sam0/drivers/system/clock/clock_samd21_r21_da/gclk.o
                0x000014f0                system_gclk_chan_disable
 .text.system_gclk_chan_set_config
                0x0000154c       0x1c src/ASF/sam0/drivers/system/clock/clock_samd21_r21_da/gclk.o
                0x0000154c                system_gclk_chan_set_config
 .text.system_gclk_chan_get_hz
                0x00001568       0x34 src/ASF/sam0/drivers/system/clock/clock_samd21_r21_da/gclk.o
                0x00001568                system_gclk_chan_get_hz
 .text._system_pinmux_config
                0x0000159c       0xa8 src/ASF/sam0/drivers/system/pinmux/pinmux.o
 .text.system_pinmux_pin_set_config
                0x00001644       0x30 src/ASF/sam0/drivers/system/pinmux/pinmux.o
                0x00001644                system_pinmux_pin_set_config
 .text._system_dummy_init
                0x00001674        0x4 src/ASF/sam0/drivers/system/system.o
                0x00001674                _system_extint_init
                0x00001674                _system_events_init
                0x00001674                _system_dummy_init
                0x00001674                _system_divas_init
 .text.system_init
                0x00001678       0x2c src/ASF/sam0/drivers/system/system.o
                0x00001678                system_init
 .text.Dummy_Handler
                0x000016a4        0x4 src/ASF/sam0/utils/cmsis/samr21/source/gcc/startup_samr21.o
                0x000016a4                DMAC_Handler
                0x000016a4                HardFault_Handler
                0x000016a4                AC_Handler
                0x000016a4                SysTick_Handler
                0x000016a4                PendSV_Handler
                0x000016a4                NMI_Handler
                0x000016a4                ADC_Handler
                0x000016a4                TCC1_Handler
                0x000016a4                TCC0_Handler
                0x000016a4                EIC_Handler
                0x000016a4                WDT_Handler
                0x000016a4                TC4_Handler
                0x000016a4                USB_Handler
                0x000016a4                TC3_Handler
                0x000016a4                Dummy_Handler
                0x000016a4                PM_Handler
                0x000016a4                SVC_Handler
                0x000016a4                TCC2_Handler
                0x000016a4                EVSYS_Handler
                0x000016a4                NVMCTRL_Handler
                0x000016a4                PTC_Handler
                0x000016a4                TC5_Handler
                0x000016a4                SYSCTRL_Handler
 .text.Reset_Handler
                0x000016a8       0xf8 src/ASF/sam0/utils/cmsis/samr21/source/gcc/startup_samr21.o
                0x000016a8                Reset_Handler
 .text._sbrk    0x000017a0       0x24 src/ASF/sam0/utils/syscalls/gcc/syscalls.o
                0x000017a0                _sbrk
 .text._close   0x000017c4        0x8 src/ASF/sam0/utils/syscalls/gcc/syscalls.o
                0x000017c4                _close
 .text._fstat   0x000017cc        0xc src/ASF/sam0/utils/syscalls/gcc/syscalls.o
                0x000017cc                _fstat
 .text._isatty  0x000017d8        0x4 src/ASF/sam0/utils/syscalls/gcc/syscalls.o
                0x000017d8                _isatty
 .text._lseek   0x000017dc        0x4 src/ASF/sam0/utils/syscalls/gcc/syscalls.o
                0x000017dc                _lseek
 .text.calculCRC
                0x000017e0       0x18 src/qs_spi_slave_basic.o
                0x000017e0                calculCRC
 .text.main     0x000017f8       0xcc src/qs_spi_slave_basic.o
                0x000017f8                main
 .text          0x000018c4      0x120 c:/program files (x86)/atmel/studio/7.0/toolchain/arm/arm-gnu-toolchain/bin/../lib/gcc/arm-none-eabi/4.9.3/armv6-m\libgcc.a(_udivsi3.o)
                0x000018c4                __aeabi_uidiv
                0x000018c4                __udivsi3
                0x000019d0                __aeabi_uidivmod
 .text          0x000019e4        0x4 c:/program files (x86)/atmel/studio/7.0/toolchain/arm/arm-gnu-toolchain/bin/../lib/gcc/arm-none-eabi/4.9.3/armv6-m\libgcc.a(_dvmd_tls.o)
                0x000019e4                __aeabi_idiv0
                0x000019e4                __aeabi_ldiv0
 .text          0x000019e8       0x54 c:/program files (x86)/atmel/studio/7.0/toolchain/arm/arm-gnu-toolchain/bin/../lib/gcc/arm-none-eabi/4.9.3/armv6-m\libgcc.a(_muldi3.o)
                0x000019e8                __muldi3
                0x000019e8                __aeabi_lmul
 .text.__libc_init_array
                0x00001a3c       0x4c c:/program files (x86)/atmel/studio/7.0/toolchain/arm/arm-gnu-toolchain/bin/../lib/gcc/arm-none-eabi/4.9.3/../../../../arm-none-eabi/lib/armv6-m\libc_nano.a(lib_a-init.o)
                0x00001a3c                __libc_init_array
 .text.memcpy   0x00001a88       0x12 c:/program files (x86)/atmel/studio/7.0/toolchain/arm/arm-gnu-toolchain/bin/../lib/gcc/arm-none-eabi/4.9.3/../../../../arm-none-eabi/lib/armv6-m\libc_nano.a(lib_a-memcpy.o)
                0x00001a88                memcpy
 .text.memset   0x00001a9a       0x10 c:/program files (x86)/atmel/studio/7.0/toolchain/arm/arm-gnu-toolchain/bin/../lib/gcc/arm-none-eabi/4.9.3/../../../../arm-none-eabi/lib/armv6-m\libc_nano.a(lib_a-memset.o)
                0x00001a9a                memset
 *fill*         0x00001aaa        0x2 
 .text.putchar  0x00001aac       0x28 c:/program files (x86)/atmel/studio/7.0/toolchain/arm/arm-gnu-toolchain/bin/../lib/gcc/arm-none-eabi/4.9.3/../../../../arm-none-eabi/lib/armv6-m\libc_nano.a(lib_a-putchar.o)
                0x00001aac                putchar
 .text.setbuf   0x00001ad4       0x12 c:/program files (x86)/atmel/studio/7.0/toolchain/arm/arm-gnu-toolchain/bin/../lib/gcc/arm-none-eabi/4.9.3/../../../../arm-none-eabi/lib/armv6-m\libc_nano.a(lib_a-setbuf.o)
                0x00001ad4                setbuf
 *fill*         0x00001ae6        0x2 
 .text.setvbuf  0x00001ae8      0x10c c:/program files (x86)/atmel/studio/7.0/toolchain/arm/arm-gnu-toolchain/bin/../lib/gcc/arm-none-eabi/4.9.3/../../../../arm-none-eabi/lib/armv6-m\libc_nano.a(lib_a-setvbuf.o)
                0x00001ae8                setvbuf
 .text.__swbuf_r
                0x00001bf4       0xb0 c:/program files (x86)/atmel/studio/7.0/toolchain/arm/arm-gnu-toolchain/bin/../lib/gcc/arm-none-eabi/4.9.3/../../../../arm-none-eabi/lib/armv6-m\libc_nano.a(lib_a-wbuf.o)
                0x00001bf4                __swbuf_r
 .text.__swsetup_r
                0x00001ca4       0xe8 c:/program files (x86)/atmel/studio/7.0/toolchain/arm/arm-gnu-toolchain/bin/../lib/gcc/arm-none-eabi/4.9.3/../../../../arm-none-eabi/lib/armv6-m\libc_nano.a(lib_a-wsetup.o)
                0x00001ca4                __swsetup_r
 .text.__sflush_r
                0x00001d8c      0x112 c:/program files (x86)/atmel/studio/7.0/toolchain/arm/arm-gnu-toolchain/bin/../lib/gcc/arm-none-eabi/4.9.3/../../../../arm-none-eabi/lib/armv6-m\libc_nano.a(lib_a-fflush.o)
                0x00001d8c                __sflush_r
 *fill*         0x00001e9e        0x2 
 .text._fflush_r
                0x00001ea0       0x58 c:/program files (x86)/atmel/studio/7.0/toolchain/arm/arm-gnu-toolchain/bin/../lib/gcc/arm-none-eabi/4.9.3/../../../../arm-none-eabi/lib/armv6-m\libc_nano.a(lib_a-fflush.o)
                0x00001ea0                _fflush_r
 .text._cleanup_r
                0x00001ef8       0x10 c:/program files (x86)/atmel/studio/7.0/toolchain/arm/arm-gnu-toolchain/bin/../lib/gcc/arm-none-eabi/4.9.3/../../../../arm-none-eabi/lib/armv6-m\libc_nano.a(lib_a-findfp.o)
                0x00001ef8                _cleanup_r
 .text.std.isra.0
                0x00001f08       0x48 c:/program files (x86)/atmel/studio/7.0/toolchain/arm/arm-gnu-toolchain/bin/../lib/gcc/arm-none-eabi/4.9.3/../../../../arm-none-eabi/lib/armv6-m\libc_nano.a(lib_a-findfp.o)
 .text.__sfmoreglue
                0x00001f50       0x2c c:/program files (x86)/atmel/studio/7.0/toolchain/arm/arm-gnu-toolchain/bin/../lib/gcc/arm-none-eabi/4.9.3/../../../../arm-none-eabi/lib/armv6-m\libc_nano.a(lib_a-findfp.o)
                0x00001f50                __sfmoreglue
 .text.__sinit  0x00001f7c       0x64 c:/program files (x86)/atmel/studio/7.0/toolchain/arm/arm-gnu-toolchain/bin/../lib/gcc/arm-none-eabi/4.9.3/../../../../arm-none-eabi/lib/armv6-m\libc_nano.a(lib_a-findfp.o)
                0x00001f7c                __sinit
 .text.__sfp    0x00001fe0       0x7c c:/program files (x86)/atmel/studio/7.0/toolchain/arm/arm-gnu-toolchain/bin/../lib/gcc/arm-none-eabi/4.9.3/../../../../arm-none-eabi/lib/armv6-m\libc_nano.a(lib_a-findfp.o)
                0x00001fe0                __sfp
 .text._fwalk_reent
                0x0000205c       0x42 c:/program files (x86)/atmel/studio/7.0/toolchain/arm/arm-gnu-toolchain/bin/../lib/gcc/arm-none-eabi/4.9.3/../../../../arm-none-eabi/lib/armv6-m\libc_nano.a(lib_a-fwalk.o)
                0x0000205c                _fwalk_reent
 *fill*         0x0000209e        0x2 
 .text.__smakebuf_r
                0x000020a0       0xb0 c:/program files (x86)/atmel/studio/7.0/toolchain/arm/arm-gnu-toolchain/bin/../lib/gcc/arm-none-eabi/4.9.3/../../../../arm-none-eabi/lib/armv6-m\libc_nano.a(lib_a-makebuf.o)
                0x000020a0                __smakebuf_r
 .text.malloc   0x00002150       0x14 c:/program files (x86)/atmel/studio/7.0/toolchain/arm/arm-gnu-toolchain/bin/../lib/gcc/arm-none-eabi/4.9.3/../../../../arm-none-eabi/lib/armv6-m\libc_nano.a(lib_a-malloc.o)
                0x00002150                malloc
 .text._free_r  0x00002164       0x8c c:/program files (x86)/atmel/studio/7.0/toolchain/arm/arm-gnu-toolchain/bin/../lib/gcc/arm-none-eabi/4.9.3/../../../../arm-none-eabi/lib/armv6-m\libc_nano.a(lib_a-nano-freer.o)
                0x00002164                _free_r
 .text._malloc_r
                0x000021f0       0xb0 c:/program files (x86)/atmel/studio/7.0/toolchain/arm/arm-gnu-toolchain/bin/../lib/gcc/arm-none-eabi/4.9.3/../../../../arm-none-eabi/lib/armv6-m\libc_nano.a(lib_a-nano-mallocr.o)
                0x000021f0                _malloc_r
 .text._putc_r  0x000022a0       0x78 c:/program files (x86)/atmel/studio/7.0/toolchain/arm/arm-gnu-toolchain/bin/../lib/gcc/arm-none-eabi/4.9.3/../../../../arm-none-eabi/lib/armv6-m\libc_nano.a(lib_a-putc.o)
                0x000022a0                _putc_r
 .text._sbrk_r  0x00002318       0x24 c:/program files (x86)/atmel/studio/7.0/toolchain/arm/arm-gnu-toolchain/bin/../lib/gcc/arm-none-eabi/4.9.3/../../../../arm-none-eabi/lib/armv6-m\libc_nano.a(lib_a-sbrkr.o)
                0x00002318                _sbrk_r
 .text.__sread  0x0000233c       0x28 c:/program files (x86)/atmel/studio/7.0/toolchain/arm/arm-gnu-toolchain/bin/../lib/gcc/arm-none-eabi/4.9.3/../../../../arm-none-eabi/lib/armv6-m\libc_nano.a(lib_a-stdio.o)
                0x0000233c                __sread
 .text.__swrite
                0x00002364       0x38 c:/program files (x86)/atmel/studio/7.0/toolchain/arm/arm-gnu-toolchain/bin/../lib/gcc/arm-none-eabi/4.9.3/../../../../arm-none-eabi/lib/armv6-m\libc_nano.a(lib_a-stdio.o)
                0x00002364                __swrite
 .text.__sseek  0x0000239c       0x2c c:/program files (x86)/atmel/studio/7.0/toolchain/arm/arm-gnu-toolchain/bin/../lib/gcc/arm-none-eabi/4.9.3/../../../../arm-none-eabi/lib/armv6-m\libc_nano.a(lib_a-stdio.o)
                0x0000239c                __sseek
 .text.__sclose
                0x000023c8        0xc c:/program files (x86)/atmel/studio/7.0/toolchain/arm/arm-gnu-toolchain/bin/../lib/gcc/arm-none-eabi/4.9.3/../../../../arm-none-eabi/lib/armv6-m\libc_nano.a(lib_a-stdio.o)
                0x000023c8                __sclose
 .text._write_r
                0x000023d4       0x28 c:/program files (x86)/atmel/studio/7.0/toolchain/arm/arm-gnu-toolchain/bin/../lib/gcc/arm-none-eabi/4.9.3/../../../../arm-none-eabi/lib/armv6-m\libc_nano.a(lib_a-writer.o)
                0x000023d4                _write_r
 .text._close_r
                0x000023fc       0x24 c:/program files (x86)/atmel/studio/7.0/toolchain/arm/arm-gnu-toolchain/bin/../lib/gcc/arm-none-eabi/4.9.3/../../../../arm-none-eabi/lib/armv6-m\libc_nano.a(lib_a-closer.o)
                0x000023fc                _close_r
 .text._fstat_r
                0x00002420       0x24 c:/program files (x86)/atmel/studio/7.0/toolchain/arm/arm-gnu-toolchain/bin/../lib/gcc/arm-none-eabi/4.9.3/../../../../arm-none-eabi/lib/armv6-m\libc_nano.a(lib_a-fstatr.o)
                0x00002420                _fstat_r
 .text._isatty_r
                0x00002444       0x24 c:/program files (x86)/atmel/studio/7.0/toolchain/arm/arm-gnu-toolchain/bin/../lib/gcc/arm-none-eabi/4.9.3/../../../../arm-none-eabi/lib/armv6-m\libc_nano.a(lib_a-isattyr.o)
                0x00002444                _isatty_r
 .text._lseek_r
                0x00002468       0x28 c:/program files (x86)/atmel/studio/7.0/toolchain/arm/arm-gnu-toolchain/bin/../lib/gcc/arm-none-eabi/4.9.3/../../../../arm-none-eabi/lib/armv6-m\libc_nano.a(lib_a-lseekr.o)
                0x00002468                _lseek_r
 .text._read_r  0x00002490       0x28 c:/program files (x86)/atmel/studio/7.0/toolchain/arm/arm-gnu-toolchain/bin/../lib/gcc/arm-none-eabi/4.9.3/../../../../arm-none-eabi/lib/armv6-m\libc_nano.a(lib_a-readr.o)
                0x00002490                _read_r
 *(.glue_7t)
 .glue_7t       0x00000000        0x0 linker stubs
 *(.glue_7)
 .glue_7        0x00000000        0x0 linker stubs
 *(.rodata .rodata* .gnu.linkonce.r.*)
 .rodata        0x000024b8        0x6 src/ASF/sam0/drivers/sercom/sercom_interrupt.o
 *fill*         0x000024be        0x2 
 .rodata        0x000024c0       0x18 src/ASF/sam0/drivers/sercom/sercom.o
 .rodata.system_clock_source_get_hz
                0x000024d8       0x24 src/ASF/sam0/drivers/system/clock/clock_samd21_r21_da/clock.o
 .rodata.system_clock_source_enable
                0x000024fc       0x24 src/ASF/sam0/drivers/system/clock/clock_samd21_r21_da/clock.o
 .rodata.str1.1
                0x00002520        0x2 c:/program files (x86)/atmel/studio/7.0/toolchain/arm/arm-gnu-toolchain/bin/../lib/gcc/arm-none-eabi/4.9.3/../../../../arm-none-eabi/lib/armv6-m\libc_nano.a(lib_a-impure.o)
 *fill*         0x00002522        0x2 
 .rodata._global_impure_ptr
                0x00002524        0x4 c:/program files (x86)/atmel/studio/7.0/toolchain/arm/arm-gnu-toolchain/bin/../lib/gcc/arm-none-eabi/4.9.3/../../../../arm-none-eabi/lib/armv6-m\libc_nano.a(lib_a-impure.o)
                0x00002524                _global_impure_ptr
 .rodata.__sf_fake_stdin
                0x00002528       0x20 c:/program files (x86)/atmel/studio/7.0/toolchain/arm/arm-gnu-toolchain/bin/../lib/gcc/arm-none-eabi/4.9.3/../../../../arm-none-eabi/lib/armv6-m\libc_nano.a(lib_a-findfp.o)
                0x00002528                __sf_fake_stdin
 .rodata.__sf_fake_stdout
                0x00002548       0x20 c:/program files (x86)/atmel/studio/7.0/toolchain/arm/arm-gnu-toolchain/bin/../lib/gcc/arm-none-eabi/4.9.3/../../../../arm-none-eabi/lib/armv6-m\libc_nano.a(lib_a-findfp.o)
                0x00002548                __sf_fake_stdout
 .rodata.__sf_fake_stderr
                0x00002568       0x20 c:/program files (x86)/atmel/studio/7.0/toolchain/arm/arm-gnu-toolchain/bin/../lib/gcc/arm-none-eabi/4.9.3/../../../../arm-none-eabi/lib/armv6-m\libc_nano.a(lib_a-findfp.o)
                0x00002568                __sf_fake_stderr
 *(.ARM.extab* .gnu.linkonce.armextab.*)
                0x00002588                . = ALIGN (0x4)
 *(.init)
 .init          0x00002588        0x4 c:/program files (x86)/atmel/studio/7.0/toolchain/arm/arm-gnu-toolchain/bin/../lib/gcc/arm-none-eabi/4.9.3/armv6-m/crti.o
                0x00002588                _init
 .init          0x0000258c        0x8 c:/program files (x86)/atmel/studio/7.0/toolchain/arm/arm-gnu-toolchain/bin/../lib/gcc/arm-none-eabi/4.9.3/armv6-m/crtn.o
                0x00002594                . = ALIGN (0x4)
                0x00002594                __preinit_array_start = .
 *(.preinit_array)
                0x00002594                __preinit_array_end = .
                0x00002594                . = ALIGN (0x4)
                0x00002594                __init_array_start = .
 *(SORT(.init_array.*))
 *(.init_array)
 .init_array    0x00002594        0x4 c:/program files (x86)/atmel/studio/7.0/toolchain/arm/arm-gnu-toolchain/bin/../lib/gcc/arm-none-eabi/4.9.3/armv6-m/crtbegin.o
                0x00002598                __init_array_end = .
                0x00002598                . = ALIGN (0x4)
 *crtbegin.o(.ctors)
 *(EXCLUDE_FILE(*crtend.o) .ctors)
 *(SORT(.ctors.*))
 *crtend.o(.ctors)
                0x00002598                . = ALIGN (0x4)
 *(.fini)
 .fini          0x00002598        0x4 c:/program files (x86)/atmel/studio/7.0/toolchain/arm/arm-gnu-toolchain/bin/../lib/gcc/arm-none-eabi/4.9.3/armv6-m/crti.o
                0x00002598                _fini
 .fini          0x0000259c        0x8 c:/program files (x86)/atmel/studio/7.0/toolchain/arm/arm-gnu-toolchain/bin/../lib/gcc/arm-none-eabi/4.9.3/armv6-m/crtn.o
                0x000025a4                . = ALIGN (0x4)
                0x000025a4                __fini_array_start = .
 *(.fini_array)
 .fini_array    0x000025a4        0x4 c:/program files (x86)/atmel/studio/7.0/toolchain/arm/arm-gnu-toolchain/bin/../lib/gcc/arm-none-eabi/4.9.3/armv6-m/crtbegin.o
 *(SORT(.fini_array.*))
                0x000025a8                __fini_array_end = .
 *crtbegin.o(.dtors)
 *(EXCLUDE_FILE(*crtend.o) .dtors)
 *(SORT(.dtors.*))
 *crtend.o(.dtors)
                0x000025a8                . = ALIGN (0x4)
                0x000025a8                _efixed = .
                0x000025a8                PROVIDE (__exidx_start, .)

.vfp11_veneer   0x000025a8        0x0
 .vfp11_veneer  0x00000000        0x0 linker stubs

.v4_bx          0x000025a8        0x0
 .v4_bx         0x00000000        0x0 linker stubs

.iplt           0x000025a8        0x0
 .iplt          0x00000000        0x0 c:/program files (x86)/atmel/studio/7.0/toolchain/arm/arm-gnu-toolchain/bin/../lib/gcc/arm-none-eabi/4.9.3/armv6-m/crtbegin.o

.eh_frame       0x000025a8        0x0
 .eh_frame      0x000025a8        0x0 c:/program files (x86)/atmel/studio/7.0/toolchain/arm/arm-gnu-toolchain/bin/../lib/gcc/arm-none-eabi/4.9.3/armv6-m/crtbegin.o

.rel.dyn        0x000025a8        0x0
 .rel.iplt      0x00000000        0x0 c:/program files (x86)/atmel/studio/7.0/toolchain/arm/arm-gnu-toolchain/bin/../lib/gcc/arm-none-eabi/4.9.3/armv6-m/crtbegin.o

.jcr            0x000025a8        0x0
 .jcr           0x000025a8        0x0 c:/program files (x86)/atmel/studio/7.0/toolchain/arm/arm-gnu-toolchain/bin/../lib/gcc/arm-none-eabi/4.9.3/armv6-m/crtbegin.o

.igot.plt       0x000025a8        0x0
 .igot.plt      0x00000000        0x0 c:/program files (x86)/atmel/studio/7.0/toolchain/arm/arm-gnu-toolchain/bin/../lib/gcc/arm-none-eabi/4.9.3/armv6-m/crtbegin.o

.ARM.exidx
 *(.ARM.exidx* .gnu.linkonce.armexidx.*)
                0x000025a8                PROVIDE (__exidx_end, .)
                0x000025a8                . = ALIGN (0x4)
                0x000025a8                _etext = .

.relocate       0x20000000       0x68 load address 0x000025a8
                0x20000000                . = ALIGN (0x4)
                0x20000000                _srelocate = .
 *(.ramfunc .ramfunc.*)
 *(.data .data.*)
 .data.g_interrupt_enabled
                0x20000000        0x1 src/ASF/common/utils/interrupt/interrupt_sam_nvic.o
                0x20000000                g_interrupt_enabled
 *fill*         0x20000001        0x3 
 .data.impure_data
                0x20000004       0x60 c:/program files (x86)/atmel/studio/7.0/toolchain/arm/arm-gnu-toolchain/bin/../lib/gcc/arm-none-eabi/4.9.3/../../../../arm-none-eabi/lib/armv6-m\libc_nano.a(lib_a-impure.o)
 .data._impure_ptr
                0x20000064        0x4 c:/program files (x86)/atmel/studio/7.0/toolchain/arm/arm-gnu-toolchain/bin/../lib/gcc/arm-none-eabi/4.9.3/../../../../arm-none-eabi/lib/armv6-m\libc_nano.a(lib_a-impure.o)
                0x20000064                _impure_ptr
                0x20000068                . = ALIGN (0x4)
                0x20000068                _erelocate = .

.bss            0x20000068      0xccc load address 0x00002610
                0x20000068                . = ALIGN (0x4)
                0x20000068                _sbss = .
                0x20000068                _szero = .
 *(.bss .bss.*)
 .bss           0x20000068       0x1c c:/program files (x86)/atmel/studio/7.0/toolchain/arm/arm-gnu-toolchain/bin/../lib/gcc/arm-none-eabi/4.9.3/armv6-m/crtbegin.o
 .bss._handler_table_initialized
                0x20000084        0x1 src/ASF/sam0/drivers/sercom/sercom_interrupt.o
 *fill*         0x20000085        0x3 
 .bss._sercom_interrupt_handlers
                0x20000088       0x18 src/ASF/sam0/drivers/sercom/sercom_interrupt.o
 .bss.ledCount  0x200000a0        0x2 src/internalClock/internalClock.o
                0x200000a0                ledCount
 *fill*         0x200000a2        0x2 
 .bss.hmiUart   0x200000a4       0x34 src/uart/hmi.o
 .bss.cpu_irq_critical_section_counter
                0x200000d8        0x4 src/ASF/common/utils/interrupt/interrupt_sam_nvic.o
 .bss.cpu_irq_prev_interrupt_state
                0x200000dc        0x1 src/ASF/common/utils/interrupt/interrupt_sam_nvic.o
 *fill*         0x200000dd        0x3 
 .bss._sercom_config
                0x200000e0        0x2 src/ASF/sam0/drivers/sercom/sercom.o
 *fill*         0x200000e2        0x2 
 .bss._system_clock_inst
                0x200000e4       0x18 src/ASF/sam0/drivers/system/clock/clock_samd21_r21_da/clock.o
 .bss.heap.5211
                0x200000fc        0x4 src/ASF/sam0/utils/syscalls/gcc/syscalls.o
 .bss.__malloc_sbrk_start
                0x20000100        0x4 c:/program files (x86)/atmel/studio/7.0/toolchain/arm/arm-gnu-toolchain/bin/../lib/gcc/arm-none-eabi/4.9.3/../../../../arm-none-eabi/lib/armv6-m\libc_nano.a(lib_a-nano-mallocr.o)
                0x20000100                __malloc_sbrk_start
 .bss.__malloc_free_list
                0x20000104        0x4 c:/program files (x86)/atmel/studio/7.0/toolchain/arm/arm-gnu-toolchain/bin/../lib/gcc/arm-none-eabi/4.9.3/../../../../arm-none-eabi/lib/armv6-m\libc_nano.a(lib_a-nano-mallocr.o)
                0x20000104                __malloc_free_list
 *(COMMON)
 COMMON         0x20000108       0x18 src/ASF/sam0/drivers/sercom/sercom_interrupt.o
                0x20000108                _sercom_instances
 COMMON         0x20000120        0x4 src/ASF/sam0/utils/stdio/read.o
                0x20000120                ptr_get
 COMMON         0x20000124        0x8 src/ASF/sam0/utils/stdio/write.o
                0x20000124                ptr_put
                0x20000128                stdio_base
 COMMON         0x2000012c        0x3 src/internalClock/internalClock.o
                0x2000012c                timeOut
                0x2000012e                stateLed
 *fill*         0x2000012f        0x1 
 COMMON         0x20000130      0xbf2 src/network/network.o
                0x20000130                usart_instance
                0x20000164                rx
                0x20000168                buffer
 *fill*         0x20000d22        0x2 
 COMMON         0x20000d24        0xc src/qs_spi_slave_basic.o
                0x20000d24                spi_slave_instance
 COMMON         0x20000d30        0x4 c:/program files (x86)/atmel/studio/7.0/toolchain/arm/arm-gnu-toolchain/bin/../lib/gcc/arm-none-eabi/4.9.3/../../../../arm-none-eabi/lib/armv6-m\libc_nano.a(lib_a-reent.o)
                0x20000d30                errno
                0x20000d34                . = ALIGN (0x4)
                0x20000d34                _ebss = .
                0x20000d34                _ezero = .

.stack          0x20000d34     0x2004 load address 0x000032dc
                0x20000d38                . = ALIGN (0x8)
 *fill*         0x20000d34        0x4 
                0x20000d38                _sstack = .
                0x20002d38                . = (. + STACK_SIZE)
 *fill*         0x20000d38     0x2000 
                0x20002d38                . = ALIGN (0x8)
                0x20002d38                _estack = .
                0x20002d38                . = ALIGN (0x4)
                0x20002d38                _end = .
OUTPUT(SPI_QUICK_START_SLAVE1.elf elf32-littlearm)

.ARM.attributes
                0x00000000       0x28
 .ARM.attributes
                0x00000000       0x1e c:/program files (x86)/atmel/studio/7.0/toolchain/arm/arm-gnu-toolchain/bin/../lib/gcc/arm-none-eabi/4.9.3/armv6-m/crti.o
 .ARM.attributes
                0x0000001e       0x2c c:/program files (x86)/atmel/studio/7.0/toolchain/arm/arm-gnu-toolchain/bin/../lib/gcc/arm-none-eabi/4.9.3/armv6-m/crtbegin.o
 .ARM.attributes
                0x0000004a       0x32 src/ASF/sam0/drivers/sercom/sercom_interrupt.o
 .ARM.attributes
                0x0000007c       0x32 src/ASF/sam0/utils/stdio/read.o
 .ARM.attributes
                0x000000ae       0x32 src/ASF/sam0/utils/stdio/write.o
 .ARM.attributes
                0x000000e0       0x32 src/internalClock/internalClock.o
 .ARM.attributes
                0x00000112       0x32 src/ASF/sam0/drivers/sercom/usart/usart.o
 .ARM.attributes
                0x00000144       0x32 src/ASF/sam0/drivers/sercom/usart/usart_interrupt.o
 .ARM.attributes
                0x00000176       0x32 src/network/network.o
 .ARM.attributes
                0x000001a8       0x32 src/uart/hmi.o
 .ARM.attributes
                0x000001da       0x32 src/ASF/common/utils/interrupt/interrupt_sam_nvic.o
 .ARM.attributes
                0x0000020c       0x32 src/ASF/sam0/boards/samr21_xplained_pro/board_init.o
 .ARM.attributes
                0x0000023e       0x32 src/ASF/sam0/drivers/port/port.o
 .ARM.attributes
                0x00000270       0x32 src/ASF/sam0/drivers/sercom/sercom.o
 .ARM.attributes
                0x000002a2       0x32 src/ASF/sam0/drivers/system/clock/clock_samd21_r21_da/clock.o
 .ARM.attributes
                0x000002d4       0x32 src/ASF/sam0/drivers/system/clock/clock_samd21_r21_da/gclk.o
 .ARM.attributes
                0x00000306       0x32 src/ASF/sam0/drivers/system/pinmux/pinmux.o
 .ARM.attributes
                0x00000338       0x32 src/ASF/sam0/drivers/system/system.o
 .ARM.attributes
                0x0000036a       0x32 src/ASF/sam0/utils/cmsis/samr21/source/gcc/startup_samr21.o
 .ARM.attributes
                0x0000039c       0x32 src/ASF/sam0/utils/syscalls/gcc/syscalls.o
 .ARM.attributes
                0x000003ce       0x32 src/qs_spi_slave_basic.o
 .ARM.attributes
                0x00000400       0x1e c:/program files (x86)/atmel/studio/7.0/toolchain/arm/arm-gnu-toolchain/bin/../lib/gcc/arm-none-eabi/4.9.3/armv6-m\libgcc.a(_udivsi3.o)
 .ARM.attributes
                0x0000041e       0x1e c:/program files (x86)/atmel/studio/7.0/toolchain/arm/arm-gnu-toolchain/bin/../lib/gcc/arm-none-eabi/4.9.3/armv6-m\libgcc.a(_dvmd_tls.o)
 .ARM.attributes
                0x0000043c       0x2c c:/program files (x86)/atmel/studio/7.0/toolchain/arm/arm-gnu-toolchain/bin/../lib/gcc/arm-none-eabi/4.9.3/armv6-m\libgcc.a(_muldi3.o)
 .ARM.attributes
                0x00000468       0x2c c:/program files (x86)/atmel/studio/7.0/toolchain/arm/arm-gnu-toolchain/bin/../lib/gcc/arm-none-eabi/4.9.3/../../../../arm-none-eabi/lib/armv6-m\libc_nano.a(lib_a-impure.o)
 .ARM.attributes
                0x00000494       0x2c c:/program files (x86)/atmel/studio/7.0/toolchain/arm/arm-gnu-toolchain/bin/../lib/gcc/arm-none-eabi/4.9.3/../../../../arm-none-eabi/lib/armv6-m\libc_nano.a(lib_a-init.o)
 .ARM.attributes
                0x000004c0       0x2c c:/program files (x86)/atmel/studio/7.0/toolchain/arm/arm-gnu-toolchain/bin/../lib/gcc/arm-none-eabi/4.9.3/../../../../arm-none-eabi/lib/armv6-m\libc_nano.a(lib_a-memcpy.o)
 .ARM.attributes
                0x000004ec       0x2c c:/program files (x86)/atmel/studio/7.0/toolchain/arm/arm-gnu-toolchain/bin/../lib/gcc/arm-none-eabi/4.9.3/../../../../arm-none-eabi/lib/armv6-m\libc_nano.a(lib_a-memset.o)
 .ARM.attributes
                0x00000518       0x2c c:/program files (x86)/atmel/studio/7.0/toolchain/arm/arm-gnu-toolchain/bin/../lib/gcc/arm-none-eabi/4.9.3/../../../../arm-none-eabi/lib/armv6-m\libc_nano.a(lib_a-putchar.o)
 .ARM.attributes
                0x00000544       0x2c c:/program files (x86)/atmel/studio/7.0/toolchain/arm/arm-gnu-toolchain/bin/../lib/gcc/arm-none-eabi/4.9.3/../../../../arm-none-eabi/lib/armv6-m\libc_nano.a(lib_a-setbuf.o)
 .ARM.attributes
                0x00000570       0x2c c:/program files (x86)/atmel/studio/7.0/toolchain/arm/arm-gnu-toolchain/bin/../lib/gcc/arm-none-eabi/4.9.3/../../../../arm-none-eabi/lib/armv6-m\libc_nano.a(lib_a-setvbuf.o)
 .ARM.attributes
                0x0000059c       0x2c c:/program files (x86)/atmel/studio/7.0/toolchain/arm/arm-gnu-toolchain/bin/../lib/gcc/arm-none-eabi/4.9.3/../../../../arm-none-eabi/lib/armv6-m\libc_nano.a(lib_a-wbuf.o)
 .ARM.attributes
                0x000005c8       0x2c c:/program files (x86)/atmel/studio/7.0/toolchain/arm/arm-gnu-toolchain/bin/../lib/gcc/arm-none-eabi/4.9.3/../../../../arm-none-eabi/lib/armv6-m\libc_nano.a(lib_a-wsetup.o)
 .ARM.attributes
                0x000005f4       0x2c c:/program files (x86)/atmel/studio/7.0/toolchain/arm/arm-gnu-toolchain/bin/../lib/gcc/arm-none-eabi/4.9.3/../../../../arm-none-eabi/lib/armv6-m\libc_nano.a(lib_a-fflush.o)
 .ARM.attributes
                0x00000620       0x2c c:/program files (x86)/atmel/studio/7.0/toolchain/arm/arm-gnu-toolchain/bin/../lib/gcc/arm-none-eabi/4.9.3/../../../../arm-none-eabi/lib/armv6-m\libc_nano.a(lib_a-findfp.o)
 .ARM.attributes
                0x0000064c       0x2c c:/program files (x86)/atmel/studio/7.0/toolchain/arm/arm-gnu-toolchain/bin/../lib/gcc/arm-none-eabi/4.9.3/../../../../arm-none-eabi/lib/armv6-m\libc_nano.a(lib_a-fwalk.o)
 .ARM.attributes
                0x00000678       0x2c c:/program files (x86)/atmel/studio/7.0/toolchain/arm/arm-gnu-toolchain/bin/../lib/gcc/arm-none-eabi/4.9.3/../../../../arm-none-eabi/lib/armv6-m\libc_nano.a(lib_a-makebuf.o)
 .ARM.attributes
                0x000006a4       0x2c c:/program files (x86)/atmel/studio/7.0/toolchain/arm/arm-gnu-toolchain/bin/../lib/gcc/arm-none-eabi/4.9.3/../../../../arm-none-eabi/lib/armv6-m\libc_nano.a(lib_a-malloc.o)
 .ARM.attributes
                0x000006d0       0x2c c:/program files (x86)/atmel/studio/7.0/toolchain/arm/arm-gnu-toolchain/bin/../lib/gcc/arm-none-eabi/4.9.3/../../../../arm-none-eabi/lib/armv6-m\libc_nano.a(lib_a-nano-freer.o)
 .ARM.attributes
                0x000006fc       0x2c c:/program files (x86)/atmel/studio/7.0/toolchain/arm/arm-gnu-toolchain/bin/../lib/gcc/arm-none-eabi/4.9.3/../../../../arm-none-eabi/lib/armv6-m\libc_nano.a(lib_a-nano-mallocr.o)
 .ARM.attributes
                0x00000728       0x2c c:/program files (x86)/atmel/studio/7.0/toolchain/arm/arm-gnu-toolchain/bin/../lib/gcc/arm-none-eabi/4.9.3/../../../../arm-none-eabi/lib/armv6-m\libc_nano.a(lib_a-putc.o)
 .ARM.attributes
                0x00000754       0x2c c:/program files (x86)/atmel/studio/7.0/toolchain/arm/arm-gnu-toolchain/bin/../lib/gcc/arm-none-eabi/4.9.3/../../../../arm-none-eabi/lib/armv6-m\libc_nano.a(lib_a-sbrkr.o)
 .ARM.attributes
                0x00000780       0x2c c:/program files (x86)/atmel/studio/7.0/toolchain/arm/arm-gnu-toolchain/bin/../lib/gcc/arm-none-eabi/4.9.3/../../../../arm-none-eabi/lib/armv6-m\libc_nano.a(lib_a-stdio.o)
 .ARM.attributes
                0x000007ac       0x2c c:/program files (x86)/atmel/studio/7.0/toolchain/arm/arm-gnu-toolchain/bin/../lib/gcc/arm-none-eabi/4.9.3/../../../../arm-none-eabi/lib/armv6-m\libc_nano.a(lib_a-writer.o)
 .ARM.attributes
                0x000007d8       0x2c c:/program files (x86)/atmel/studio/7.0/toolchain/arm/arm-gnu-toolchain/bin/../lib/gcc/arm-none-eabi/4.9.3/../../../../arm-none-eabi/lib/armv6-m\libc_nano.a(lib_a-closer.o)
 .ARM.attributes
                0x00000804       0x2c c:/program files (x86)/atmel/studio/7.0/toolchain/arm/arm-gnu-toolchain/bin/../lib/gcc/arm-none-eabi/4.9.3/../../../../arm-none-eabi/lib/armv6-m\libc_nano.a(lib_a-fstatr.o)
 .ARM.attributes
                0x00000830       0x2c c:/program files (x86)/atmel/studio/7.0/toolchain/arm/arm-gnu-toolchain/bin/../lib/gcc/arm-none-eabi/4.9.3/../../../../arm-none-eabi/lib/armv6-m\libc_nano.a(lib_a-isattyr.o)
 .ARM.attributes
                0x0000085c       0x2c c:/program files (x86)/atmel/studio/7.0/toolchain/arm/arm-gnu-toolchain/bin/../lib/gcc/arm-none-eabi/4.9.3/../../../../arm-none-eabi/lib/armv6-m\libc_nano.a(lib_a-lseekr.o)
 .ARM.attributes
                0x00000888       0x2c c:/program files (x86)/atmel/studio/7.0/toolchain/arm/arm-gnu-toolchain/bin/../lib/gcc/arm-none-eabi/4.9.3/../../../../arm-none-eabi/lib/armv6-m\libc_nano.a(lib_a-readr.o)
 .ARM.attributes
                0x000008b4       0x2c c:/program files (x86)/atmel/studio/7.0/toolchain/arm/arm-gnu-toolchain/bin/../lib/gcc/arm-none-eabi/4.9.3/../../../../arm-none-eabi/lib/armv6-m\libc_nano.a(lib_a-reent.o)
 .ARM.attributes
                0x000008e0       0x1e c:/program files (x86)/atmel/studio/7.0/toolchain/arm/arm-gnu-toolchain/bin/../lib/gcc/arm-none-eabi/4.9.3/armv6-m/crtn.o

.comment        0x00000000       0x5b
 .comment       0x00000000       0x5b src/ASF/sam0/drivers/sercom/sercom_interrupt.o
                                 0x5c (size before relaxing)
 .comment       0x00000000       0x5c src/ASF/sam0/utils/stdio/read.o
 .comment       0x00000000       0x5c src/ASF/sam0/utils/stdio/write.o
 .comment       0x00000000       0x5c src/internalClock/internalClock.o
 .comment       0x00000000       0x5c src/ASF/sam0/drivers/sercom/usart/usart.o
 .comment       0x00000000       0x5c src/ASF/sam0/drivers/sercom/usart/usart_interrupt.o
 .comment       0x00000000       0x5c src/network/network.o
 .comment       0x00000000       0x5c src/uart/hmi.o
 .comment       0x00000000       0x5c src/ASF/common/utils/interrupt/interrupt_sam_nvic.o
 .comment       0x00000000       0x5c src/ASF/sam0/boards/samr21_xplained_pro/board_init.o
 .comment       0x00000000       0x5c src/ASF/sam0/drivers/port/port.o
 .comment       0x00000000       0x5c src/ASF/sam0/drivers/sercom/sercom.o
 .comment       0x00000000       0x5c src/ASF/sam0/drivers/system/clock/clock_samd21_r21_da/clock.o
 .comment       0x00000000       0x5c src/ASF/sam0/drivers/system/clock/clock_samd21_r21_da/gclk.o
 .comment       0x00000000       0x5c src/ASF/sam0/drivers/system/pinmux/pinmux.o
 .comment       0x00000000       0x5c src/ASF/sam0/drivers/system/system.o
 .comment       0x00000000       0x5c src/ASF/sam0/utils/cmsis/samr21/source/gcc/startup_samr21.o
 .comment       0x00000000       0x5c src/ASF/sam0/utils/syscalls/gcc/syscalls.o
 .comment       0x00000000       0x5c src/qs_spi_slave_basic.o

.debug_info     0x00000000    0x21db6
 .debug_info    0x00000000     0x2305 src/ASF/sam0/drivers/sercom/sercom_interrupt.o
 .debug_info    0x00002305      0x1c2 src/ASF/sam0/utils/stdio/read.o
 .debug_info    0x000024c7      0x1bf src/ASF/sam0/utils/stdio/write.o
 .debug_info    0x00002686     0x2bec src/internalClock/internalClock.o
 .debug_info    0x00005272     0x4097 src/ASF/sam0/drivers/sercom/usart/usart.o
 .debug_info    0x00009309     0x277b src/ASF/sam0/drivers/sercom/usart/usart_interrupt.o
 .debug_info    0x0000ba84     0x355d src/network/network.o
 .debug_info    0x0000efe1     0x342e src/uart/hmi.o
 .debug_info    0x0001240f      0x1ec src/ASF/common/utils/interrupt/interrupt_sam_nvic.o
 .debug_info    0x000125fb      0x96d src/ASF/sam0/boards/samr21_xplained_pro/board_init.o
 .debug_info    0x00012f68      0x966 src/ASF/sam0/drivers/port/port.o
 .debug_info    0x000138ce     0x252d src/ASF/sam0/drivers/sercom/sercom.o
 .debug_info    0x00015dfb     0x2cd1 src/ASF/sam0/drivers/system/clock/clock_samd21_r21_da/clock.o
 .debug_info    0x00018acc     0x1498 src/ASF/sam0/drivers/system/clock/clock_samd21_r21_da/gclk.o
 .debug_info    0x00019f64      0xa45 src/ASF/sam0/drivers/system/pinmux/pinmux.o
 .debug_info    0x0001a9a9      0x17a src/ASF/sam0/drivers/system/system.o
 .debug_info    0x0001ab23     0x3a6f src/ASF/sam0/utils/cmsis/samr21/source/gcc/startup_samr21.o
 .debug_info    0x0001e592      0x427 src/ASF/sam0/utils/syscalls/gcc/syscalls.o
 .debug_info    0x0001e9b9     0x33fd src/qs_spi_slave_basic.o

.debug_abbrev   0x00000000     0x2f98
 .debug_abbrev  0x00000000      0x22c src/ASF/sam0/drivers/sercom/sercom_interrupt.o
 .debug_abbrev  0x0000022c      0x108 src/ASF/sam0/utils/stdio/read.o
 .debug_abbrev  0x00000334       0xf5 src/ASF/sam0/utils/stdio/write.o
 .debug_abbrev  0x00000429      0x320 src/internalClock/internalClock.o
 .debug_abbrev  0x00000749      0x3c6 src/ASF/sam0/drivers/sercom/usart/usart.o
 .debug_abbrev  0x00000b0f      0x37b src/ASF/sam0/drivers/sercom/usart/usart_interrupt.o
 .debug_abbrev  0x00000e8a      0x3ea src/network/network.o
 .debug_abbrev  0x00001274      0x3ad src/uart/hmi.o
 .debug_abbrev  0x00001621       0xf6 src/ASF/common/utils/interrupt/interrupt_sam_nvic.o
 .debug_abbrev  0x00001717      0x22b src/ASF/sam0/boards/samr21_xplained_pro/board_init.o
 .debug_abbrev  0x00001942      0x1da src/ASF/sam0/drivers/port/port.o
 .debug_abbrev  0x00001b1c      0x2fd src/ASF/sam0/drivers/sercom/sercom.o
 .debug_abbrev  0x00001e19      0x3ba src/ASF/sam0/drivers/system/clock/clock_samd21_r21_da/clock.o
 .debug_abbrev  0x000021d3      0x327 src/ASF/sam0/drivers/system/clock/clock_samd21_r21_da/gclk.o
 .debug_abbrev  0x000024fa      0x287 src/ASF/sam0/drivers/system/pinmux/pinmux.o
 .debug_abbrev  0x00002781       0xb9 src/ASF/sam0/drivers/system/system.o
 .debug_abbrev  0x0000283a      0x211 src/ASF/sam0/utils/cmsis/samr21/source/gcc/startup_samr21.o
 .debug_abbrev  0x00002a4b      0x141 src/ASF/sam0/utils/syscalls/gcc/syscalls.o
 .debug_abbrev  0x00002b8c      0x40c src/qs_spi_slave_basic.o

.debug_loc      0x00000000     0x42ac
 .debug_loc     0x00000000      0x16c src/ASF/sam0/drivers/sercom/sercom_interrupt.o
 .debug_loc     0x0000016c      0x11d src/ASF/sam0/utils/stdio/read.o
 .debug_loc     0x00000289      0x152 src/ASF/sam0/utils/stdio/write.o
 .debug_loc     0x000003db       0x68 src/internalClock/internalClock.o
 .debug_loc     0x00000443      0xcf3 src/ASF/sam0/drivers/sercom/usart/usart.o
 .debug_loc     0x00001136      0x589 src/ASF/sam0/drivers/sercom/usart/usart_interrupt.o
 .debug_loc     0x000016bf      0x176 src/network/network.o
 .debug_loc     0x00001835      0x1be src/uart/hmi.o
 .debug_loc     0x000019f3       0x1e src/ASF/common/utils/interrupt/interrupt_sam_nvic.o
 .debug_loc     0x00001a11       0x59 src/ASF/sam0/boards/samr21_xplained_pro/board_init.o
 .debug_loc     0x00001a6a      0x16d src/ASF/sam0/drivers/port/port.o
 .debug_loc     0x00001bd7      0x982 src/ASF/sam0/drivers/sercom/sercom.o
 .debug_loc     0x00002559      0xf45 src/ASF/sam0/drivers/system/clock/clock_samd21_r21_da/clock.o
 .debug_loc     0x0000349e      0x51e src/ASF/sam0/drivers/system/clock/clock_samd21_r21_da/gclk.o
 .debug_loc     0x000039bc      0x32f src/ASF/sam0/drivers/system/pinmux/pinmux.o
 .debug_loc     0x00003ceb       0x20 src/ASF/sam0/drivers/system/system.o
 .debug_loc     0x00003d0b       0x20 src/ASF/sam0/utils/cmsis/samr21/source/gcc/startup_samr21.o
 .debug_loc     0x00003d2b      0x11d src/ASF/sam0/utils/syscalls/gcc/syscalls.o
 .debug_loc     0x00003e48      0x464 src/qs_spi_slave_basic.o

.debug_aranges  0x00000000      0x4d8
 .debug_aranges
                0x00000000       0x60 src/ASF/sam0/drivers/sercom/sercom_interrupt.o
 .debug_aranges
                0x00000060       0x20 src/ASF/sam0/utils/stdio/read.o
 .debug_aranges
                0x00000080       0x20 src/ASF/sam0/utils/stdio/write.o
 .debug_aranges
                0x000000a0       0x30 src/internalClock/internalClock.o
 .debug_aranges
                0x000000d0       0x40 src/ASF/sam0/drivers/sercom/usart/usart.o
 .debug_aranges
                0x00000110       0x70 src/ASF/sam0/drivers/sercom/usart/usart_interrupt.o
 .debug_aranges
                0x00000180       0x50 src/network/network.o
 .debug_aranges
                0x000001d0       0x30 src/uart/hmi.o
 .debug_aranges
                0x00000200       0x28 src/ASF/common/utils/interrupt/interrupt_sam_nvic.o
 .debug_aranges
                0x00000228       0x20 src/ASF/sam0/boards/samr21_xplained_pro/board_init.o
 .debug_aranges
                0x00000248       0x28 src/ASF/sam0/drivers/port/port.o
 .debug_aranges
                0x00000270       0x40 src/ASF/sam0/drivers/sercom/sercom.o
 .debug_aranges
                0x000002b0       0x78 src/ASF/sam0/drivers/system/clock/clock_samd21_r21_da/clock.o
 .debug_aranges
                0x00000328       0x80 src/ASF/sam0/drivers/system/clock/clock_samd21_r21_da/gclk.o
 .debug_aranges
                0x000003a8       0x38 src/ASF/sam0/drivers/system/pinmux/pinmux.o
 .debug_aranges
                0x000003e0       0x28 src/ASF/sam0/drivers/system/system.o
 .debug_aranges
                0x00000408       0x28 src/ASF/sam0/utils/cmsis/samr21/source/gcc/startup_samr21.o
 .debug_aranges
                0x00000430       0x60 src/ASF/sam0/utils/syscalls/gcc/syscalls.o
 .debug_aranges
                0x00000490       0x48 src/qs_spi_slave_basic.o

.debug_ranges   0x00000000      0x4a0
 .debug_ranges  0x00000000       0x50 src/ASF/sam0/drivers/sercom/sercom_interrupt.o
 .debug_ranges  0x00000050       0x10 src/ASF/sam0/utils/stdio/read.o
 .debug_ranges  0x00000060       0x10 src/ASF/sam0/utils/stdio/write.o
 .debug_ranges  0x00000070       0x20 src/internalClock/internalClock.o
 .debug_ranges  0x00000090       0xf8 src/ASF/sam0/drivers/sercom/usart/usart.o
 .debug_ranges  0x00000188       0x60 src/ASF/sam0/drivers/sercom/usart/usart_interrupt.o
 .debug_ranges  0x000001e8       0x40 src/network/network.o
 .debug_ranges  0x00000228       0x20 src/uart/hmi.o
 .debug_ranges  0x00000248       0x18 src/ASF/common/utils/interrupt/interrupt_sam_nvic.o
 .debug_ranges  0x00000260       0x10 src/ASF/sam0/boards/samr21_xplained_pro/board_init.o
 .debug_ranges  0x00000270       0x18 src/ASF/sam0/drivers/port/port.o
 .debug_ranges  0x00000288       0x48 src/ASF/sam0/drivers/sercom/sercom.o
 .debug_ranges  0x000002d0       0x68 src/ASF/sam0/drivers/system/clock/clock_samd21_r21_da/clock.o
 .debug_ranges  0x00000338       0x70 src/ASF/sam0/drivers/system/clock/clock_samd21_r21_da/gclk.o
 .debug_ranges  0x000003a8       0x28 src/ASF/sam0/drivers/system/pinmux/pinmux.o
 .debug_ranges  0x000003d0       0x18 src/ASF/sam0/drivers/system/system.o
 .debug_ranges  0x000003e8       0x18 src/ASF/sam0/utils/cmsis/samr21/source/gcc/startup_samr21.o
 .debug_ranges  0x00000400       0x50 src/ASF/sam0/utils/syscalls/gcc/syscalls.o
 .debug_ranges  0x00000450       0x50 src/qs_spi_slave_basic.o

.debug_macro    0x00000000    0x190b2
 .debug_macro   0x00000000      0x4f9 src/ASF/sam0/drivers/sercom/sercom_interrupt.o
 .debug_macro   0x000004f9      0x850 src/ASF/sam0/drivers/sercom/sercom_interrupt.o
 .debug_macro   0x00000d49      0x166 src/ASF/sam0/drivers/sercom/sercom_interrupt.o
 .debug_macro   0x00000eaf      0x644 src/ASF/sam0/drivers/sercom/sercom_interrupt.o
 .debug_macro   0x000014f3       0x22 src/ASF/sam0/drivers/sercom/sercom_interrupt.o
 .debug_macro   0x00001515       0x44 src/ASF/sam0/drivers/sercom/sercom_interrupt.o
 .debug_macro   0x00001559       0x58 src/ASF/sam0/drivers/sercom/sercom_interrupt.o
 .debug_macro   0x000015b1       0x22 src/ASF/sam0/drivers/sercom/sercom_interrupt.o
 .debug_macro   0x000015d3      0x1df src/ASF/sam0/drivers/sercom/sercom_interrupt.o
 .debug_macro   0x000017b2       0x10 src/ASF/sam0/drivers/sercom/sercom_interrupt.o
 .debug_macro   0x000017c2       0x76 src/ASF/sam0/drivers/sercom/sercom_interrupt.o
 .debug_macro   0x00001838       0x16 src/ASF/sam0/drivers/sercom/sercom_interrupt.o
 .debug_macro   0x0000184e      0x6e5 src/ASF/sam0/drivers/sercom/sercom_interrupt.o
 .debug_macro   0x00001f33      0xde2 src/ASF/sam0/drivers/sercom/sercom_interrupt.o
 .debug_macro   0x00002d15       0x22 src/ASF/sam0/drivers/sercom/sercom_interrupt.o
 .debug_macro   0x00002d37       0x40 src/ASF/sam0/drivers/sercom/sercom_interrupt.o
 .debug_macro   0x00002d77       0x3a src/ASF/sam0/drivers/sercom/sercom_interrupt.o
 .debug_macro   0x00002db1       0x1f src/ASF/sam0/drivers/sercom/sercom_interrupt.o
 .debug_macro   0x00002dd0      0x250 src/ASF/sam0/drivers/sercom/sercom_interrupt.o
 .debug_macro   0x00003020      0x682 src/ASF/sam0/drivers/sercom/sercom_interrupt.o
 .debug_macro   0x000036a2      0x8bf src/ASF/sam0/drivers/sercom/sercom_interrupt.o
 .debug_macro   0x00003f61      0xd6a src/ASF/sam0/drivers/sercom/sercom_interrupt.o
 .debug_macro   0x00004ccb      0x4ce src/ASF/sam0/drivers/sercom/sercom_interrupt.o
 .debug_macro   0x00005199      0x9f8 src/ASF/sam0/drivers/sercom/sercom_interrupt.o
 .debug_macro   0x00005b91      0x82b src/ASF/sam0/drivers/sercom/sercom_interrupt.o
 .debug_macro   0x000063bc      0x45f src/ASF/sam0/drivers/sercom/sercom_interrupt.o
 .debug_macro   0x0000681b       0x5e src/ASF/sam0/drivers/sercom/sercom_interrupt.o
 .debug_macro   0x00006879      0x225 src/ASF/sam0/drivers/sercom/sercom_interrupt.o
 .debug_macro   0x00006a9e      0x797 src/ASF/sam0/drivers/sercom/sercom_interrupt.o
 .debug_macro   0x00007235       0x5e src/ASF/sam0/drivers/sercom/sercom_interrupt.o
 .debug_macro   0x00007293      0x60a src/ASF/sam0/drivers/sercom/sercom_interrupt.o
 .debug_macro   0x0000789d      0x3b6 src/ASF/sam0/drivers/sercom/sercom_interrupt.o
 .debug_macro   0x00007c53       0x94 src/ASF/sam0/drivers/sercom/sercom_interrupt.o
 .debug_macro   0x00007ce7      0xc55 src/ASF/sam0/drivers/sercom/sercom_interrupt.o
 .debug_macro   0x0000893c     0x1092 src/ASF/sam0/drivers/sercom/sercom_interrupt.o
 .debug_macro   0x000099ce      0xc4a src/ASF/sam0/drivers/sercom/sercom_interrupt.o
 .debug_macro   0x0000a618      0x6bf src/ASF/sam0/drivers/sercom/sercom_interrupt.o
 .debug_macro   0x0000acd7     0x1b4b src/ASF/sam0/drivers/sercom/sercom_interrupt.o
 .debug_macro   0x0000c822     0x144a src/ASF/sam0/drivers/sercom/sercom_interrupt.o
 .debug_macro   0x0000dc6c      0x34e src/ASF/sam0/drivers/sercom/sercom_interrupt.o
 .debug_macro   0x0000dfba       0x7c src/ASF/sam0/drivers/sercom/sercom_interrupt.o
 .debug_macro   0x0000e036       0xa0 src/ASF/sam0/drivers/sercom/sercom_interrupt.o
 .debug_macro   0x0000e0d6       0xca src/ASF/sam0/drivers/sercom/sercom_interrupt.o
 .debug_macro   0x0000e1a0       0x94 src/ASF/sam0/drivers/sercom/sercom_interrupt.o
 .debug_macro   0x0000e234       0x58 src/ASF/sam0/drivers/sercom/sercom_interrupt.o
 .debug_macro   0x0000e28c      0x364 src/ASF/sam0/drivers/sercom/sercom_interrupt.o
 .debug_macro   0x0000e5f0       0x82 src/ASF/sam0/drivers/sercom/sercom_interrupt.o
 .debug_macro   0x0000e672      0x197 src/ASF/sam0/drivers/sercom/sercom_interrupt.o
 .debug_macro   0x0000e809       0xa0 src/ASF/sam0/drivers/sercom/sercom_interrupt.o
 .debug_macro   0x0000e8a9       0xb2 src/ASF/sam0/drivers/sercom/sercom_interrupt.o
 .debug_macro   0x0000e95b       0x1c src/ASF/sam0/drivers/sercom/sercom_interrupt.o
 .debug_macro   0x0000e977       0x1c src/ASF/sam0/drivers/sercom/sercom_interrupt.o
 .debug_macro   0x0000e993       0x1c src/ASF/sam0/drivers/sercom/sercom_interrupt.o
 .debug_macro   0x0000e9af       0x7c src/ASF/sam0/drivers/sercom/sercom_interrupt.o
 .debug_macro   0x0000ea2b      0x1c6 src/ASF/sam0/drivers/sercom/sercom_interrupt.o
 .debug_macro   0x0000ebf1       0x16 src/ASF/sam0/drivers/sercom/sercom_interrupt.o
 .debug_macro   0x0000ec07       0xdc src/ASF/sam0/drivers/sercom/sercom_interrupt.o
 .debug_macro   0x0000ece3      0x12f src/ASF/sam0/drivers/sercom/sercom_interrupt.o
 .debug_macro   0x0000ee12      0x12f src/ASF/sam0/drivers/sercom/sercom_interrupt.o
 .debug_macro   0x0000ef41      0x12f src/ASF/sam0/drivers/sercom/sercom_interrupt.o
 .debug_macro   0x0000f070      0x12f src/ASF/sam0/drivers/sercom/sercom_interrupt.o
 .debug_macro   0x0000f19f      0x12f src/ASF/sam0/drivers/sercom/sercom_interrupt.o
 .debug_macro   0x0000f2ce      0x12f src/ASF/sam0/drivers/sercom/sercom_interrupt.o
 .debug_macro   0x0000f3fd      0x11e src/ASF/sam0/drivers/sercom/sercom_interrupt.o
 .debug_macro   0x0000f51b       0xe2 src/ASF/sam0/drivers/sercom/sercom_interrupt.o
 .debug_macro   0x0000f5fd       0xe2 src/ASF/sam0/drivers/sercom/sercom_interrupt.o
 .debug_macro   0x0000f6df       0xe2 src/ASF/sam0/drivers/sercom/sercom_interrupt.o
 .debug_macro   0x0000f7c1      0x12c src/ASF/sam0/drivers/sercom/sercom_interrupt.o
 .debug_macro   0x0000f8ed      0x100 src/ASF/sam0/drivers/sercom/sercom_interrupt.o
 .debug_macro   0x0000f9ed       0xf4 src/ASF/sam0/drivers/sercom/sercom_interrupt.o
 .debug_macro   0x0000fae1      0x40f src/ASF/sam0/drivers/sercom/sercom_interrupt.o
 .debug_macro   0x0000fef0       0x40 src/ASF/sam0/drivers/sercom/sercom_interrupt.o
 .debug_macro   0x0000ff30      0x345 src/ASF/sam0/drivers/sercom/sercom_interrupt.o
 .debug_macro   0x00010275     0x174b src/ASF/sam0/drivers/sercom/sercom_interrupt.o
 .debug_macro   0x000119c0       0x74 src/ASF/sam0/drivers/sercom/sercom_interrupt.o
 .debug_macro   0x00011a34       0x58 src/ASF/sam0/drivers/sercom/sercom_interrupt.o
 .debug_macro   0x00011a8c       0x35 src/ASF/sam0/drivers/sercom/sercom_interrupt.o
 .debug_macro   0x00011ac1       0x9c src/ASF/sam0/drivers/sercom/sercom_interrupt.o
 .debug_macro   0x00011b5d       0x16 src/ASF/sam0/drivers/sercom/sercom_interrupt.o
 .debug_macro   0x00011b73       0x35 src/ASF/sam0/drivers/sercom/sercom_interrupt.o
 .debug_macro   0x00011ba8      0x29d src/ASF/sam0/drivers/sercom/sercom_interrupt.o
 .debug_macro   0x00011e45       0x10 src/ASF/sam0/drivers/sercom/sercom_interrupt.o
 .debug_macro   0x00011e55       0x52 src/ASF/sam0/drivers/sercom/sercom_interrupt.o
 .debug_macro   0x00011ea7       0x16 src/ASF/sam0/drivers/sercom/sercom_interrupt.o
 .debug_macro   0x00011ebd       0x43 src/ASF/sam0/drivers/sercom/sercom_interrupt.o
 .debug_macro   0x00011f00      0x180 src/ASF/sam0/drivers/sercom/sercom_interrupt.o
 .debug_macro   0x00012080       0x10 src/ASF/sam0/drivers/sercom/sercom_interrupt.o
 .debug_macro   0x00012090       0x22 src/ASF/sam0/drivers/sercom/sercom_interrupt.o
 .debug_macro   0x000120b2       0xbe src/ASF/sam0/drivers/sercom/sercom_interrupt.o
 .debug_macro   0x00012170       0x16 src/ASF/sam0/drivers/sercom/sercom_interrupt.o
 .debug_macro   0x00012186      0x197 src/ASF/sam0/drivers/sercom/sercom_interrupt.o
 .debug_macro   0x0001231d       0x16 src/ASF/sam0/drivers/sercom/sercom_interrupt.o
 .debug_macro   0x00012333       0x16 src/ASF/sam0/drivers/sercom/sercom_interrupt.o
 .debug_macro   0x00012349       0x29 src/ASF/sam0/drivers/sercom/sercom_interrupt.o
 .debug_macro   0x00012372       0x51 src/ASF/sam0/drivers/sercom/sercom_interrupt.o
 .debug_macro   0x000123c3       0x3f src/ASF/sam0/drivers/sercom/sercom_interrupt.o
 .debug_macro   0x00012402      0x3df src/ASF/sam0/drivers/sercom/sercom_interrupt.o
 .debug_macro   0x000127e1       0x11 src/ASF/sam0/drivers/sercom/sercom_interrupt.o
 .debug_macro   0x000127f2       0x11 src/ASF/sam0/drivers/sercom/sercom_interrupt.o
 .debug_macro   0x00012803       0x2e src/ASF/sam0/drivers/sercom/sercom_interrupt.o
 .debug_macro   0x00012831       0xa0 src/ASF/sam0/drivers/sercom/sercom_interrupt.o
 .debug_macro   0x000128d1       0x10 src/ASF/sam0/drivers/sercom/sercom_interrupt.o
 .debug_macro   0x000128e1      0x46e src/ASF/sam0/utils/stdio/read.o
 .debug_macro   0x00012d4f      0x46e src/ASF/sam0/utils/stdio/write.o
 .debug_macro   0x000131bd      0x5a3 src/internalClock/internalClock.o
 .debug_macro   0x00013760      0x2aa src/internalClock/internalClock.o
 .debug_macro   0x00013a0a      0x69f src/internalClock/internalClock.o
 .debug_macro   0x000140a9       0x19 src/internalClock/internalClock.o
 .debug_macro   0x000140c2       0x16 src/internalClock/internalClock.o
 .debug_macro   0x000140d8       0x16 src/internalClock/internalClock.o
 .debug_macro   0x000140ee       0x35 src/internalClock/internalClock.o
 .debug_macro   0x00014123       0x49 src/internalClock/internalClock.o
 .debug_macro   0x0001416c       0x1c src/internalClock/internalClock.o
 .debug_macro   0x00014188      0x50d src/ASF/sam0/drivers/sercom/usart/usart.o
 .debug_macro   0x00014695       0x51 src/ASF/sam0/drivers/sercom/usart/usart.o
 .debug_macro   0x000146e6      0x50d src/ASF/sam0/drivers/sercom/usart/usart_interrupt.o
 .debug_macro   0x00014bf3      0x5a4 src/network/network.o
 .debug_macro   0x00015197      0x5aa src/uart/hmi.o
 .debug_macro   0x00015741      0x2a4 src/uart/hmi.o
 .debug_macro   0x000159e5       0x1f src/uart/hmi.o
 .debug_macro   0x00015a04       0x27 src/uart/hmi.o
 .debug_macro   0x00015a2b       0x34 src/uart/hmi.o
 .debug_macro   0x00015a5f      0x46e src/ASF/common/utils/interrupt/interrupt_sam_nvic.o
 .debug_macro   0x00015ecd      0x4aa src/ASF/sam0/boards/samr21_xplained_pro/board_init.o
 .debug_macro   0x00016377      0x488 src/ASF/sam0/drivers/port/port.o
 .debug_macro   0x000167ff      0x4fc src/ASF/sam0/drivers/sercom/sercom.o
 .debug_macro   0x00016cfb      0x4e0 src/ASF/sam0/drivers/system/clock/clock_samd21_r21_da/clock.o
 .debug_macro   0x000171db      0x29d src/ASF/sam0/drivers/system/clock/clock_samd21_r21_da/clock.o
 .debug_macro   0x00017478      0x4a4 src/ASF/sam0/drivers/system/clock/clock_samd21_r21_da/gclk.o
 .debug_macro   0x0001791c      0x480 src/ASF/sam0/drivers/system/pinmux/pinmux.o
 .debug_macro   0x00017d9c      0x4b2 src/ASF/sam0/drivers/system/system.o
 .debug_macro   0x0001824e      0x2c2 src/ASF/sam0/utils/cmsis/samr21/source/gcc/startup_samr21.o
 .debug_macro   0x00018510       0x3a src/ASF/sam0/utils/cmsis/samr21/source/gcc/startup_samr21.o
 .debug_macro   0x0001854a      0x169 src/ASF/sam0/utils/syscalls/gcc/syscalls.o
 .debug_macro   0x000186b3       0x4a src/ASF/sam0/utils/syscalls/gcc/syscalls.o
 .debug_macro   0x000186fd       0x97 src/ASF/sam0/utils/syscalls/gcc/syscalls.o
 .debug_macro   0x00018794       0xef src/ASF/sam0/utils/syscalls/gcc/syscalls.o
 .debug_macro   0x00018883       0x52 src/ASF/sam0/utils/syscalls/gcc/syscalls.o
 .debug_macro   0x000188d5       0x16 src/ASF/sam0/utils/syscalls/gcc/syscalls.o
 .debug_macro   0x000188eb       0x10 src/ASF/sam0/utils/syscalls/gcc/syscalls.o
 .debug_macro   0x000188fb       0x10 src/ASF/sam0/utils/syscalls/gcc/syscalls.o
 .debug_macro   0x0001890b       0x10 src/ASF/sam0/utils/syscalls/gcc/syscalls.o
 .debug_macro   0x0001891b       0x35 src/ASF/sam0/utils/syscalls/gcc/syscalls.o
 .debug_macro   0x00018950      0x122 src/ASF/sam0/utils/syscalls/gcc/syscalls.o
 .debug_macro   0x00018a72      0x5b8 src/qs_spi_slave_basic.o
 .debug_macro   0x0001902a       0x22 src/qs_spi_slave_basic.o
 .debug_macro   0x0001904c       0x3a src/qs_spi_slave_basic.o
 .debug_macro   0x00019086       0x1c src/qs_spi_slave_basic.o
 .debug_macro   0x000190a2       0x10 src/qs_spi_slave_basic.o

.debug_line     0x00000000     0xbf7e
 .debug_line    0x00000000      0xad6 src/ASF/sam0/drivers/sercom/sercom_interrupt.o
 .debug_line    0x00000ad6      0x817 src/ASF/sam0/utils/stdio/read.o
 .debug_line    0x000012ed      0x808 src/ASF/sam0/utils/stdio/write.o
 .debug_line    0x00001af5      0xcab src/internalClock/internalClock.o
 .debug_line    0x000027a0      0xc72 src/ASF/sam0/drivers/sercom/usart/usart.o
 .debug_line    0x00003412      0xbf5 src/ASF/sam0/drivers/sercom/usart/usart_interrupt.o
 .debug_line    0x00004007      0xd2a src/network/network.o
 .debug_line    0x00004d31      0xccc src/uart/hmi.o
 .debug_line    0x000059fd      0x835 src/ASF/common/utils/interrupt/interrupt_sam_nvic.o
 .debug_line    0x00006232      0x8dc src/ASF/sam0/boards/samr21_xplained_pro/board_init.o
 .debug_line    0x00006b0e      0x861 src/ASF/sam0/drivers/port/port.o
 .debug_line    0x0000736f      0xb2e src/ASF/sam0/drivers/sercom/sercom.o
 .debug_line    0x00007e9d      0xb9d src/ASF/sam0/drivers/system/clock/clock_samd21_r21_da/clock.o
 .debug_line    0x00008a3a      0xbd2 src/ASF/sam0/drivers/system/clock/clock_samd21_r21_da/gclk.o
 .debug_line    0x0000960c      0x887 src/ASF/sam0/drivers/system/pinmux/pinmux.o
 .debug_line    0x00009e93      0x950 src/ASF/sam0/drivers/system/system.o
 .debug_line    0x0000a7e3      0x630 src/ASF/sam0/utils/cmsis/samr21/source/gcc/startup_samr21.o
 .debug_line    0x0000ae13      0x398 src/ASF/sam0/utils/syscalls/gcc/syscalls.o
 .debug_line    0x0000b1ab      0xdd3 src/qs_spi_slave_basic.o

.debug_str      0x00000000    0x83164
 .debug_str     0x00000000    0x79649 src/ASF/sam0/drivers/sercom/sercom_interrupt.o
                              0x79add (size before relaxing)
 .debug_str     0x00079649       0x43 src/ASF/sam0/utils/stdio/read.o
                              0x78606 (size before relaxing)
 .debug_str     0x0007968c       0x2c src/ASF/sam0/utils/stdio/write.o
                              0x78608 (size before relaxing)
 .debug_str     0x000796b8     0x3871 src/internalClock/internalClock.o
                              0x7c872 (size before relaxing)
 .debug_str     0x0007cf29     0x1158 src/ASF/sam0/drivers/sercom/usart/usart.o
                              0x7a97b (size before relaxing)
 .debug_str     0x0007e081      0x1e8 src/ASF/sam0/drivers/sercom/usart/usart_interrupt.o
                              0x79cc5 (size before relaxing)
 .debug_str     0x0007e269      0x178 src/network/network.o
                              0x7d66a (size before relaxing)
 .debug_str     0x0007e3e1      0x1ef src/uart/hmi.o
                              0x7d6ff (size before relaxing)
 .debug_str     0x0007e5d0       0x94 src/ASF/common/utils/interrupt/interrupt_sam_nvic.o
                              0x78659 (size before relaxing)
 .debug_str     0x0007e664      0x109 src/ASF/sam0/boards/samr21_xplained_pro/board_init.o
                              0x7b2c5 (size before relaxing)
 .debug_str     0x0007e76d       0x53 src/ASF/sam0/drivers/port/port.o
                              0x78a38 (size before relaxing)
 .debug_str     0x0007e7c0      0x2c0 src/ASF/sam0/drivers/sercom/sercom.o
                              0x79ca2 (size before relaxing)
 .debug_str     0x0007ea80     0x2744 src/ASF/sam0/drivers/system/clock/clock_samd21_r21_da/clock.o
                              0x7b6d5 (size before relaxing)
 .debug_str     0x000811c4      0x201 src/ASF/sam0/drivers/system/clock/clock_samd21_r21_da/gclk.o
                              0x7929f (size before relaxing)
 .debug_str     0x000813c5      0x130 src/ASF/sam0/drivers/system/pinmux/pinmux.o
                              0x78a50 (size before relaxing)
 .debug_str     0x000814f5       0x47 src/ASF/sam0/drivers/system/system.o
                              0x786de (size before relaxing)
 .debug_str     0x0008153c      0xece src/ASF/sam0/utils/cmsis/samr21/source/gcc/startup_samr21.o
                              0x6521c (size before relaxing)
 .debug_str     0x0008240a      0x837 src/ASF/sam0/utils/syscalls/gcc/syscalls.o
                               0x6034 (size before relaxing)
 .debug_str     0x00082c41      0x523 src/qs_spi_slave_basic.o
                              0x7d20a (size before relaxing)

.debug_frame    0x00000000     0x11bc
 .debug_frame   0x00000000       0xec src/ASF/sam0/drivers/sercom/sercom_interrupt.o
 .debug_frame   0x000000ec       0x34 src/ASF/sam0/utils/stdio/read.o
 .debug_frame   0x00000120       0x34 src/ASF/sam0/utils/stdio/write.o
 .debug_frame   0x00000154       0x48 src/internalClock/internalClock.o
 .debug_frame   0x0000019c       0xbc src/ASF/sam0/drivers/sercom/usart/usart.o
 .debug_frame   0x00000258      0x110 src/ASF/sam0/drivers/sercom/usart/usart_interrupt.o
 .debug_frame   0x00000368       0xb4 src/network/network.o
 .debug_frame   0x0000041c       0x6c src/uart/hmi.o
 .debug_frame   0x00000488       0x30 src/ASF/common/utils/interrupt/interrupt_sam_nvic.o
 .debug_frame   0x000004b8       0x30 src/ASF/sam0/boards/samr21_xplained_pro/board_init.o
 .debug_frame   0x000004e8       0x44 src/ASF/sam0/drivers/port/port.o
 .debug_frame   0x0000052c       0x9c src/ASF/sam0/drivers/sercom/sercom.o
 .debug_frame   0x000005c8      0x158 src/ASF/sam0/drivers/system/clock/clock_samd21_r21_da/clock.o
 .debug_frame   0x00000720      0x148 src/ASF/sam0/drivers/system/clock/clock_samd21_r21_da/gclk.o
 .debug_frame   0x00000868       0x74 src/ASF/sam0/drivers/system/pinmux/pinmux.o
 .debug_frame   0x000008dc       0x38 src/ASF/sam0/drivers/system/system.o
 .debug_frame   0x00000914       0x3c src/ASF/sam0/utils/cmsis/samr21/source/gcc/startup_samr21.o
 .debug_frame   0x00000950       0xa8 src/ASF/sam0/utils/syscalls/gcc/syscalls.o
 .debug_frame   0x000009f8       0xd0 src/qs_spi_slave_basic.o
 .debug_frame   0x00000ac8       0x20 c:/program files (x86)/atmel/studio/7.0/toolchain/arm/arm-gnu-toolchain/bin/../lib/gcc/arm-none-eabi/4.9.3/armv6-m\libgcc.a(_udivsi3.o)
 .debug_frame   0x00000ae8       0x34 c:/program files (x86)/atmel/studio/7.0/toolchain/arm/arm-gnu-toolchain/bin/../lib/gcc/arm-none-eabi/4.9.3/armv6-m\libgcc.a(_muldi3.o)
 .debug_frame   0x00000b1c       0x2c c:/program files (x86)/atmel/studio/7.0/toolchain/arm/arm-gnu-toolchain/bin/../lib/gcc/arm-none-eabi/4.9.3/../../../../arm-none-eabi/lib/armv6-m\libc_nano.a(lib_a-init.o)
 .debug_frame   0x00000b48       0x28 c:/program files (x86)/atmel/studio/7.0/toolchain/arm/arm-gnu-toolchain/bin/../lib/gcc/arm-none-eabi/4.9.3/../../../../arm-none-eabi/lib/armv6-m\libc_nano.a(lib_a-memcpy.o)
 .debug_frame   0x00000b70       0x20 c:/program files (x86)/atmel/studio/7.0/toolchain/arm/arm-gnu-toolchain/bin/../lib/gcc/arm-none-eabi/4.9.3/../../../../arm-none-eabi/lib/armv6-m\libc_nano.a(lib_a-memset.o)
 .debug_frame   0x00000b90       0x48 c:/program files (x86)/atmel/studio/7.0/toolchain/arm/arm-gnu-toolchain/bin/../lib/gcc/arm-none-eabi/4.9.3/../../../../arm-none-eabi/lib/armv6-m\libc_nano.a(lib_a-putchar.o)
 .debug_frame   0x00000bd8       0x28 c:/program files (x86)/atmel/studio/7.0/toolchain/arm/arm-gnu-toolchain/bin/../lib/gcc/arm-none-eabi/4.9.3/../../../../arm-none-eabi/lib/armv6-m\libc_nano.a(lib_a-setbuf.o)
 .debug_frame   0x00000c00       0x34 c:/program files (x86)/atmel/studio/7.0/toolchain/arm/arm-gnu-toolchain/bin/../lib/gcc/arm-none-eabi/4.9.3/../../../../arm-none-eabi/lib/armv6-m\libc_nano.a(lib_a-setvbuf.o)
 .debug_frame   0x00000c34       0x44 c:/program files (x86)/atmel/studio/7.0/toolchain/arm/arm-gnu-toolchain/bin/../lib/gcc/arm-none-eabi/4.9.3/../../../../arm-none-eabi/lib/armv6-m\libc_nano.a(lib_a-wbuf.o)
 .debug_frame   0x00000c78       0x2c c:/program files (x86)/atmel/studio/7.0/toolchain/arm/arm-gnu-toolchain/bin/../lib/gcc/arm-none-eabi/4.9.3/../../../../arm-none-eabi/lib/armv6-m\libc_nano.a(lib_a-wsetup.o)
 .debug_frame   0x00000ca4       0x68 c:/program files (x86)/atmel/studio/7.0/toolchain/arm/arm-gnu-toolchain/bin/../lib/gcc/arm-none-eabi/4.9.3/../../../../arm-none-eabi/lib/armv6-m\libc_nano.a(lib_a-fflush.o)
 .debug_frame   0x00000d0c      0x140 c:/program files (x86)/atmel/studio/7.0/toolchain/arm/arm-gnu-toolchain/bin/../lib/gcc/arm-none-eabi/4.9.3/../../../../arm-none-eabi/lib/armv6-m\libc_nano.a(lib_a-findfp.o)
 .debug_frame   0x00000e4c       0x58 c:/program files (x86)/atmel/studio/7.0/toolchain/arm/arm-gnu-toolchain/bin/../lib/gcc/arm-none-eabi/4.9.3/../../../../arm-none-eabi/lib/armv6-m\libc_nano.a(lib_a-fwalk.o)
 .debug_frame   0x00000ea4       0x30 c:/program files (x86)/atmel/studio/7.0/toolchain/arm/arm-gnu-toolchain/bin/../lib/gcc/arm-none-eabi/4.9.3/../../../../arm-none-eabi/lib/armv6-m\libc_nano.a(lib_a-makebuf.o)
 .debug_frame   0x00000ed4       0x40 c:/program files (x86)/atmel/studio/7.0/toolchain/arm/arm-gnu-toolchain/bin/../lib/gcc/arm-none-eabi/4.9.3/../../../../arm-none-eabi/lib/armv6-m\libc_nano.a(lib_a-malloc.o)
 .debug_frame   0x00000f14       0x2c c:/program files (x86)/atmel/studio/7.0/toolchain/arm/arm-gnu-toolchain/bin/../lib/gcc/arm-none-eabi/4.9.3/../../../../arm-none-eabi/lib/armv6-m\libc_nano.a(lib_a-nano-freer.o)
 .debug_frame   0x00000f40       0x2c c:/program files (x86)/atmel/studio/7.0/toolchain/arm/arm-gnu-toolchain/bin/../lib/gcc/arm-none-eabi/4.9.3/../../../../arm-none-eabi/lib/armv6-m\libc_nano.a(lib_a-nano-mallocr.o)
 .debug_frame   0x00000f6c       0x44 c:/program files (x86)/atmel/studio/7.0/toolchain/arm/arm-gnu-toolchain/bin/../lib/gcc/arm-none-eabi/4.9.3/../../../../arm-none-eabi/lib/armv6-m\libc_nano.a(lib_a-putc.o)
 .debug_frame   0x00000fb0       0x2c c:/program files (x86)/atmel/studio/7.0/toolchain/arm/arm-gnu-toolchain/bin/../lib/gcc/arm-none-eabi/4.9.3/../../../../arm-none-eabi/lib/armv6-m\libc_nano.a(lib_a-sbrkr.o)
 .debug_frame   0x00000fdc       0x90 c:/program files (x86)/atmel/studio/7.0/toolchain/arm/arm-gnu-toolchain/bin/../lib/gcc/arm-none-eabi/4.9.3/../../../../arm-none-eabi/lib/armv6-m\libc_nano.a(lib_a-stdio.o)
 .debug_frame   0x0000106c       0x2c c:/program files (x86)/atmel/studio/7.0/toolchain/arm/arm-gnu-toolchain/bin/../lib/gcc/arm-none-eabi/4.9.3/../../../../arm-none-eabi/lib/armv6-m\libc_nano.a(lib_a-writer.o)
 .debug_frame   0x00001098       0x2c c:/program files (x86)/atmel/studio/7.0/toolchain/arm/arm-gnu-toolchain/bin/../lib/gcc/arm-none-eabi/4.9.3/../../../../arm-none-eabi/lib/armv6-m\libc_nano.a(lib_a-closer.o)
 .debug_frame   0x000010c4       0x2c c:/program files (x86)/atmel/studio/7.0/toolchain/arm/arm-gnu-toolchain/bin/../lib/gcc/arm-none-eabi/4.9.3/../../../../arm-none-eabi/lib/armv6-m\libc_nano.a(lib_a-fstatr.o)
 .debug_frame   0x000010f0       0x2c c:/program files (x86)/atmel/studio/7.0/toolchain/arm/arm-gnu-toolchain/bin/../lib/gcc/arm-none-eabi/4.9.3/../../../../arm-none-eabi/lib/armv6-m\libc_nano.a(lib_a-isattyr.o)
 .debug_frame   0x0000111c       0x2c c:/program files (x86)/atmel/studio/7.0/toolchain/arm/arm-gnu-toolchain/bin/../lib/gcc/arm-none-eabi/4.9.3/../../../../arm-none-eabi/lib/armv6-m\libc_nano.a(lib_a-lseekr.o)
 .debug_frame   0x00001148       0x2c c:/program files (x86)/atmel/studio/7.0/toolchain/arm/arm-gnu-toolchain/bin/../lib/gcc/arm-none-eabi/4.9.3/../../../../arm-none-eabi/lib/armv6-m\libc_nano.a(lib_a-readr.o)
 .debug_frame   0x00001174       0x48 c:/program files (x86)/atmel/studio/7.0/toolchain/arm/arm-gnu-toolchain/bin/../lib/gcc/arm-none-eabi/4.9.3/../../../../arm-none-eabi/lib/armv6-m\libc_nano.a(lib_a-reent.o)

Cross Reference Table

Symbol                                            File
AC_Handler                                        src/ASF/sam0/utils/cmsis/samr21/source/gcc/startup_samr21.o
ADC_Handler                                       src/ASF/sam0/utils/cmsis/samr21/source/gcc/startup_samr21.o
DMAC_Handler                                      src/ASF/sam0/utils/cmsis/samr21/source/gcc/startup_samr21.o
Dummy_Handler                                     src/ASF/sam0/utils/cmsis/samr21/source/gcc/startup_samr21.o
EIC_Handler                                       src/ASF/sam0/utils/cmsis/samr21/source/gcc/startup_samr21.o
EVSYS_Handler                                     src/ASF/sam0/utils/cmsis/samr21/source/gcc/startup_samr21.o
HardFault_Handler                                 src/ASF/sam0/utils/cmsis/samr21/source/gcc/startup_samr21.o
ISRNetworkReception                               src/network/network.o
ISRNetworkTransmission                            src/network/network.o
NMI_Handler                                       src/ASF/sam0/utils/cmsis/samr21/source/gcc/startup_samr21.o
NVMCTRL_Handler                                   src/ASF/sam0/utils/cmsis/samr21/source/gcc/startup_samr21.o
PM_Handler                                        src/ASF/sam0/utils/cmsis/samr21/source/gcc/startup_samr21.o
PTC_Handler                                       src/ASF/sam0/utils/cmsis/samr21/source/gcc/startup_samr21.o
PendSV_Handler                                    src/ASF/sam0/utils/cmsis/samr21/source/gcc/startup_samr21.o
RTC_Handler                                       src/internalClock/internalClock.o
Reset_Handler                                     src/ASF/sam0/utils/cmsis/samr21/source/gcc/startup_samr21.o
SERCOM0_Handler                                   src/ASF/sam0/drivers/sercom/sercom_interrupt.o
SERCOM1_Handler                                   src/ASF/sam0/drivers/sercom/sercom_interrupt.o
SERCOM2_Handler                                   src/ASF/sam0/drivers/sercom/sercom_interrupt.o
SERCOM3_Handler                                   src/ASF/sam0/drivers/sercom/sercom_interrupt.o
SERCOM4_Handler                                   src/ASF/sam0/drivers/sercom/sercom_interrupt.o
SERCOM5_Handler                                   src/ASF/sam0/drivers/sercom/sercom_interrupt.o
SVC_Handler                                       src/ASF/sam0/utils/cmsis/samr21/source/gcc/startup_samr21.o
SYSCTRL_Handler                                   src/ASF/sam0/utils/cmsis/samr21/source/gcc/startup_samr21.o
SysTick_Handler                                   src/ASF/sam0/utils/cmsis/samr21/source/gcc/startup_samr21.o
SystemCoreClock                                   src/ASF/sam0/utils/cmsis/samr21/source/system_samr21.o
SystemCoreClockUpdate                             src/ASF/sam0/utils/cmsis/samr21/source/system_samr21.o
SystemInit                                        src/ASF/sam0/utils/cmsis/samr21/source/system_samr21.o
TC3_Handler                                       src/ASF/sam0/utils/cmsis/samr21/source/gcc/startup_samr21.o
TC4_Handler                                       src/ASF/sam0/utils/cmsis/samr21/source/gcc/startup_samr21.o
TC5_Handler                                       src/ASF/sam0/utils/cmsis/samr21/source/gcc/startup_samr21.o
TCC0_Handler                                      src/ASF/sam0/utils/cmsis/samr21/source/gcc/startup_samr21.o
TCC1_Handler                                      src/ASF/sam0/utils/cmsis/samr21/source/gcc/startup_samr21.o
TCC2_Handler                                      src/ASF/sam0/utils/cmsis/samr21/source/gcc/startup_samr21.o
USB_Handler                                       src/ASF/sam0/utils/cmsis/samr21/source/gcc/startup_samr21.o
WDT_Handler                                       src/ASF/sam0/utils/cmsis/samr21/source/gcc/startup_samr21.o
_Jv_RegisterClasses                               c:/program files (x86)/atmel/studio/7.0/toolchain/arm/arm-gnu-toolchain/bin/../lib/gcc/arm-none-eabi/4.9.3/armv6-m/crtbegin.o
__aeabi_idiv                                      c:/program files (x86)/atmel/studio/7.0/toolchain/arm/arm-gnu-toolchain/bin/../lib/gcc/arm-none-eabi/4.9.3/armv6-m\libgcc.a(_divsi3.o)
                                                  c:/program files (x86)/atmel/studio/7.0/toolchain/arm/arm-gnu-toolchain/bin/../lib/gcc/arm-none-eabi/4.9.3/../../../../arm-none-eabi/lib/armv6-m\libc_nano.a(lib_a-fvwrite.o)
__aeabi_idiv0                                     c:/program files (x86)/atmel/studio/7.0/toolchain/arm/arm-gnu-toolchain/bin/../lib/gcc/arm-none-eabi/4.9.3/armv6-m\libgcc.a(_dvmd_tls.o)
                                                  c:/program files (x86)/atmel/studio/7.0/toolchain/arm/arm-gnu-toolchain/bin/../lib/gcc/arm-none-eabi/4.9.3/armv6-m\libgcc.a(_divsi3.o)
                                                  c:/program files (x86)/atmel/studio/7.0/toolchain/arm/arm-gnu-toolchain/bin/../lib/gcc/arm-none-eabi/4.9.3/armv6-m\libgcc.a(_udivsi3.o)
__aeabi_idivmod                                   c:/program files (x86)/atmel/studio/7.0/toolchain/arm/arm-gnu-toolchain/bin/../lib/gcc/arm-none-eabi/4.9.3/armv6-m\libgcc.a(_divsi3.o)
__aeabi_ldiv0                                     c:/program files (x86)/atmel/studio/7.0/toolchain/arm/arm-gnu-toolchain/bin/../lib/gcc/arm-none-eabi/4.9.3/armv6-m\libgcc.a(_dvmd_tls.o)
__aeabi_lmul                                      c:/program files (x86)/atmel/studio/7.0/toolchain/arm/arm-gnu-toolchain/bin/../lib/gcc/arm-none-eabi/4.9.3/armv6-m\libgcc.a(_muldi3.o)
                                                  src/ASF/sam0/drivers/sercom/sercom.o
__aeabi_uidiv                                     c:/program files (x86)/atmel/studio/7.0/toolchain/arm/arm-gnu-toolchain/bin/../lib/gcc/arm-none-eabi/4.9.3/armv6-m\libgcc.a(_udivsi3.o)
                                                  c:/program files (x86)/atmel/studio/7.0/toolchain/arm/arm-gnu-toolchain/bin/../lib/gcc/arm-none-eabi/4.9.3/../../../../arm-none-eabi/lib/armv6-m\libc_nano.a(lib_a-nano-vfprintf_i.o)
                                                  src/ASF/sam0/drivers/system/clock/clock_samd21_r21_da/gclk.o
                                                  src/ASF/sam0/drivers/system/clock/clock_samd21_r21_da/clock.o
__aeabi_uidivmod                                  c:/program files (x86)/atmel/studio/7.0/toolchain/arm/arm-gnu-toolchain/bin/../lib/gcc/arm-none-eabi/4.9.3/armv6-m\libgcc.a(_udivsi3.o)
                                                  c:/program files (x86)/atmel/studio/7.0/toolchain/arm/arm-gnu-toolchain/bin/../lib/gcc/arm-none-eabi/4.9.3/../../../../arm-none-eabi/lib/armv6-m\libc_nano.a(lib_a-nano-vfprintf_i.o)
__bss_end__                                       c:/program files (x86)/atmel/studio/7.0/toolchain/arm/arm-gnu-toolchain/bin/../lib/gcc/arm-none-eabi/4.9.3/../../../../arm-none-eabi/lib/armv6-m/crt0.o
__bss_start__                                     c:/program files (x86)/atmel/studio/7.0/toolchain/arm/arm-gnu-toolchain/bin/../lib/gcc/arm-none-eabi/4.9.3/../../../../arm-none-eabi/lib/armv6-m/crt0.o
__call_exitprocs                                  c:/program files (x86)/atmel/studio/7.0/toolchain/arm/arm-gnu-toolchain/bin/../lib/gcc/arm-none-eabi/4.9.3/../../../../arm-none-eabi/lib/armv6-m\libc_nano.a(lib_a-exit.o)
__deregister_frame_info                           c:/program files (x86)/atmel/studio/7.0/toolchain/arm/arm-gnu-toolchain/bin/../lib/gcc/arm-none-eabi/4.9.3/armv6-m/crtbegin.o
__divsi3                                          c:/program files (x86)/atmel/studio/7.0/toolchain/arm/arm-gnu-toolchain/bin/../lib/gcc/arm-none-eabi/4.9.3/armv6-m\libgcc.a(_divsi3.o)
__dso_handle                                      c:/program files (x86)/atmel/studio/7.0/toolchain/arm/arm-gnu-toolchain/bin/../lib/gcc/arm-none-eabi/4.9.3/armv6-m/crtbegin.o
__fp_lock_all                                     c:/program files (x86)/atmel/studio/7.0/toolchain/arm/arm-gnu-toolchain/bin/../lib/gcc/arm-none-eabi/4.9.3/../../../../arm-none-eabi/lib/armv6-m\libc_nano.a(lib_a-findfp.o)
__fp_unlock_all                                   c:/program files (x86)/atmel/studio/7.0/toolchain/arm/arm-gnu-toolchain/bin/../lib/gcc/arm-none-eabi/4.9.3/../../../../arm-none-eabi/lib/armv6-m\libc_nano.a(lib_a-findfp.o)
__init_array_end                                  c:/program files (x86)/atmel/studio/7.0/toolchain/arm/arm-gnu-toolchain/bin/../lib/gcc/arm-none-eabi/4.9.3/../../../../arm-none-eabi/lib/armv6-m\libc_nano.a(lib_a-init.o)
__init_array_start                                c:/program files (x86)/atmel/studio/7.0/toolchain/arm/arm-gnu-toolchain/bin/../lib/gcc/arm-none-eabi/4.9.3/../../../../arm-none-eabi/lib/armv6-m\libc_nano.a(lib_a-init.o)
__libc_fini_array                                 c:/program files (x86)/atmel/studio/7.0/toolchain/arm/arm-gnu-toolchain/bin/../lib/gcc/arm-none-eabi/4.9.3/../../../../arm-none-eabi/lib/armv6-m/crt0.o
__libc_init_array                                 c:/program files (x86)/atmel/studio/7.0/toolchain/arm/arm-gnu-toolchain/bin/../lib/gcc/arm-none-eabi/4.9.3/../../../../arm-none-eabi/lib/armv6-m\libc_nano.a(lib_a-init.o)
                                                  src/ASF/sam0/utils/cmsis/samr21/source/gcc/startup_samr21.o
                                                  c:/program files (x86)/atmel/studio/7.0/toolchain/arm/arm-gnu-toolchain/bin/../lib/gcc/arm-none-eabi/4.9.3/../../../../arm-none-eabi/lib/armv6-m/crt0.o
__malloc_free_list                                c:/program files (x86)/atmel/studio/7.0/toolchain/arm/arm-gnu-toolchain/bin/../lib/gcc/arm-none-eabi/4.9.3/../../../../arm-none-eabi/lib/armv6-m\libc_nano.a(lib_a-nano-mallocr.o)
                                                  c:/program files (x86)/atmel/studio/7.0/toolchain/arm/arm-gnu-toolchain/bin/../lib/gcc/arm-none-eabi/4.9.3/../../../../arm-none-eabi/lib/armv6-m\libc_nano.a(lib_a-nano-freer.o)
__malloc_sbrk_start                               c:/program files (x86)/atmel/studio/7.0/toolchain/arm/arm-gnu-toolchain/bin/../lib/gcc/arm-none-eabi/4.9.3/../../../../arm-none-eabi/lib/armv6-m\libc_nano.a(lib_a-nano-mallocr.o)
__muldi3                                          c:/program files (x86)/atmel/studio/7.0/toolchain/arm/arm-gnu-toolchain/bin/../lib/gcc/arm-none-eabi/4.9.3/armv6-m\libgcc.a(_muldi3.o)
__preinit_array_end                               c:/program files (x86)/atmel/studio/7.0/toolchain/arm/arm-gnu-toolchain/bin/../lib/gcc/arm-none-eabi/4.9.3/../../../../arm-none-eabi/lib/armv6-m\libc_nano.a(lib_a-init.o)
__preinit_array_start                             c:/program files (x86)/atmel/studio/7.0/toolchain/arm/arm-gnu-toolchain/bin/../lib/gcc/arm-none-eabi/4.9.3/../../../../arm-none-eabi/lib/armv6-m\libc_nano.a(lib_a-init.o)
__register_frame_info                             c:/program files (x86)/atmel/studio/7.0/toolchain/arm/arm-gnu-toolchain/bin/../lib/gcc/arm-none-eabi/4.9.3/armv6-m/crtbegin.o
__sclose                                          c:/program files (x86)/atmel/studio/7.0/toolchain/arm/arm-gnu-toolchain/bin/../lib/gcc/arm-none-eabi/4.9.3/../../../../arm-none-eabi/lib/armv6-m\libc_nano.a(lib_a-stdio.o)
                                                  c:/program files (x86)/atmel/studio/7.0/toolchain/arm/arm-gnu-toolchain/bin/../lib/gcc/arm-none-eabi/4.9.3/../../../../arm-none-eabi/lib/armv6-m\libc_nano.a(lib_a-findfp.o)
__seofread                                        c:/program files (x86)/atmel/studio/7.0/toolchain/arm/arm-gnu-toolchain/bin/../lib/gcc/arm-none-eabi/4.9.3/../../../../arm-none-eabi/lib/armv6-m\libc_nano.a(lib_a-stdio.o)
__sf_fake_stderr                                  c:/program files (x86)/atmel/studio/7.0/toolchain/arm/arm-gnu-toolchain/bin/../lib/gcc/arm-none-eabi/4.9.3/../../../../arm-none-eabi/lib/armv6-m\libc_nano.a(lib_a-findfp.o)
                                                  c:/program files (x86)/atmel/studio/7.0/toolchain/arm/arm-gnu-toolchain/bin/../lib/gcc/arm-none-eabi/4.9.3/../../../../arm-none-eabi/lib/armv6-m\libc_nano.a(lib_a-putc.o)
                                                  c:/program files (x86)/atmel/studio/7.0/toolchain/arm/arm-gnu-toolchain/bin/../lib/gcc/arm-none-eabi/4.9.3/../../../../arm-none-eabi/lib/armv6-m\libc_nano.a(lib_a-nano-vfprintf.o)
                                                  c:/program files (x86)/atmel/studio/7.0/toolchain/arm/arm-gnu-toolchain/bin/../lib/gcc/arm-none-eabi/4.9.3/../../../../arm-none-eabi/lib/armv6-m\libc_nano.a(lib_a-fflush.o)
                                                  c:/program files (x86)/atmel/studio/7.0/toolchain/arm/arm-gnu-toolchain/bin/../lib/gcc/arm-none-eabi/4.9.3/../../../../arm-none-eabi/lib/armv6-m\libc_nano.a(lib_a-wsetup.o)
                                                  c:/program files (x86)/atmel/studio/7.0/toolchain/arm/arm-gnu-toolchain/bin/../lib/gcc/arm-none-eabi/4.9.3/../../../../arm-none-eabi/lib/armv6-m\libc_nano.a(lib_a-wbuf.o)
                                                  c:/program files (x86)/atmel/studio/7.0/toolchain/arm/arm-gnu-toolchain/bin/../lib/gcc/arm-none-eabi/4.9.3/../../../../arm-none-eabi/lib/armv6-m\libc_nano.a(lib_a-setvbuf.o)
                                                  c:/program files (x86)/atmel/studio/7.0/toolchain/arm/arm-gnu-toolchain/bin/../lib/gcc/arm-none-eabi/4.9.3/../../../../arm-none-eabi/lib/armv6-m\libc_nano.a(lib_a-impure.o)
__sf_fake_stdin                                   c:/program files (x86)/atmel/studio/7.0/toolchain/arm/arm-gnu-toolchain/bin/../lib/gcc/arm-none-eabi/4.9.3/../../../../arm-none-eabi/lib/armv6-m\libc_nano.a(lib_a-findfp.o)
                                                  c:/program files (x86)/atmel/studio/7.0/toolchain/arm/arm-gnu-toolchain/bin/../lib/gcc/arm-none-eabi/4.9.3/../../../../arm-none-eabi/lib/armv6-m\libc_nano.a(lib_a-putc.o)
                                                  c:/program files (x86)/atmel/studio/7.0/toolchain/arm/arm-gnu-toolchain/bin/../lib/gcc/arm-none-eabi/4.9.3/../../../../arm-none-eabi/lib/armv6-m\libc_nano.a(lib_a-nano-vfprintf.o)
                                                  c:/program files (x86)/atmel/studio/7.0/toolchain/arm/arm-gnu-toolchain/bin/../lib/gcc/arm-none-eabi/4.9.3/../../../../arm-none-eabi/lib/armv6-m\libc_nano.a(lib_a-fflush.o)
                                                  c:/program files (x86)/atmel/studio/7.0/toolchain/arm/arm-gnu-toolchain/bin/../lib/gcc/arm-none-eabi/4.9.3/../../../../arm-none-eabi/lib/armv6-m\libc_nano.a(lib_a-wsetup.o)
                                                  c:/program files (x86)/atmel/studio/7.0/toolchain/arm/arm-gnu-toolchain/bin/../lib/gcc/arm-none-eabi/4.9.3/../../../../arm-none-eabi/lib/armv6-m\libc_nano.a(lib_a-wbuf.o)
                                                  c:/program files (x86)/atmel/studio/7.0/toolchain/arm/arm-gnu-toolchain/bin/../lib/gcc/arm-none-eabi/4.9.3/../../../../arm-none-eabi/lib/armv6-m\libc_nano.a(lib_a-setvbuf.o)
                                                  c:/program files (x86)/atmel/studio/7.0/toolchain/arm/arm-gnu-toolchain/bin/../lib/gcc/arm-none-eabi/4.9.3/../../../../arm-none-eabi/lib/armv6-m\libc_nano.a(lib_a-impure.o)
__sf_fake_stdout                                  c:/program files (x86)/atmel/studio/7.0/toolchain/arm/arm-gnu-toolchain/bin/../lib/gcc/arm-none-eabi/4.9.3/../../../../arm-none-eabi/lib/armv6-m\libc_nano.a(lib_a-findfp.o)
                                                  c:/program files (x86)/atmel/studio/7.0/toolchain/arm/arm-gnu-toolchain/bin/../lib/gcc/arm-none-eabi/4.9.3/../../../../arm-none-eabi/lib/armv6-m\libc_nano.a(lib_a-putc.o)
                                                  c:/program files (x86)/atmel/studio/7.0/toolchain/arm/arm-gnu-toolchain/bin/../lib/gcc/arm-none-eabi/4.9.3/../../../../arm-none-eabi/lib/armv6-m\libc_nano.a(lib_a-nano-vfprintf.o)
                                                  c:/program files (x86)/atmel/studio/7.0/toolchain/arm/arm-gnu-toolchain/bin/../lib/gcc/arm-none-eabi/4.9.3/../../../../arm-none-eabi/lib/armv6-m\libc_nano.a(lib_a-fflush.o)
                                                  c:/program files (x86)/atmel/studio/7.0/toolchain/arm/arm-gnu-toolchain/bin/../lib/gcc/arm-none-eabi/4.9.3/../../../../arm-none-eabi/lib/armv6-m\libc_nano.a(lib_a-wsetup.o)
                                                  c:/program files (x86)/atmel/studio/7.0/toolchain/arm/arm-gnu-toolchain/bin/../lib/gcc/arm-none-eabi/4.9.3/../../../../arm-none-eabi/lib/armv6-m\libc_nano.a(lib_a-wbuf.o)