Archive member included because of file (symbol)

.././mbed/TARGET_SAMR21G18A/TOOLCHAIN_GCC_ARM\libmbed.a(system.o)
                              .././mbed/TARGET_SAMR21G18A/TOOLCHAIN_GCC_ARM/mbed_overrides.o (system_init)
.././mbed/TARGET_SAMR21G18A/TOOLCHAIN_GCC_ARM\libmbed.a(serial_api.o)
                              .././mbed/TARGET_SAMR21G18A/TOOLCHAIN_GCC_ARM/retarget.o (serial_init)
.././mbed/TARGET_SAMR21G18A/TOOLCHAIN_GCC_ARM\libmbed.a(FileSystemLike.o)
                              .././mbed/TARGET_SAMR21G18A/TOOLCHAIN_GCC_ARM/retarget.o (mbed::FileSystemLike::opendir())
.././mbed/TARGET_SAMR21G18A/TOOLCHAIN_GCC_ARM\libmbed.a(FilePath.o)
                              .././mbed/TARGET_SAMR21G18A/TOOLCHAIN_GCC_ARM/retarget.o (mbed::FilePath::FilePath(char const*))
.././mbed/TARGET_SAMR21G18A/TOOLCHAIN_GCC_ARM\libmbed.a(SPISlave.o)
                              main.o (mbed::SPISlave::SPISlave(PinName, PinName, PinName, PinName))
.././mbed/TARGET_SAMR21G18A/TOOLCHAIN_GCC_ARM\libmbed.a(Serial.o)
                              main.o (mbed::Serial::Serial(PinName, PinName, char const*))
.././mbed/TARGET_SAMR21G18A/TOOLCHAIN_GCC_ARM\libmbed.a(SerialBase.o)
                              .././mbed/TARGET_SAMR21G18A/TOOLCHAIN_GCC_ARM\libmbed.a(Serial.o) (mbed::SerialBase::SerialBase(PinName, PinName))
.././mbed/TARGET_SAMR21G18A/TOOLCHAIN_GCC_ARM\libmbed.a(Stream.o)
                              .././mbed/TARGET_SAMR21G18A/TOOLCHAIN_GCC_ARM\libmbed.a(Serial.o) (mbed::Stream::close())
.././mbed/TARGET_SAMR21G18A/TOOLCHAIN_GCC_ARM\libmbed.a(assert.o)
                              internalClock/internalClock.o (mbed_assert_internal)
.././mbed/TARGET_SAMR21G18A/TOOLCHAIN_GCC_ARM\libmbed.a(error.o)
                              .././mbed/TARGET_SAMR21G18A/TOOLCHAIN_GCC_ARM/retarget.o (error)
.././mbed/TARGET_SAMR21G18A/TOOLCHAIN_GCC_ARM\libmbed.a(gpio.o)
                              internalClock/internalClock.o (gpio_init_out)
.././mbed/TARGET_SAMR21G18A/TOOLCHAIN_GCC_ARM\libmbed.a(pinmap_common.o)
                              .././mbed/TARGET_SAMR21G18A/TOOLCHAIN_GCC_ARM\libmbed.a(serial_api.o) (pinmap_pinout)
.././mbed/TARGET_SAMR21G18A/TOOLCHAIN_GCC_ARM\libmbed.a(wait_api.o)
                              .././mbed/TARGET_SAMR21G18A/TOOLCHAIN_GCC_ARM\libmbed.a(SerialBase.o) (wait_us)
.././mbed/TARGET_SAMR21G18A/TOOLCHAIN_GCC_ARM\libmbed.a(PeripheralPins.o)
                              .././mbed/TARGET_SAMR21G18A/TOOLCHAIN_GCC_ARM\libmbed.a(serial_api.o) (PinMap_SERCOM_PAD)
.././mbed/TARGET_SAMR21G18A/TOOLCHAIN_GCC_ARM\libmbed.a(sercom.o)
                              .././mbed/TARGET_SAMR21G18A/TOOLCHAIN_GCC_ARM\libmbed.a(serial_api.o) (_sercom_get_async_baud_val)
.././mbed/TARGET_SAMR21G18A/TOOLCHAIN_GCC_ARM\libmbed.a(pinmux.o)
                              .././mbed/TARGET_SAMR21G18A/TOOLCHAIN_GCC_ARM\libmbed.a(serial_api.o) (system_pinmux_pin_set_config)
.././mbed/TARGET_SAMR21G18A/TOOLCHAIN_GCC_ARM\libmbed.a(gclk.o)
                              .././mbed/TARGET_SAMR21G18A/TOOLCHAIN_GCC_ARM\libmbed.a(serial_api.o) (system_gclk_chan_enable)
.././mbed/TARGET_SAMR21G18A/TOOLCHAIN_GCC_ARM\libmbed.a(gpio_api.o)
                              .././mbed/TARGET_SAMR21G18A/TOOLCHAIN_GCC_ARM\libmbed.a(gpio.o) (gpio_init)
.././mbed/TARGET_SAMR21G18A/TOOLCHAIN_GCC_ARM\libmbed.a(pinmap.o)
                              .././mbed/TARGET_SAMR21G18A/TOOLCHAIN_GCC_ARM\libmbed.a(pinmap_common.o) (pin_function)
.././mbed/TARGET_SAMR21G18A/TOOLCHAIN_GCC_ARM\libmbed.a(pinmap_function.o)
                              .././mbed/TARGET_SAMR21G18A/TOOLCHAIN_GCC_ARM\libmbed.a(serial_api.o) (pinmap_merge_sercom)
.././mbed/TARGET_SAMR21G18A/TOOLCHAIN_GCC_ARM\libmbed.a(us_ticker.o)
                              .././mbed/TARGET_SAMR21G18A/TOOLCHAIN_GCC_ARM\libmbed.a(wait_api.o) (us_ticker_read)
.././mbed/TARGET_SAMR21G18A/TOOLCHAIN_GCC_ARM\libmbed.a(interrupt_sam_nvic.o)
                              .././mbed/TARGET_SAMR21G18A/TOOLCHAIN_GCC_ARM\libmbed.a(gclk.o) (cpu_irq_enter_critical)
.././mbed/TARGET_SAMR21G18A/TOOLCHAIN_GCC_ARM\libmbed.a(spi_api.o)
                              .././mbed/TARGET_SAMR21G18A/TOOLCHAIN_GCC_ARM\libmbed.a(SPISlave.o) (spi_init)
.././mbed/TARGET_SAMR21G18A/TOOLCHAIN_GCC_ARM\libmbed.a(FileBase.o)
                              .././mbed/TARGET_SAMR21G18A/TOOLCHAIN_GCC_ARM\libmbed.a(FileSystemLike.o) (mbed::FileBase::~FileBase())
.././mbed/TARGET_SAMR21G18A/TOOLCHAIN_GCC_ARM\libmbed.a(FileLike.o)
                              .././mbed/TARGET_SAMR21G18A/TOOLCHAIN_GCC_ARM\libmbed.a(Stream.o) (mbed::FileLike::FileLike(char const*))
.././mbed/TARGET_SAMR21G18A/TOOLCHAIN_GCC_ARM\libmbed.a(us_ticker_api.o)
                              .././mbed/TARGET_SAMR21G18A/TOOLCHAIN_GCC_ARM\libmbed.a(us_ticker.o) (us_ticker_irq_handler)
.././mbed/TARGET_SAMR21G18A/TOOLCHAIN_GCC_ARM\libmbed.a(port.o)
                              .././mbed/TARGET_SAMR21G18A/TOOLCHAIN_GCC_ARM\libmbed.a(gpio_api.o) (port_pin_set_config)
[...]
Memory Configuration

Name             Origin             Length             Attributes
rom              0x00000000         0x00040000         xr
ram              0x200000b0         0x00007f50         xrw
*default*        0x00000000         0xffffffff

Linker script and memory map

LOAD c:/program files (x86)/atmel/studio/7.0/toolchain/arm/arm-gnu-toolchain/bin/../lib/gcc/arm-none-eabi/4.9.3/armv6-m/crti.o
LOAD c:/program files (x86)/atmel/studio/7.0/toolchain/arm/arm-gnu-toolchain/bin/../lib/gcc/arm-none-eabi/4.9.3/armv6-m/crtbegin.o
LOAD c:/program files (x86)/atmel/studio/7.0/toolchain/arm/arm-gnu-toolchain/bin/../lib/gcc/arm-none-eabi/4.9.3/../../../../arm-none-eabi/lib/armv6-m/crt0.o
LOAD internalClock/internalClock.o
LOAD main.o
START GROUP
END GROUP
LOAD .././mbed/TARGET_SAMR21G18A/TOOLCHAIN_GCC_ARM/board.o
LOAD .././mbed/TARGET_SAMR21G18A/TOOLCHAIN_GCC_ARM/cmsis_nvic.o
LOAD .././mbed/TARGET_SAMR21G18A/TOOLCHAIN_GCC_ARM/mbed_overrides.o
LOAD .././mbed/TARGET_SAMR21G18A/TOOLCHAIN_GCC_ARM/retarget.o
LOAD .././mbed/TARGET_SAMR21G18A/TOOLCHAIN_GCC_ARM/startup_samr21.o
LOAD .././mbed/TARGET_SAMR21G18A/TOOLCHAIN_GCC_ARM/system_samr21.o
LOAD .././mbed/TARGET_SAMR21G18A/TOOLCHAIN_GCC_ARM\libmbed.a
LOAD c:/program files (x86)/atmel/studio/7.0/toolchain/arm/arm-gnu-toolchain/bin/../lib/gcc/arm-none-eabi/4.9.3/../../../../arm-none-eabi/lib/armv6-m\libstdc++_nano.a
LOAD c:/program files (x86)/atmel/studio/7.0/toolchain/arm/arm-gnu-toolchain/bin/../lib/gcc/arm-none-eabi/4.9.3/../../../../arm-none-eabi/lib/armv6-m\libsupc++_nano.a
LOAD c:/program files (x86)/atmel/studio/7.0/toolchain/arm/arm-gnu-toolchain/bin/../lib/gcc/arm-none-eabi/4.9.3/../../../../arm-none-eabi/lib/armv6-m\libm.a
LOAD c:/program files (x86)/atmel/studio/7.0/toolchain/arm/arm-gnu-toolchain/bin/../lib/gcc/arm-none-eabi/4.9.3/armv6-m\libgcc.a
START GROUP
LOAD c:/program files (x86)/atmel/studio/7.0/toolchain/arm/arm-gnu-toolchain/bin/../lib/gcc/arm-none-eabi/4.9.3/../../../../arm-none-eabi/lib/armv6-m\libc_nano.a
LOAD c:/program files (x86)/atmel/studio/7.0/toolchain/arm/arm-gnu-toolchain/bin/../lib/gcc/arm-none-eabi/4.9.3/../../../../arm-none-eabi/lib/armv6-m\libnosys.a
END GROUP
LOAD c:/program files (x86)/atmel/studio/7.0/toolchain/arm/arm-gnu-toolchain/bin/../lib/gcc/arm-none-eabi/4.9.3/../../../../arm-none-eabi/lib/armv6-m\libstdc++_nano.a
LOAD c:/program files (x86)/atmel/studio/7.0/toolchain/arm/arm-gnu-toolchain/bin/../lib/gcc/arm-none-eabi/4.9.3/../../../../arm-none-eabi/lib/armv6-m\libm.a
LOAD c:/program files (x86)/atmel/studio/7.0/toolchain/arm/arm-gnu-toolchain/bin/../lib/gcc/arm-none-eabi/4.9.3/../../../../arm-none-eabi/lib/armv6-m\libc_nano.a
START GROUP
LOAD c:/program files (x86)/atmel/studio/7.0/toolchain/arm/arm-gnu-toolchain/bin/../lib/gcc/arm-none-eabi/4.9.3/armv6-m\libgcc.a
LOAD c:/program files (x86)/atmel/studio/7.0/toolchain/arm/arm-gnu-toolchain/bin/../lib/gcc/arm-none-eabi/4.9.3/../../../../arm-none-eabi/lib/armv6-m\libc_nano.a
END GROUP
START GROUP
LOAD c:/program files (x86)/atmel/studio/7.0/toolchain/arm/arm-gnu-toolchain/bin/../lib/gcc/arm-none-eabi/4.9.3/armv6-m\libgcc.a
LOAD c:/program files (x86)/atmel/studio/7.0/toolchain/arm/arm-gnu-toolchain/bin/../lib/gcc/arm-none-eabi/4.9.3/../../../../arm-none-eabi/lib/armv6-m\libc_nano.a
END GROUP
LOAD c:/program files (x86)/atmel/studio/7.0/toolchain/arm/arm-gnu-toolchain/bin/../lib/gcc/arm-none-eabi/4.9.3/armv6-m/crtend.o
LOAD c:/program files (x86)/atmel/studio/7.0/toolchain/arm/arm-gnu-toolchain/bin/../lib/gcc/arm-none-eabi/4.9.3/armv6-m/crtn.o
                0x00002000                STACK_SIZE = DEFINED (STACK_SIZE)?STACK_SIZE:DEFINED (__stack_size__)?__stack_size__:0x2000

.text           0x00000000     0xae34
                0x00000000                . = ALIGN (0x4)
                0x00000000                _sfixed = .
 *(.vectors .vectors.*)
 .vectors       0x00000000       0xb4 .././mbed/TARGET_SAMR21G18A/TOOLCHAIN_GCC_ARM/startup_samr21.o
                0x00000000                exception_table
 *(.text .text.* .gnu.linkonce.t.*)
 .text          0x000000b4       0x60 c:/program files (x86)/atmel/studio/7.0/toolchain/arm/arm-gnu-toolchain/bin/../lib/gcc/arm-none-eabi/4.9.3/armv6-m/crtbegin.o
 .text._Z15isrInternalClokv
                0x00000114       0x78 internalClock/internalClock.o
                0x00000114                isrInternalClok()
 .text.RTC_Handler
                0x0000018c       0x24 internalClock/internalClock.o
                0x0000018c                RTC_Handler
 .text._Z22configureInternalClockv
                0x000001b0       0x94 internalClock/internalClock.o
                0x000001b0                configureInternalClock()
 .text._GLOBAL__sub_I_led
                0x00000244       0x28 internalClock/internalClock.o
 .text._ZN4mbed10SerialBaseD2Ev
                0x0000026c        0x4 main.o
                0x0000026c                mbed::SerialBase::~SerialBase()
                0x0000026c                mbed::SerialBase::~SerialBase()
 .text._ZN4mbed6SerialD2Ev
                0x00000270       0x28 main.o
                0x00000270                mbed::Serial::~Serial()
                0x00000270                mbed::Serial::~Serial()
 .text._ZN4mbed6SerialD1Ev
                0x00000298       0x20 main.o
                0x00000298                non-virtual thunk to mbed::Serial::~Serial()
                0x000002a8                non-virtual thunk to mbed::Serial::~Serial()
 .text._ZN4mbed10SerialBaseD0Ev
                0x000002b8       0x10 main.o
                0x000002b8                mbed::SerialBase::~SerialBase()
 .text.main     0x000002c8       0x90 main.o
                0x000002c8                main
 .text._ZN4mbed6SerialD0Ev
                0x00000358       0x54 main.o
                0x00000358                mbed::Serial::~Serial()
                0x0000038c                non-virtual thunk to mbed::Serial::~Serial()
                0x0000039c                non-virtual thunk to mbed::Serial::~Serial()
 .text._GLOBAL__sub_I_device
                0x000003ac       0x4c main.o
 .text.mbed_die
                0x000003f8       0x14 .././mbed/TARGET_SAMR21G18A/TOOLCHAIN_GCC_ARM/board.o
                0x000003f8                mbed_die
 .text.NVIC_SetVector
                0x0000040c       0x34 .././mbed/TARGET_SAMR21G18A/TOOLCHAIN_GCC_ARM/cmsis_nvic.o
                0x0000040c                NVIC_SetVector
 .text.mbed_sdk_init
                0x00000440       0x18 .././mbed/TARGET_SAMR21G18A/TOOLCHAIN_GCC_ARM/mbed_overrides.o
                0x00000440                mbed_sdk_init
 .text._ZN4mbed10FileHandle4flenEv
                0x00000458       0x34 .././mbed/TARGET_SAMR21G18A/TOOLCHAIN_GCC_ARM/retarget.o
                0x00000458                mbed::FileHandle::flen()
 .text._ZL11init_serialv.part.0
                0x0000048c       0x14 .././mbed/TARGET_SAMR21G18A/TOOLCHAIN_GCC_ARM/retarget.o
 .text._ZN4mbed10FileHandleD2Ev
                0x000004a0       0x30 .././mbed/TARGET_SAMR21G18A/TOOLCHAIN_GCC_ARM/retarget.o
                0x000004a0                mbed::FileHandle::~FileHandle()
                0x000004a0                mbed::FileHandle::~FileHandle()
 .text._open    0x000004d0       0xf8 .././mbed/TARGET_SAMR21G18A/TOOLCHAIN_GCC_ARM/retarget.o
                0x000004d0                _open
 .text._close   0x000005c8       0x2c .././mbed/TARGET_SAMR21G18A/TOOLCHAIN_GCC_ARM/retarget.o
                0x000005c8                _close
 .text._write   0x000005f4       0x58 .././mbed/TARGET_SAMR21G18A/TOOLCHAIN_GCC_ARM/retarget.o
                0x000005f4                _write
 .text._read    0x0000064c       0x48 .././mbed/TARGET_SAMR21G18A/TOOLCHAIN_GCC_ARM/retarget.o
                0x0000064c                _read
 .text._isatty  0x00000694       0x28 .././mbed/TARGET_SAMR21G18A/TOOLCHAIN_GCC_ARM/retarget.o
                0x00000694                _isatty
 .text._lseek   0x000006bc       0x28 .././mbed/TARGET_SAMR21G18A/TOOLCHAIN_GCC_ARM/retarget.o
                0x000006bc                _lseek
 .text._fstat   0x000006e4       0x20 .././mbed/TARGET_SAMR21G18A/TOOLCHAIN_GCC_ARM/retarget.o
                0x000006e4                _fstat
 .text.__cxa_pure_virtual
                0x00000704        0x8 .././mbed/TARGET_SAMR21G18A/TOOLCHAIN_GCC_ARM/retarget.o
                0x00000704                __cxa_pure_virtual
 .text.mbed_main
                0x0000070c        0x4 .././mbed/TARGET_SAMR21G18A/TOOLCHAIN_GCC_ARM/retarget.o
                0x0000070c                mbed_main
 .text.__wrap_main
                0x00000710       0x10 .././mbed/TARGET_SAMR21G18A/TOOLCHAIN_GCC_ARM/retarget.o
                0x00000710                __wrap_main
 .text._sbrk    0x00000720       0x28 .././mbed/TARGET_SAMR21G18A/TOOLCHAIN_GCC_ARM/retarget.o
                0x00000720                _sbrk
 .text._exit    0x00000748       0x10 .././mbed/TARGET_SAMR21G18A/TOOLCHAIN_GCC_ARM/retarget.o
                0x00000748                _exit
 .text._ZN4mbed26mbed_set_unbuffered_streamEP7__sFILE
                0x00000758        0xc .././mbed/TARGET_SAMR21G18A/TOOLCHAIN_GCC_ARM/retarget.o
                0x00000758                mbed::mbed_set_unbuffered_stream(__sFILE*)
 .text.Dummy_Handler
                0x00000764        0x4 .././mbed/TARGET_SAMR21G18A/TOOLCHAIN_GCC_ARM/startup_samr21.o
                0x00000764                DMAC_Handler
                0x00000764                HardFault_Handler
                0x00000764                SysTick_Handler
                0x00000764                PendSV_Handler
                0x00000764                NMI_Handler
                0x00000764                SERCOM1_Handler
                0x00000764                TCC1_Handler
                0x00000764                SERCOM2_Handler
                0x00000764                TCC0_Handler
                0x00000764                EIC_Handler
                0x00000764                WDT_Handler
                0x00000764                Dummy_Handler
                0x00000764                PM_Handler
                0x00000764                SVC_Handler
                0x00000764                TCC2_Handler
                0x00000764                EVSYS_Handler
                0x00000764                SERCOM3_Handler
                0x00000764                I2S_Handler
                0x00000764                NVMCTRL_Handler
                0x00000764                SERCOM0_Handler
                0x00000764                SYSCTRL_Handler
 .text.Reset_Handler
                0x00000768       0x78 .././mbed/TARGET_SAMR21G18A/TOOLCHAIN_GCC_ARM/startup_samr21.o
                0x00000768                Reset_Handler
 .text._system_dummy_init
                0x000007e0        0x4 .././mbed/TARGET_SAMR21G18A/TOOLCHAIN_GCC_ARM\libmbed.a(system.o)
                0x000007e0                _system_extint_init
                0x000007e0                system_board_init
                0x000007e0                _system_events_init
                0x000007e0                _system_dummy_init
                0x000007e0                _system_divas_init
 .text.system_init
                0x000007e4       0x18 .././mbed/TARGET_SAMR21G18A/TOOLCHAIN_GCC_ARM\libmbed.a(system.o)
                0x000007e4                system_init
 .text.usart_set_config_default
                0x000007fc      0x128 .././mbed/TARGET_SAMR21G18A/TOOLCHAIN_GCC_ARM\libmbed.a(serial_api.o)
 .text.serial_find_mux_settings
                0x00000924       0x9c .././mbed/TARGET_SAMR21G18A/TOOLCHAIN_GCC_ARM\libmbed.a(serial_api.o)
                0x00000924                serial_find_mux_settings
 .text.get_default_serial_values
                0x000009c0       0x34 .././mbed/TARGET_SAMR21G18A/TOOLCHAIN_GCC_ARM\libmbed.a(serial_api.o)
                0x000009c0                get_default_serial_values
 .text.serial_init
                0x000009f4      0x1b8 .././mbed/TARGET_SAMR21G18A/TOOLCHAIN_GCC_ARM\libmbed.a(serial_api.o)
                0x000009f4                serial_init
 .text.serial_irq_handler
                0x00000bac       0x9c .././mbed/TARGET_SAMR21G18A/TOOLCHAIN_GCC_ARM\libmbed.a(serial_api.o)
                0x00000bac                serial_irq_handler
 .text.serial_readable
                0x00000c48       0x28 .././mbed/TARGET_SAMR21G18A/TOOLCHAIN_GCC_ARM\libmbed.a(serial_api.o)
                0x00000c48                serial_readable
 .text.serial_getc
                0x00000c70       0x30 .././mbed/TARGET_SAMR21G18A/TOOLCHAIN_GCC_ARM\libmbed.a(serial_api.o)
                0x00000c70                serial_getc
 .text.serial_writable
                0x00000ca0       0x28 .././mbed/TARGET_SAMR21G18A/TOOLCHAIN_GCC_ARM\libmbed.a(serial_api.o)
                0x00000ca0                serial_writable
 .text.serial_putc
                0x00000cc8       0x40 .././mbed/TARGET_SAMR21G18A/TOOLCHAIN_GCC_ARM\libmbed.a(serial_api.o)
                0x00000cc8                serial_putc
 .text._ZN4mbed8FilePathC2EPKc
                0x00000d08       0x58 .././mbed/TARGET_SAMR21G18A/TOOLCHAIN_GCC_ARM\libmbed.a(FilePath.o)
                0x00000d08                mbed::FilePath::FilePath(char const*)
                0x00000d08                mbed::FilePath::FilePath(char const*)
 .text._ZN4mbed8FilePath8fileNameEv
                0x00000d60        0x4 .././mbed/TARGET_SAMR21G18A/TOOLCHAIN_GCC_ARM\libmbed.a(FilePath.o)
                0x00000d60                mbed::FilePath::fileName()
 .text._ZN4mbed8FilePath10fileSystemEv
                0x00000d64       0x1c .././mbed/TARGET_SAMR21G18A/TOOLCHAIN_GCC_ARM\libmbed.a(FilePath.o)
                0x00000d64                mbed::FilePath::fileSystem()
 .text._ZN4mbed8FilePath6isFileEv
                0x00000d80       0x18 .././mbed/TARGET_SAMR21G18A/TOOLCHAIN_GCC_ARM\libmbed.a(FilePath.o)
                0x00000d80                mbed::FilePath::isFile()
 .text._ZN4mbed8FilePath4fileEv
                0x00000d98       0x24 .././mbed/TARGET_SAMR21G18A/TOOLCHAIN_GCC_ARM\libmbed.a(FilePath.o)
                0x00000d98                mbed::FilePath::file()
 .text._ZN4mbed8FilePath6existsEv
                0x00000dbc        0xc .././mbed/TARGET_SAMR21G18A/TOOLCHAIN_GCC_ARM\libmbed.a(FilePath.o)
                0x00000dbc                mbed::FilePath::exists()
 .text._ZN4mbed8SPISlaveC2E7PinNameS1_S1_S1_
                0x00000dc8       0x60 .././mbed/TARGET_SAMR21G18A/TOOLCHAIN_GCC_ARM\libmbed.a(SPISlave.o)
                0x00000dc8                mbed::SPISlave::SPISlave(PinName, PinName, PinName, PinName)
                0x00000dc8                mbed::SPISlave::SPISlave(PinName, PinName, PinName, PinName)
 .text._ZN4mbed8SPISlave6formatEii
                0x00000e28       0x10 .././mbed/TARGET_SAMR21G18A/TOOLCHAIN_GCC_ARM\libmbed.a(SPISlave.o)
                0x00000e28                mbed::SPISlave::format(int, int)
 .text._ZN4mbed8SPISlave9frequencyEi
                0x00000e38        0xc .././mbed/TARGET_SAMR21G18A/TOOLCHAIN_GCC_ARM\libmbed.a(SPISlave.o)
                0x00000e38                mbed::SPISlave::frequency(int)
 .text._ZN4mbed8SPISlave7receiveEv
                0x00000e44        0x8 .././mbed/TARGET_SAMR21G18A/TOOLCHAIN_GCC_ARM\libmbed.a(SPISlave.o)
                0x00000e44                mbed::SPISlave::receive()
 .text._ZN4mbed8SPISlave4readEv
                0x00000e4c        0x8 .././mbed/TARGET_SAMR21G18A/TOOLCHAIN_GCC_ARM\libmbed.a(SPISlave.o)
                0x00000e4c                mbed::SPISlave::read()
 .text._ZN4mbed8SPISlave5replyEi
                0x00000e54        0x8 .././mbed/TARGET_SAMR21G18A/TOOLCHAIN_GCC_ARM\libmbed.a(SPISlave.o)
                0x00000e54                mbed::SPISlave::reply(int)
 .text._ZN4mbed6Serial5_getcEv
                0x00000e5c        0x8 .././mbed/TARGET_SAMR21G18A/TOOLCHAIN_GCC_ARM\libmbed.a(Serial.o)
                0x00000e5c                mbed::Serial::_getc()
 .text._ZThn220_N4mbed6Serial5_getcEv
                0x00000e64       0x10 .././mbed/TARGET_SAMR21G18A/TOOLCHAIN_GCC_ARM\libmbed.a(Serial.o)
                0x00000e64                non-virtual thunk to mbed::Serial::_getc()
 .text._ZN4mbed6Serial5_putcEi
                0x00000e74        0x8 .././mbed/TARGET_SAMR21G18A/TOOLCHAIN_GCC_ARM\libmbed.a(Serial.o)
                0x00000e74                mbed::Serial::_putc(int)
 .text._ZThn220_N4mbed6Serial5_putcEi
                0x00000e7c       0x10 .././mbed/TARGET_SAMR21G18A/TOOLCHAIN_GCC_ARM\libmbed.a(Serial.o)
                0x00000e7c                non-virtual thunk to mbed::Serial::_putc(int)
 .text._ZN4mbed6SerialC2E7PinNameS1_PKc
                0x00000e8c       0x34 .././mbed/TARGET_SAMR21G18A/TOOLCHAIN_GCC_ARM\libmbed.a(Serial.o)
                0x00000e8c                mbed::Serial::Serial(PinName, PinName, char const*)
                0x00000e8c                mbed::Serial::Serial(PinName, PinName, char const*)
 .text._ZN4mbed10SerialBase12_irq_handlerEm9SerialIrq
                0x00000ec0       0x30 .././mbed/TARGET_SAMR21G18A/TOOLCHAIN_GCC_ARM\libmbed.a(SerialBase.o)
                0x00000ec0                mbed::SerialBase::_irq_handler(unsigned long, SerialIrq)
 .text._ZN6CThunkIN4mbed10SerialBaseEE10trampolineEPS1_PvPMS1_FvS4_E
                0x00000ef0       0x2c .././mbed/TARGET_SAMR21G18A/TOOLCHAIN_GCC_ARM\libmbed.a(SerialBase.o)
                0x00000ef0                CThunk<mbed::SerialBase>::trampoline(mbed::SerialBase*, void*, void (mbed::SerialBase::**)(void*))
 .text._ZN4mbed10SerialBaseC2E7PinNameS1_
                0x00000f1c       0xb0 .././mbed/TARGET_SAMR21G18A/TOOLCHAIN_GCC_ARM\libmbed.a(SerialBase.o)
                0x00000f1c                mbed::SerialBase::SerialBase(PinName, PinName)
                0x00000f1c                mbed::SerialBase::SerialBase(PinName, PinName)
 .text._ZN4mbed10SerialBase10_base_getcEv
                0x00000fcc        0xc .././mbed/TARGET_SAMR21G18A/TOOLCHAIN_GCC_ARM\libmbed.a(SerialBase.o)
                0x00000fcc                mbed::SerialBase::_base_getc()
 .text._ZN4mbed10SerialBase10_base_putcEi
                0x00000fd8       0x10 .././mbed/TARGET_SAMR21G18A/TOOLCHAIN_GCC_ARM\libmbed.a(SerialBase.o)
                0x00000fd8                mbed::SerialBase::_base_putc(int)
 .text._ZN4mbed6Stream5closeEv
                0x00000fe8        0x4 .././mbed/TARGET_SAMR21G18A/TOOLCHAIN_GCC_ARM\libmbed.a(Stream.o)
                0x00000fe8                mbed::Stream::close()
 .text._ZN4mbed6Stream5writeEPKvj
                0x00000fec       0x2c .././mbed/TARGET_SAMR21G18A/TOOLCHAIN_GCC_ARM\libmbed.a(Stream.o)
                0x00000fec                mbed::Stream::write(void const*, unsigned int)
 .text._ZN4mbed6Stream4readEPvj
                0x00001018       0x2c .././mbed/TARGET_SAMR21G18A/TOOLCHAIN_GCC_ARM\libmbed.a(Stream.o)
                0x00001018                mbed::Stream::read(void*, unsigned int)
 .text._ZN4mbed6Stream5lseekEli
                0x00001044        0x4 .././mbed/TARGET_SAMR21G18A/TOOLCHAIN_GCC_ARM\libmbed.a(Stream.o)
                0x00001044                mbed::Stream::lseek(long, int)
 .text._ZN4mbed6Stream6isattyEv
                0x00001048        0x4 .././mbed/TARGET_SAMR21G18A/TOOLCHAIN_GCC_ARM\libmbed.a(Stream.o)
                0x00001048                mbed::Stream::isatty()
 .text._ZN4mbed6Stream5fsyncEv
                0x0000104c        0x4 .././mbed/TARGET_SAMR21G18A/TOOLCHAIN_GCC_ARM\libmbed.a(Stream.o)
                0x0000104c                mbed::Stream::fsync()
 .text._ZN4mbed6Stream4flenEv
                0x00001050        0x4 .././mbed/TARGET_SAMR21G18A/TOOLCHAIN_GCC_ARM\libmbed.a(Stream.o)
                0x00001050                mbed::Stream::flen()
 .text._ZN4mbed6StreamC2EPKc
                0x00001054       0x44 .././mbed/TARGET_SAMR21G18A/TOOLCHAIN_GCC_ARM\libmbed.a(Stream.o)
                0x00001054                mbed::Stream::Stream(char const*)
                0x00001054                mbed::Stream::Stream(char const*)
 .text._ZN4mbed6StreamD2Ev
                0x00001098       0x24 .././mbed/TARGET_SAMR21G18A/TOOLCHAIN_GCC_ARM\libmbed.a(Stream.o)
                0x00001098                mbed::Stream::~Stream()
                0x00001098                mbed::Stream::~Stream()
 .text._ZN4mbed6Stream6printfEPKcz
                0x000010bc       0x28 .././mbed/TARGET_SAMR21G18A/TOOLCHAIN_GCC_ARM\libmbed.a(Stream.o)
                0x000010bc                mbed::Stream::printf(char const*, ...)
 .text.mbed_assert_internal
                0x000010e4       0x18 .././mbed/TARGET_SAMR21G18A/TOOLCHAIN_GCC_ARM\libmbed.a(assert.o)
                0x000010e4                mbed_assert_internal
 .text.error    0x000010fc        0xc .././mbed/TARGET_SAMR21G18A/TOOLCHAIN_GCC_ARM\libmbed.a(error.o)
                0x000010fc                error
 .text.gpio_init_out
                0x00001108       0x44 .././mbed/TARGET_SAMR21G18A/TOOLCHAIN_GCC_ARM\libmbed.a(gpio.o)
                0x00001108                gpio_init_out
 .text.pinmap_find_peripheral
                0x0000114c       0x18 .././mbed/TARGET_SAMR21G18A/TOOLCHAIN_GCC_ARM\libmbed.a(pinmap_common.o)
                0x0000114c                pinmap_find_peripheral
 .text.pinmap_peripheral
                0x00001164       0x30 .././mbed/TARGET_SAMR21G18A/TOOLCHAIN_GCC_ARM\libmbed.a(pinmap_common.o)
                0x00001164                pinmap_peripheral
 .text.pinmap_function
                0x00001194       0x30 .././mbed/TARGET_SAMR21G18A/TOOLCHAIN_GCC_ARM\libmbed.a(pinmap_common.o)
                0x00001194                pinmap_function
 .text.wait_us  0x000011c4       0x18 .././mbed/TARGET_SAMR21G18A/TOOLCHAIN_GCC_ARM\libmbed.a(wait_api.o)
                0x000011c4                wait_us
 .text.wait_ms  0x000011dc       0x10 .././mbed/TARGET_SAMR21G18A/TOOLCHAIN_GCC_ARM\libmbed.a(wait_api.o)
                0x000011dc                wait_ms
 .text._sercom_get_sync_baud_val
                0x000011ec       0x28 .././mbed/TARGET_SAMR21G18A/TOOLCHAIN_GCC_ARM\libmbed.a(sercom.o)
                0x000011ec                _sercom_get_sync_baud_val
 .text._sercom_get_async_baud_val
                0x00001214      0x190 .././mbed/TARGET_SAMR21G18A/TOOLCHAIN_GCC_ARM\libmbed.a(sercom.o)
                0x00001214                _sercom_get_async_baud_val
 .text.sercom_set_gclk_generator
                0x000013a4       0x40 .././mbed/TARGET_SAMR21G18A/TOOLCHAIN_GCC_ARM\libmbed.a(sercom.o)
                0x000013a4                sercom_set_gclk_generator
 .text._sercom_get_sercom_inst_index
                0x000013e4       0x30 .././mbed/TARGET_SAMR21G18A/TOOLCHAIN_GCC_ARM\libmbed.a(sercom.o)
                0x000013e4                _sercom_get_sercom_inst_index
 .text._system_pinmux_config
                0x00001414       0xb0 .././mbed/TARGET_SAMR21G18A/TOOLCHAIN_GCC_ARM\libmbed.a(pinmux.o)
 .text.system_pinmux_pin_set_config
                0x000014c4       0x2c .././mbed/TARGET_SAMR21G18A/TOOLCHAIN_GCC_ARM\libmbed.a(pinmux.o)
                0x000014c4                system_pinmux_pin_set_config
 .text.system_gclk_init
                0x000014f0       0x24 .././mbed/TARGET_SAMR21G18A/TOOLCHAIN_GCC_ARM\libmbed.a(gclk.o)
                0x000014f0                system_gclk_init
 .text.system_gclk_gen_set_config
                0x00001514       0x94 .././mbed/TARGET_SAMR21G18A/TOOLCHAIN_GCC_ARM\libmbed.a(gclk.o)
                0x00001514                system_gclk_gen_set_config
 .text.system_gclk_gen_enable
                0x000015a8       0x3c .././mbed/TARGET_SAMR21G18A/TOOLCHAIN_GCC_ARM\libmbed.a(gclk.o)
                0x000015a8                system_gclk_gen_enable
 .text.system_gclk_gen_get_hz
                0x000015e4       0x78 .././mbed/TARGET_SAMR21G18A/TOOLCHAIN_GCC_ARM\libmbed.a(gclk.o)
                0x000015e4                system_gclk_gen_get_hz
 .text.system_gclk_chan_enable
                0x0000165c       0x28 .././mbed/TARGET_SAMR21G18A/TOOLCHAIN_GCC_ARM\libmbed.a(gclk.o)
                0x0000165c                system_gclk_chan_enable
 .text.system_gclk_chan_disable
                0x00001684       0x54 .././mbed/TARGET_SAMR21G18A/TOOLCHAIN_GCC_ARM\libmbed.a(gclk.o)
                0x00001684                system_gclk_chan_disable
 .text.system_gclk_chan_set_config
                0x000016d8       0x18 .././mbed/TARGET_SAMR21G18A/TOOLCHAIN_GCC_ARM\libmbed.a(gclk.o)
                0x000016d8                system_gclk_chan_set_config
 .text.system_gclk_chan_get_hz
                0x000016f0       0x28 .././mbed/TARGET_SAMR21G18A/TOOLCHAIN_GCC_ARM\libmbed.a(gclk.o)
                0x000016f0                system_gclk_chan_get_hz
 .text.gpio_init
                0x00001718       0x80 .././mbed/TARGET_SAMR21G18A/TOOLCHAIN_GCC_ARM\libmbed.a(gpio_api.o)
                0x00001718                gpio_init
 .text.gpio_mode
                0x00001798       0x50 .././mbed/TARGET_SAMR21G18A/TOOLCHAIN_GCC_ARM\libmbed.a(gpio_api.o)
                0x00001798                gpio_mode
 .text.gpio_dir
                0x000017e8       0x50 .././mbed/TARGET_SAMR21G18A/TOOLCHAIN_GCC_ARM\libmbed.a(gpio_api.o)
                0x000017e8                gpio_dir
 .text.pin_mode
                0x00001838      0x120 .././mbed/TARGET_SAMR21G18A/TOOLCHAIN_GCC_ARM\libmbed.a(pinmap.o)
                0x00001838                pin_mode
 .text.pinmap_find_peripheral_from_pad.part.0
                0x00001958       0x28 .././mbed/TARGET_SAMR21G18A/TOOLCHAIN_GCC_ARM\libmbed.a(pinmap_function.o)
 .text.pinmap_merge_sercom
                0x00001980       0x58 .././mbed/TARGET_SAMR21G18A/TOOLCHAIN_GCC_ARM\libmbed.a(pinmap_function.o)
                0x00001980                pinmap_merge_sercom
 .text.pinmap_find_sercom
                0x000019d8       0x80 .././mbed/TARGET_SAMR21G18A/TOOLCHAIN_GCC_ARM\libmbed.a(pinmap_function.o)
                0x000019d8                pinmap_find_sercom
 .text.pinmap_function_sercom
                0x00001a58       0x48 .././mbed/TARGET_SAMR21G18A/TOOLCHAIN_GCC_ARM\libmbed.a(pinmap_function.o)
                0x00001a58                pinmap_function_sercom
 .text.pinmap_pad_sercom
                0x00001aa0       0x44 .././mbed/TARGET_SAMR21G18A/TOOLCHAIN_GCC_ARM\libmbed.a(pinmap_function.o)
                0x00001aa0                pinmap_pad_sercom
 .text.pinmap_peripheral_sercom
                0x00001ae4       0x2c .././mbed/TARGET_SAMR21G18A/TOOLCHAIN_GCC_ARM\libmbed.a(pinmap_function.o)
                0x00001ae4                pinmap_peripheral_sercom
 .text.us_ticker_irq_handler_internal
                0x00001b10       0x14 .././mbed/TARGET_SAMR21G18A/TOOLCHAIN_GCC_ARM\libmbed.a(us_ticker.o)
                0x00001b10                us_ticker_irq_handler_internal
 .text.us_ticker_init.part.5
                0x00001b24       0xfc .././mbed/TARGET_SAMR21G18A/TOOLCHAIN_GCC_ARM\libmbed.a(us_ticker.o)
 .text.us_ticker_init
                0x00001c20       0x14 .././mbed/TARGET_SAMR21G18A/TOOLCHAIN_GCC_ARM\libmbed.a(us_ticker.o)
                0x00001c20                us_ticker_init
 .text.us_ticker_read
                0x00001c34       0x20 .././mbed/TARGET_SAMR21G18A/TOOLCHAIN_GCC_ARM\libmbed.a(us_ticker.o)
                0x00001c34                us_ticker_read
 .text.us_ticker_set_interrupt
                0x00001c54       0x68 .././mbed/TARGET_SAMR21G18A/TOOLCHAIN_GCC_ARM\libmbed.a(us_ticker.o)
                0x00001c54                us_ticker_set_interrupt
 .text.us_ticker_disable_interrupt
                0x00001cbc       0x24 .././mbed/TARGET_SAMR21G18A/TOOLCHAIN_GCC_ARM\libmbed.a(us_ticker.o)
                0x00001cbc                us_ticker_disable_interrupt
 .text.us_ticker_clear_interrupt
                0x00001ce0       0x20 .././mbed/TARGET_SAMR21G18A/TOOLCHAIN_GCC_ARM\libmbed.a(us_ticker.o)
                0x00001ce0                us_ticker_clear_interrupt
 .text.cpu_irq_enter_critical
                0x00001d00       0x3c .././mbed/TARGET_SAMR21G18A/TOOLCHAIN_GCC_ARM\libmbed.a(interrupt_sam_nvic.o)
                0x00001d00                cpu_irq_enter_critical
 .text.cpu_irq_leave_critical
                0x00001d3c       0x30 .././mbed/TARGET_SAMR21G18A/TOOLCHAIN_GCC_ARM\libmbed.a(interrupt_sam_nvic.o)
                0x00001d3c                cpu_irq_leave_critical
 .text.spi_find_mux_settings
                0x00001d6c       0xa0 .././mbed/TARGET_SAMR21G18A/TOOLCHAIN_GCC_ARM\libmbed.a(spi_api.o)
 .text.spi_init
                0x00001e0c      0x1f0 .././mbed/TARGET_SAMR21G18A/TOOLCHAIN_GCC_ARM\libmbed.a(spi_api.o)
                0x00001e0c                spi_init
 .text.spi_format
                0x00001ffc      0x168 .././mbed/TARGET_SAMR21G18A/TOOLCHAIN_GCC_ARM\libmbed.a(spi_api.o)
                0x00001ffc                spi_format
 .text.spi_frequency
                0x00002164       0xf8 .././mbed/TARGET_SAMR21G18A/TOOLCHAIN_GCC_ARM\libmbed.a(spi_api.o)
                0x00002164                spi_frequency
 .text.spi_slave_receive
                0x0000225c       0x38 .././mbed/TARGET_SAMR21G18A/TOOLCHAIN_GCC_ARM\libmbed.a(spi_api.o)
                0x0000225c                spi_slave_receive
 .text.spi_slave_read
                0x00002294       0xb8 .././mbed/TARGET_SAMR21G18A/TOOLCHAIN_GCC_ARM\libmbed.a(spi_api.o)
                0x00002294                spi_slave_read
 .text.spi_slave_write
                0x0000234c       0x94 .././mbed/TARGET_SAMR21G18A/TOOLCHAIN_GCC_ARM\libmbed.a(spi_api.o)
                0x0000234c                spi_slave_write
 .text._ZN4mbed8FileBaseD2Ev
                0x000023e0       0x34 .././mbed/TARGET_SAMR21G18A/TOOLCHAIN_GCC_ARM\libmbed.a(FileBase.o)
                0x000023e0                mbed::FileBase::~FileBase()
                0x000023e0                mbed::FileBase::~FileBase()
 .text._ZN4mbed8FileBaseD0Ev
                0x00002414       0x40 .././mbed/TARGET_SAMR21G18A/TOOLCHAIN_GCC_ARM\libmbed.a(FileBase.o)
                0x00002414                mbed::FileBase::~FileBase()
 .text._ZN4mbed8FileBaseC2EPKcNS_8PathTypeE
                0x00002454       0x24 .././mbed/TARGET_SAMR21G18A/TOOLCHAIN_GCC_ARM\libmbed.a(FileBase.o)
                0x00002454                mbed::FileBase::FileBase(char const*, mbed::PathType)
                0x00002454                mbed::FileBase::FileBase(char const*, mbed::PathType)
 .text._ZN4mbed8FileBase6lookupEPKcj
                0x00002478       0x40 .././mbed/TARGET_SAMR21G18A/TOOLCHAIN_GCC_ARM\libmbed.a(FileBase.o)
                0x00002478                mbed::FileBase::lookup(char const*, unsigned int)
 .text._ZN4mbed8FileBase11getPathTypeEv
                0x000024b8        0x4 .././mbed/TARGET_SAMR21G18A/TOOLCHAIN_GCC_ARM\libmbed.a(FileBase.o)
                0x000024b8                mbed::FileBase::getPathType()
 .text._ZN4mbed8FileLikeC2EPKc
                0x000024bc       0x28 .././mbed/TARGET_SAMR21G18A/TOOLCHAIN_GCC_ARM\libmbed.a(FileLike.o)
                0x000024bc                mbed::FileLike::FileLike(char const*)
                0x000024bc                mbed::FileLike::FileLike(char const*)
 .text._ZN4mbed8FileLikeD2Ev
                0x000024e4       0x24 .././mbed/TARGET_SAMR21G18A/TOOLCHAIN_GCC_ARM\libmbed.a(FileLike.o)
                0x000024e4                mbed::FileLike::~FileLike()
                0x000024e4                mbed::FileLike::~FileLike()
 .text.us_ticker_irq_handler
                0x00002508       0x10 .././mbed/TARGET_SAMR21G18A/TOOLCHAIN_GCC_ARM\libmbed.a(us_ticker_api.o)
                0x00002508                us_ticker_irq_handler
 .text.port_pin_set_config
                0x00002518       0x20 .././mbed/TARGET_SAMR21G18A/TOOLCHAIN_GCC_ARM\libmbed.a(port.o)
                0x00002518                port_pin_set_config
 .text.system_clock_source_get_hz
                0x00002538       0x88 .././mbed/TARGET_SAMR21G18A/TOOLCHAIN_GCC_ARM\libmbed.a(clock.o)
                0x00002538                system_clock_source_get_hz
 .text.system_clock_source_enable
                0x000025c0       0xa0 .././mbed/TARGET_SAMR21G18A/TOOLCHAIN_GCC_ARM\libmbed.a(clock.o)
                0x000025c0                system_clock_source_enable
 .text.system_clock_init
                0x00002660       0xec .././mbed/TARGET_SAMR21G18A/TOOLCHAIN_GCC_ARM\libmbed.a(clock.o)
                0x00002660                system_clock_init
 .text.tc_register_callback
                0x0000274c       0x34 .././mbed/TARGET_SAMR21G18A/TOOLCHAIN_GCC_ARM\libmbed.a(tc_interrupt.o)
                0x0000274c                tc_register_callback
 .text._tc_interrupt_handler
                0x00002780       0x60 .././mbed/TARGET_SAMR21G18A/TOOLCHAIN_GCC_ARM\libmbed.a(tc_interrupt.o)
                0x00002780                _tc_interrupt_handler
 .text.TC3_Handler
                0x000027e0        0xc .././mbed/TARGET_SAMR21G18A/TOOLCHAIN_GCC_ARM\libmbed.a(tc_interrupt.o)
                0x000027e0                TC3_Handler
 .text.TC4_Handler
                0x000027ec        0xc .././mbed/TARGET_SAMR21G18A/TOOLCHAIN_GCC_ARM\libmbed.a(tc_interrupt.o)
                0x000027ec                TC4_Handler
 .text.TC5_Handler
                0x000027f8        0xc .././mbed/TARGET_SAMR21G18A/TOOLCHAIN_GCC_ARM\libmbed.a(tc_interrupt.o)
                0x000027f8                TC5_Handler
 .text._tc_get_inst_index
                0x00002804       0x40 .././mbed/TARGET_SAMR21G18A/TOOLCHAIN_GCC_ARM\libmbed.a(tc.o)
                0x00002804                _tc_get_inst_index
 .text.tc_init  0x00002844      0x2a4 .././mbed/TARGET_SAMR21G18A/TOOLCHAIN_GCC_ARM\libmbed.a(tc.o)
                0x00002844                tc_init
 .text.tc_get_count_value
                0x00002ae8       0x2c .././mbed/TARGET_SAMR21G18A/TOOLCHAIN_GCC_ARM\libmbed.a(tc.o)
                0x00002ae8                tc_get_count_value
 .text.tc_set_compare_value
                0x00002b14       0x50 .././mbed/TARGET_SAMR21G18A/TOOLCHAIN_GCC_ARM\libmbed.a(tc.o)
                0x00002b14                tc_set_compare_value
 .text.ticker_irq_handler
                0x00002b64       0x4c .././mbed/TARGET_SAMR21G18A/TOOLCHAIN_GCC_ARM\libmbed.a(ticker_api.o)
                0x00002b64                ticker_irq_handler
 .text.__aeabi_atexit
                0x00002bb0        0xe c:/program files (x86)/atmel/studio/7.0/toolchain/arm/arm-gnu-toolchain/bin/../lib/gcc/arm-none-eabi/4.9.3/../../../../arm-none-eabi/lib/armv6-m\libstdc++_nano.a(atexit_arm.o)
                0x00002bb0                __aeabi_atexit
 .text._ZdlPv   0x00002bbe        0x8 c:/program files (x86)/atmel/studio/7.0/toolchain/arm/arm-gnu-toolchain/bin/../lib/gcc/arm-none-eabi/4.9.3/../../../../arm-none-eabi/lib/armv6-m\libstdc++_nano.a(del_op.o)
                0x00002bbe                operator delete(void*)
 *fill*         0x00002bc6        0x2 
 .text          0x00002bc8      0x120 c:/program files (x86)/atmel/studio/7.0/toolchain/arm/arm-gnu-toolchain/bin/../lib/gcc/arm-none-eabi/4.9.3/armv6-m\libgcc.a(_udivsi3.o)
                0x00002bc8                __aeabi_uidiv
                0x00002bc8                __udivsi3
                0x00002cd4                __aeabi_uidivmod
 .text          0x00002ce8      0x1e0 c:/program files (x86)/atmel/studio/7.0/toolchain/arm/arm-gnu-toolchain/bin/../lib/gcc/arm-none-eabi/4.9.3/armv6-m\libgcc.a(_divsi3.o)
                0x00002ce8                __divsi3
                0x00002ce8                __aeabi_idiv
                0x00002eb4                __aeabi_idivmod
 .text          0x00002ec8        0x4 c:/program files (x86)/atmel/studio/7.0/toolchain/arm/arm-gnu-toolchain/bin/../lib/gcc/arm-none-eabi/4.9.3/armv6-m\libgcc.a(_dvmd_tls.o)
                0x00002ec8                __aeabi_idiv0
                0x00002ec8                __aeabi_ldiv0
 .text          0x00002ecc       0x54 c:/program files (x86)/atmel/studio/7.0/toolchain/arm/arm-gnu-toolchain/bin/../lib/gcc/arm-none-eabi/4.9.3/armv6-m\libgcc.a(_muldi3.o)
                0x00002ecc                __muldi3
                0x00002ecc                __aeabi_lmul
 .text          0x00002f20       0x3c c:/program files (x86)/atmel/studio/7.0/toolchain/arm/arm-gnu-toolchain/bin/../lib/gcc/arm-none-eabi/4.9.3/armv6-m\libgcc.a(_clzsi2.o)
                0x00002f20                __clzsi2
 .text.__cxa_atexit
                0x00002f5c       0x1c c:/program files (x86)/atmel/studio/7.0/toolchain/arm/arm-gnu-toolchain/bin/../lib/gcc/arm-none-eabi/4.9.3/../../../../arm-none-eabi/lib/armv6-m\libc_nano.a(lib_a-cxa_atexit.o)
                0x00002f5c                __cxa_atexit
 .text.__errno  0x00002f78        0xc c:/program files (x86)/atmel/studio/7.0/toolchain/arm/arm-gnu-toolchain/bin/../lib/gcc/arm-none-eabi/4.9.3/../../../../arm-none-eabi/lib/armv6-m\libc_nano.a(lib_a-errno.o)
                0x00002f78                __errno
 .text.exit     0x00002f84       0x2c c:/program files (x86)/atmel/studio/7.0/toolchain/arm/arm-gnu-toolchain/bin/../lib/gcc/arm-none-eabi/4.9.3/../../../../arm-none-eabi/lib/armv6-m\libc_nano.a(lib_a-exit.o)
                0x00002f84                exit
 .text._fclose_r
                0x00002fb0       0xb0 c:/program files (x86)/atmel/studio/7.0/toolchain/arm/arm-gnu-toolchain/bin/../lib/gcc/arm-none-eabi/4.9.3/../../../../arm-none-eabi/lib/armv6-m\libc_nano.a(lib_a-fclose.o)
                0x00002fb0                _fclose_r
 .text.fclose   0x00003060       0x14 c:/program files (x86)/atmel/studio/7.0/toolchain/arm/arm-gnu-toolchain/bin/../lib/gcc/arm-none-eabi/4.9.3/../../../../arm-none-eabi/lib/armv6-m\libc_nano.a(lib_a-fclose.o)
                0x00003060                fclose
 .text.__sflush_r
                0x00003074      0x112 c:/program files (x86)/atmel/studio/7.0/toolchain/arm/arm-gnu-toolchain/bin/../lib/gcc/arm-none-eabi/4.9.3/../../../../arm-none-eabi/lib/armv6-m\libc_nano.a(lib_a-fflush.o)
                0x00003074                __sflush_r
 *fill*         0x00003186        0x2 
 .text._fflush_r
                0x00003188       0x58 c:/program files (x86)/atmel/studio/7.0/toolchain/arm/arm-gnu-toolchain/bin/../lib/gcc/arm-none-eabi/4.9.3/../../../../arm-none-eabi/lib/armv6-m\libc_nano.a(lib_a-fflush.o)
                0x00003188                _fflush_r
 .text.fflush   0x000031e0       0x28 c:/program files (x86)/atmel/studio/7.0/toolchain/arm/arm-gnu-toolchain/bin/../lib/gcc/arm-none-eabi/4.9.3/../../../../arm-none-eabi/lib/armv6-m\libc_nano.a(lib_a-fflush.o)
                0x000031e0                fflush
 .text._cleanup_r
                0x00003208       0x10 c:/program files (x86)/atmel/studio/7.0/toolchain/arm/arm-gnu-toolchain/bin/../lib/gcc/arm-none-eabi/4.9.3/../../../../arm-none-eabi/lib/armv6-m\libc_nano.a(lib_a-findfp.o)
                0x00003208                _cleanup_r
 .text.std.isra.0
                0x00003218       0x48 c:/program files (x86)/atmel/studio/7.0/toolchain/arm/arm-gnu-toolchain/bin/../lib/gcc/arm-none-eabi/4.9.3/../../../../arm-none-eabi/lib/armv6-m\libc_nano.a(lib_a-findfp.o)
 .text.__sfmoreglue
                0x00003260       0x2c c:/program files (x86)/atmel/studio/7.0/toolchain/arm/arm-gnu-toolchain/bin/../lib/gcc/arm-none-eabi/4.9.3/../../../../arm-none-eabi/lib/armv6-m\libc_nano.a(lib_a-findfp.o)
                0x00003260                __sfmoreglue
 .text.__sinit  0x0000328c       0x64 c:/program files (x86)/atmel/studio/7.0/toolchain/arm/arm-gnu-toolchain/bin/../lib/gcc/arm-none-eabi/4.9.3/../../../../arm-none-eabi/lib/armv6-m\libc_nano.a(lib_a-findfp.o)
                0x0000328c                __sinit
 .text.__sfp    0x000032f0       0x7c c:/program files (x86)/atmel/studio/7.0/toolchain/arm/arm-gnu-toolchain/bin/../lib/gcc/arm-none-eabi/4.9.3/../../../../arm-none-eabi/lib/armv6-m\libc_nano.a(lib_a-findfp.o)
                0x000032f0                __sfp
 .text.__sfp_lock_acquire
                0x0000336c        0x2 c:/program files (x86)/atmel/studio/7.0/toolchain/arm/arm-gnu-toolchain/bin/../lib/gcc/arm-none-eabi/4.9.3/../../../../arm-none-eabi/lib/armv6-m\libc_nano.a(lib_a-findfp.o)
                0x0000336c                __sfp_lock_acquire
 .text.__sfp_lock_release
                0x0000336e        0x2 c:/program files (x86)/atmel/studio/7.0/toolchain/arm/arm-gnu-toolchain/bin/../lib/gcc/arm-none-eabi/4.9.3/../../../../arm-none-eabi/lib/armv6-m\libc_nano.a(lib_a-findfp.o)
                0x0000336e                __sfp_lock_release
 .text._fopen_r
                0x00003370       0x7c c:/program files (x86)/atmel/studio/7.0/toolchain/arm/arm-gnu-toolchain/bin/../lib/gcc/arm-none-eabi/4.9.3/../../../../arm-none-eabi/lib/armv6-m\libc_nano.a(lib_a-fopen.o)
                0x00003370                _fopen_r
 .text.fopen    0x000033ec       0x18 c:/program files (x86)/atmel/studio/7.0/toolchain/arm/arm-gnu-toolchain/bin/../lib/gcc/arm-none-eabi/4.9.3/../../../../arm-none-eabi/lib/armv6-m\libc_nano.a(lib_a-fopen.o)
                0x000033ec                fopen
 .text._fseek_r
                0x00003404        0x8 c:/program files (x86)/atmel/studio/7.0/toolchain/arm/arm-gnu-toolchain/bin/../lib/gcc/arm-none-eabi/4.9.3/../../../../arm-none-eabi/lib/armv6-m\libc_nano.a(lib_a-fseek.o)
                0x00003404                _fseek_r
 .text._fseeko_r
                0x0000340c      0x130 c:/program files (x86)/atmel/studio/7.0/toolchain/arm/arm-gnu-toolchain/bin/../lib/gcc/arm-none-eabi/4.9.3/../../../../arm-none-eabi/lib/armv6-m\libc_nano.a(lib_a-fseeko.o)
                0x0000340c                _fseeko_r
 .text._fwalk_reent
                0x0000353c       0x42 c:/program files (x86)/atmel/studio/7.0/toolchain/arm/arm-gnu-toolchain/bin/../lib/gcc/arm-none-eabi/4.9.3/../../../../arm-none-eabi/lib/armv6-m\libc_nano.a(lib_a-fwalk.o)
                0x0000353c                _fwalk_reent
 *fill*         0x0000357e        0x2 
 .text.__libc_init_array
                0x00003580       0x4c c:/program files (x86)/atmel/studio/7.0/toolchain/arm/arm-gnu-toolchain/bin/../lib/gcc/arm-none-eabi/4.9.3/../../../../arm-none-eabi/lib/armv6-m\libc_nano.a(lib_a-init.o)
                0x00003580                __libc_init_array
 .text.__smakebuf_r
                0x000035cc       0xb0 c:/program files (x86)/atmel/studio/7.0/toolchain/arm/arm-gnu-toolchain/bin/../lib/gcc/arm-none-eabi/4.9.3/../../../../arm-none-eabi/lib/armv6-m\libc_nano.a(lib_a-makebuf.o)
                0x000035cc                __smakebuf_r
 .text.malloc   0x0000367c       0x14 c:/program files (x86)/atmel/studio/7.0/toolchain/arm/arm-gnu-toolchain/bin/../lib/gcc/arm-none-eabi/4.9.3/../../../../arm-none-eabi/lib/armv6-m\libc_nano.a(lib_a-malloc.o)
                0x0000367c                malloc
 .text.free     0x00003690       0x14 c:/program files (x86)/atmel/studio/7.0/toolchain/arm/arm-gnu-toolchain/bin/../lib/gcc/arm-none-eabi/4.9.3/../../../../arm-none-eabi/lib/armv6-m\libc_nano.a(lib_a-malloc.o)
                0x00003690                free
 .text.memchr   0x000036a4       0x16 c:/program files (x86)/atmel/studio/7.0/toolchain/arm/arm-gnu-toolchain/bin/../lib/gcc/arm-none-eabi/4.9.3/../../../../arm-none-eabi/lib/armv6-m\libc_nano.a(lib_a-memchr.o)
                0x000036a4                memchr
 .text.memcpy   0x000036ba       0x12 c:/program files (x86)/atmel/studio/7.0/toolchain/arm/arm-gnu-toolchain/bin/../lib/gcc/arm-none-eabi/4.9.3/../../../../arm-none-eabi/lib/armv6-m\libc_nano.a(lib_a-memcpy.o)
                0x000036ba                memcpy
 .text.memset   0x000036cc       0x10 c:/program files (x86)/atmel/studio/7.0/toolchain/arm/arm-gnu-toolchain/bin/../lib/gcc/arm-none-eabi/4.9.3/../../../../arm-none-eabi/lib/armv6-m\libc_nano.a(lib_a-memset.o)
                0x000036cc                memset
 .text._free_r  0x000036dc       0x8c c:/program files (x86)/atmel/studio/7.0/toolchain/arm/arm-gnu-toolchain/bin/../lib/gcc/arm-none-eabi/4.9.3/../../../../arm-none-eabi/lib/armv6-m\libc_nano.a(lib_a-nano-freer.o)
                0x000036dc                _free_r
 .text._malloc_r
                0x00003768       0xb0 c:/program files (x86)/atmel/studio/7.0/toolchain/arm/arm-gnu-toolchain/bin/../lib/gcc/arm-none-eabi/4.9.3/../../../../arm-none-eabi/lib/armv6-m\libc_nano.a(lib_a-nano-mallocr.o)
                0x00003768                _malloc_r
 .text.__sfputc_r
                0x00003818       0x2a c:/program files (x86)/atmel/studio/7.0/toolchain/arm/arm-gnu-toolchain/bin/../lib/gcc/arm-none-eabi/4.9.3/../../../../arm-none-eabi/lib/armv6-m\libc_nano.a(lib_a-nano-vfprintf.o)
 .text.__sfputs_r
                0x00003842       0x24 c:/program files (x86)/atmel/studio/7.0/toolchain/arm/arm-gnu-toolchain/bin/../lib/gcc/arm-none-eabi/4.9.3/../../../../arm-none-eabi/lib/armv6-m\libc_nano.a(lib_a-nano-vfprintf.o)
                0x00003842                __sfputs_r
 *fill*         0x00003866        0x2 
 .text._vfprintf_r
                0x00003868      0x220 c:/program files (x86)/atmel/studio/7.0/toolchain/arm/arm-gnu-toolchain/bin/../lib/gcc/arm-none-eabi/4.9.3/../../../../arm-none-eabi/lib/armv6-m\libc_nano.a(lib_a-nano-vfprintf.o)
                0x00003868                _vfprintf_r
                0x00003868                _vfiprintf_r
 .text.vfprintf
                0x00003a88       0x1c c:/program files (x86)/atmel/studio/7.0/toolchain/arm/arm-gnu-toolchain/bin/../lib/gcc/arm-none-eabi/4.9.3/../../../../arm-none-eabi/lib/armv6-m\libc_nano.a(lib_a-nano-vfprintf.o)
                0x00003a88                vfprintf
                0x00003a88                vfiprintf
 .text.__cvt    0x00003aa4       0xc8 c:/program files (x86)/atmel/studio/7.0/toolchain/arm/arm-gnu-toolchain/bin/../lib/gcc/arm-none-eabi/4.9.3/../../../../arm-none-eabi/lib/armv6-m\libc_nano.a(lib_a-nano-vfprintf_float.o)
                0x00003aa4                __cvt
 .text.__exponent
                0x00003b6c       0x62 c:/program files (x86)/atmel/studio/7.0/toolchain/arm/arm-gnu-toolchain/bin/../lib/gcc/arm-none-eabi/4.9.3/../../../../arm-none-eabi/lib/armv6-m\libc_nano.a(lib_a-nano-vfprintf_float.o)
                0x00003b6c                __exponent
 *fill*         0x00003bce        0x2 
 .text._printf_float
                0x00003bd0      0x47c c:/program files (x86)/atmel/studio/7.0/toolchain/arm/arm-gnu-toolchain/bin/../lib/gcc/arm-none-eabi/4.9.3/../../../../arm-none-eabi/lib/armv6-m\libc_nano.a(lib_a-nano-vfprintf_float.o)
                0x00003bd0                _printf_float
 .text._printf_common
                0x0000404c       0xdc c:/program files (x86)/atmel/studio/7.0/toolchain/arm/arm-gnu-toolchain/bin/../lib/gcc/arm-none-eabi/4.9.3/../../../../arm-none-eabi/lib/armv6-m\libc_nano.a(lib_a-nano-vfprintf_i.o)
                0x0000404c                _printf_common
 .text._printf_i
                0x00004128      0x230 c:/program files (x86)/atmel/studio/7.0/toolchain/arm/arm-gnu-toolchain/bin/../lib/gcc/arm-none-eabi/4.9.3/../../../../arm-none-eabi/lib/armv6-m\libc_nano.a(lib_a-nano-vfprintf_i.o)
                0x00004128                _printf_i
 .text._scanf_float
                0x00004358      0x3d4 c:/program files (x86)/atmel/studio/7.0/toolchain/arm/arm-gnu-toolchain/bin/../lib/gcc/arm-none-eabi/4.9.3/../../../../arm-none-eabi/lib/armv6-m\libc_nano.a(lib_a-nano-vfscanf_float.o)
                0x00004358                _scanf_float
 .text._scanf_chars
                0x0000472c       0xbc c:/program files (x86)/atmel/studio/7.0/toolchain/arm/arm-gnu-toolchain/bin/../lib/gcc/arm-none-eabi/4.9.3/../../../../arm-none-eabi/lib/armv6-m\libc_nano.a(lib_a-nano-vfscanf_i.o)
                0x0000472c                _scanf_chars
 .text._scanf_i
                0x000047e8      0x1f4 c:/program files (x86)/atmel/studio/7.0/toolchain/arm/arm-gnu-toolchain/bin/../lib/gcc/arm-none-eabi/4.9.3/../../../../arm-none-eabi/lib/armv6-m\libc_nano.a(lib_a-nano-vfscanf_i.o)
                0x000047e8                _scanf_i
 .text._open_r  0x000049dc       0x28 c:/program files (x86)/atmel/studio/7.0/toolchain/arm/arm-gnu-toolchain/bin/../lib/gcc/arm-none-eabi/4.9.3/../../../../arm-none-eabi/lib/armv6-m\libc_nano.a(lib_a-openr.o)
                0x000049dc                _open_r
 .text.__fpclassifyd
                0x00004a04       0x50 c:/program files (x86)/atmel/studio/7.0/toolchain/arm/arm-gnu-toolchain/bin/../lib/gcc/arm-none-eabi/4.9.3/../../../../arm-none-eabi/lib/armv6-m\libc_nano.a(lib_a-s_fpclassify.o)
                0x00004a04                __fpclassifyd
 .text._sbrk_r  0x00004a54       0x24 c:/program files (x86)/atmel/studio/7.0/toolchain/arm/arm-gnu-toolchain/bin/../lib/gcc/arm-none-eabi/4.9.3/../../../../arm-none-eabi/lib/armv6-m\libc_nano.a(lib_a-sbrkr.o)
                0x00004a54                _sbrk_r
 .text.__sccl   0x00004a78       0x66 c:/program files (x86)/atmel/studio/7.0/toolchain/arm/arm-gnu-toolchain/bin/../lib/gcc/arm-none-eabi/4.9.3/../../../../arm-none-eabi/lib/armv6-m\libc_nano.a(lib_a-sccl.o)
                0x00004a78                __sccl
 .text.setbuf   0x00004ade       0x12 c:/program files (x86)/atmel/studio/7.0/toolchain/arm/arm-gnu-toolchain/bin/../lib/gcc/arm-none-eabi/4.9.3/../../../../arm-none-eabi/lib/armv6-m\libc_nano.a(lib_a-setbuf.o)
                0x00004ade                setbuf
 .text.setvbuf  0x00004af0      0x10c c:/program files (x86)/atmel/studio/7.0/toolchain/arm/arm-gnu-toolchain/bin/../lib/gcc/arm-none-eabi/4.9.3/../../../../arm-none-eabi/lib/armv6-m\libc_nano.a(lib_a-setvbuf.o)
                0x00004af0                setvbuf
 .text.nanf     0x00004bfc        0x8 c:/program files (x86)/atmel/studio/7.0/toolchain/arm/arm-gnu-toolchain/bin/../lib/gcc/arm-none-eabi/4.9.3/../../../../arm-none-eabi/lib/armv6-m\libc_nano.a(lib_a-sf_nan.o)
                0x00004bfc                nanf
 .text.sprintf  0x00004c04       0x44 c:/program files (x86)/atmel/studio/7.0/toolchain/arm/arm-gnu-toolchain/bin/../lib/gcc/arm-none-eabi/4.9.3/../../../../arm-none-eabi/lib/armv6-m\libc_nano.a(lib_a-sprintf.o)
                0x00004c04                siprintf
                0x00004c04                sprintf
 .text.sscanf   0x00004c48       0x50 c:/program files (x86)/atmel/studio/7.0/toolchain/arm/arm-gnu-toolchain/bin/../lib/gcc/arm-none-eabi/4.9.3/../../../../arm-none-eabi/lib/armv6-m\libc_nano.a(lib_a-sscanf.o)
                0x00004c48                siscanf
                0x00004c48                sscanf
 .text.__sread  0x00004c98       0x28 c:/program files (x86)/atmel/studio/7.0/toolchain/arm/arm-gnu-toolchain/bin/../lib/gcc/arm-none-eabi/4.9.3/../../../../arm-none-eabi/lib/armv6-m\libc_nano.a(lib_a-stdio.o)
                0x00004c98                __sread
 .text.__seofread
                0x00004cc0        0x4 c:/program files (x86)/atmel/studio/7.0/toolchain/arm/arm-gnu-toolchain/bin/../lib/gcc/arm-none-eabi/4.9.3/../../../../arm-none-eabi/lib/armv6-m\libc_nano.a(lib_a-stdio.o)
                0x00004cc0                __seofread
 .text.__swrite
                0x00004cc4       0x38 c:/program files (x86)/atmel/studio/7.0/toolchain/arm/arm-gnu-toolchain/bin/../lib/gcc/arm-none-eabi/4.9.3/../../../../arm-none-eabi/lib/armv6-m\libc_nano.a(lib_a-stdio.o)
                0x00004cc4                __swrite
 .text.__sseek  0x00004cfc       0x2c c:/program files (x86)/atmel/studio/7.0/toolchain/arm/arm-gnu-toolchain/bin/../lib/gcc/arm-none-eabi/4.9.3/../../../../arm-none-eabi/lib/armv6-m\libc_nano.a(lib_a-stdio.o)
                0x00004cfc                __sseek
 .text.__sclose
                0x00004d28        0xc c:/program files (x86)/atmel/studio/7.0/toolchain/arm/arm-gnu-toolchain/bin/../lib/gcc/arm-none-eabi/4.9.3/../../../../arm-none-eabi/lib/armv6-m\libc_nano.a(lib_a-stdio.o)
                0x00004d28                __sclose
 .text          0x00004d34       0x14 c:/program files (x86)/atmel/studio/7.0/toolchain/arm/arm-gnu-toolchain/bin/../lib/gcc/arm-none-eabi/4.9.3/../../../../arm-none-eabi/lib/armv6-m\libc_nano.a(lib_a-strcmp.o)
                0x00004d34                strcmp
 .text.strlen   0x00004d48        0xe c:/program files (x86)/atmel/studio/7.0/toolchain/arm/arm-gnu-toolchain/bin/../lib/gcc/arm-none-eabi/4.9.3/../../../../arm-none-eabi/lib/armv6-m\libc_nano.a(lib_a-strlen.o)
                0x00004d48                strlen
 .text.strncmp  0x00004d56       0x28 c:/program files (x86)/atmel/studio/7.0/toolchain/arm/arm-gnu-toolchain/bin/../lib/gcc/arm-none-eabi/4.9.3/../../../../arm-none-eabi/lib/armv6-m\libc_nano.a(lib_a-strncmp.o)
                0x00004d56                strncmp
 .text.match    0x00004d7e       0x28 c:/program files (x86)/atmel/studio/7.0/toolchain/arm/arm-gnu-toolchain/bin/../lib/gcc/arm-none-eabi/4.9.3/../../../../arm-none-eabi/lib/armv6-m\libc_nano.a(lib_a-strtod.o)
 *fill*         0x00004da6        0x2 
 .text.unlikely.sulp
                0x00004da8       0x2c c:/program files (x86)/atmel/studio/7.0/toolchain/arm/arm-gnu-toolchain/bin/../lib/gcc/arm-none-eabi/4.9.3/../../../../arm-none-eabi/lib/armv6-m\libc_nano.a(lib_a-strtod.o)
 .text._strtod_r
                0x00004dd4      0xc34 c:/program files (x86)/atmel/studio/7.0/toolchain/arm/arm-gnu-toolchain/bin/../lib/gcc/arm-none-eabi/4.9.3/../../../../arm-none-eabi/lib/armv6-m\libc_nano.a(lib_a-strtod.o)
                0x00004dd4                _strtod_r
 .text._strtol_r
                0x00005a08      0x120 c:/program files (x86)/atmel/studio/7.0/toolchain/arm/arm-gnu-toolchain/bin/../lib/gcc/arm-none-eabi/4.9.3/../../../../arm-none-eabi/lib/armv6-m\libc_nano.a(lib_a-strtol.o)
                0x00005a08                _strtol_r
 .text._strtoul_r
                0x00005b28      0x104 c:/program files (x86)/atmel/studio/7.0/toolchain/arm/arm-gnu-toolchain/bin/../lib/gcc/arm-none-eabi/4.9.3/../../../../arm-none-eabi/lib/armv6-m\libc_nano.a(lib_a-strtoul.o)
                0x00005b28                _strtoul_r
 .text.__submore
                0x00005c2c       0x7c c:/program files (x86)/atmel/studio/7.0/toolchain/arm/arm-gnu-toolchain/bin/../lib/gcc/arm-none-eabi/4.9.3/../../../../arm-none-eabi/lib/armv6-m\libc_nano.a(lib_a-ungetc.o)
                0x00005c2c                __submore
 .text.__swbuf_r
                0x00005ca8       0xb0 c:/program files (x86)/atmel/studio/7.0/toolchain/arm/arm-gnu-toolchain/bin/../lib/gcc/arm-none-eabi/4.9.3/../../../../arm-none-eabi/lib/armv6-m\libc_nano.a(lib_a-wbuf.o)
                0x00005ca8                __swbuf_r
 .text._write_r
                0x00005d58       0x28 c:/program files (x86)/atmel/studio/7.0/toolchain/arm/arm-gnu-toolchain/bin/../lib/gcc/arm-none-eabi/4.9.3/../../../../arm-none-eabi/lib/armv6-m\libc_nano.a(lib_a-writer.o)
                0x00005d58                _write_r
 .text.__swsetup_r
                0x00005d80       0xe8 c:/program files (x86)/atmel/studio/7.0/toolchain/arm/arm-gnu-toolchain/bin/../lib/gcc/arm-none-eabi/4.9.3/../../../../arm-none-eabi/lib/armv6-m\libc_nano.a(lib_a-wsetup.o)
                0x00005d80                __swsetup_r
 .text._close_r
                0x00005e68       0x24 c:/program files (x86)/atmel/studio/7.0/toolchain/arm/arm-gnu-toolchain/bin/../lib/gcc/arm-none-eabi/4.9.3/../../../../arm-none-eabi/lib/armv6-m\libc_nano.a(lib_a-closer.o)
                0x00005e68                _close_r
 .text.quorem   0x00005e8c      0x10e c:/program files (x86)/atmel/studio/7.0/toolchain/arm/arm-gnu-toolchain/bin/../lib/gcc/arm-none-eabi/4.9.3/../../../../arm-none-eabi/lib/armv6-m\libc_nano.a(lib_a-dtoa.o)
 *fill*         0x00005f9a        0x2 
 .text._dtoa_r  0x00005f9c      0xc00 c:/program files (x86)/atmel/studio/7.0/toolchain/arm/arm-gnu-toolchain/bin/../lib/gcc/arm-none-eabi/4.9.3/../../../../arm-none-eabi/lib/armv6-m\libc_nano.a(lib_a-dtoa.o)
                0x00005f9c                _dtoa_r
 .text.__sflags
                0x00006b9c       0x70 c:/program files (x86)/atmel/studio/7.0/toolchain/arm/arm-gnu-toolchain/bin/../lib/gcc/arm-none-eabi/4.9.3/../../../../arm-none-eabi/lib/armv6-m\libc_nano.a(lib_a-flags.o)
                0x00006b9c                __sflags
 .text._fstat_r
                0x00006c0c       0x24 c:/program files (x86)/atmel/studio/7.0/toolchain/arm/arm-gnu-toolchain/bin/../lib/gcc/arm-none-eabi/4.9.3/../../../../arm-none-eabi/lib/armv6-m\libc_nano.a(lib_a-fstatr.o)
                0x00006c0c                _fstat_r
 .text.rshift   0x00006c30       0x68 c:/program files (x86)/atmel/studio/7.0/toolchain/arm/arm-gnu-toolchain/bin/../lib/gcc/arm-none-eabi/4.9.3/../../../../arm-none-eabi/lib/armv6-m\libc_nano.a(lib_a-gdtoa-gethex.o)
 .text.__hexdig_fun
                0x00006c98       0x2a c:/program files (x86)/atmel/studio/7.0/toolchain/arm/arm-gnu-toolchain/bin/../lib/gcc/arm-none-eabi/4.9.3/../../../../arm-none-eabi/lib/armv6-m\libc_nano.a(lib_a-gdtoa-gethex.o)
                0x00006c98                __hexdig_fun
 .text.__gethex
                0x00006cc2      0x448 c:/program files (x86)/atmel/studio/7.0/toolchain/arm/arm-gnu-toolchain/bin/../lib/gcc/arm-none-eabi/4.9.3/../../../../arm-none-eabi/lib/armv6-m\libc_nano.a(lib_a-gdtoa-gethex.o)
                0x00006cc2                __gethex
 .text.L_shift  0x0000710a       0x24 c:/program files (x86)/atmel/studio/7.0/toolchain/arm/arm-gnu-toolchain/bin/../lib/gcc/arm-none-eabi/4.9.3/../../../../arm-none-eabi/lib/armv6-m\libc_nano.a(lib_a-gdtoa-hexnan.o)
 .text.__hexnan
                0x0000712e      0x130 c:/program files (x86)/atmel/studio/7.0/toolchain/arm/arm-gnu-toolchain/bin/../lib/gcc/arm-none-eabi/4.9.3/../../../../arm-none-eabi/lib/armv6-m\libc_nano.a(lib_a-gdtoa-hexnan.o)
                0x0000712e                __hexnan
 *fill*         0x0000725e        0x2 
 .text._isatty_r
                0x00007260       0x24 c:/program files (x86)/atmel/studio/7.0/toolchain/arm/arm-gnu-toolchain/bin/../lib/gcc/arm-none-eabi/4.9.3/../../../../arm-none-eabi/lib/armv6-m\libc_nano.a(lib_a-isattyr.o)
                0x00007260                _isatty_r
 .text._localeconv_r
                0x00007284        0x8 c:/program files (x86)/atmel/studio/7.0/toolchain/arm/arm-gnu-toolchain/bin/../lib/gcc/arm-none-eabi/4.9.3/../../../../arm-none-eabi/lib/armv6-m\libc_nano.a(lib_a-locale.o)
                0x00007284                _localeconv_r
 .text._lseek_r
                0x0000728c       0x28 c:/program files (x86)/atmel/studio/7.0/toolchain/arm/arm-gnu-toolchain/bin/../lib/gcc/arm-none-eabi/4.9.3/../../../../arm-none-eabi/lib/armv6-m\libc_nano.a(lib_a-lseekr.o)
                0x0000728c                _lseek_r
 .text.memmove  0x000072b4       0x28 c:/program files (x86)/atmel/studio/7.0/toolchain/arm/arm-gnu-toolchain/bin/../lib/gcc/arm-none-eabi/4.9.3/../../../../arm-none-eabi/lib/armv6-m\libc_nano.a(lib_a-memmove.o)
                0x000072b4                memmove
 .text._Balloc  0x000072dc       0x70 c:/program files (x86)/atmel/studio/7.0/toolchain/arm/arm-gnu-toolchain/bin/../lib/gcc/arm-none-eabi/4.9.3/../../../../arm-none-eabi/lib/armv6-m\libc_nano.a(lib_a-mprec.o)
                0x000072dc                _Balloc
 .text._Bfree   0x0000734c       0x32 c:/program files (x86)/atmel/studio/7.0/toolchain/arm/arm-gnu-toolchain/bin/../lib/gcc/arm-none-eabi/4.9.3/../../../../arm-none-eabi/lib/armv6-m\libc_nano.a(lib_a-mprec.o)
                0x0000734c                _Bfree
 .text.__multadd
                0x0000737e       0x78 c:/program files (x86)/atmel/studio/7.0/toolchain/arm/arm-gnu-toolchain/bin/../lib/gcc/arm-none-eabi/4.9.3/../../../../arm-none-eabi/lib/armv6-m\libc_nano.a(lib_a-mprec.o)
                0x0000737e                __multadd
 .text.__s2b    0x000073f6       0x80 c:/program files (x86)/atmel/studio/7.0/toolchain/arm/arm-gnu-toolchain/bin/../lib/gcc/arm-none-eabi/4.9.3/../../../../arm-none-eabi/lib/armv6-m\libc_nano.a(lib_a-mprec.o)
                0x000073f6                __s2b
 .text.__hi0bits
                0x00007476       0x36 c:/program files (x86)/atmel/studio/7.0/toolchain/arm/arm-gnu-toolchain/bin/../lib/gcc/arm-none-eabi/4.9.3/../../../../arm-none-eabi/lib/armv6-m\libc_nano.a(lib_a-mprec.o)
                0x00007476                __hi0bits
 .text.__lo0bits
                0x000074ac       0x5e c:/program files (x86)/atmel/studio/7.0/toolchain/arm/arm-gnu-toolchain/bin/../lib/gcc/arm-none-eabi/4.9.3/../../../../arm-none-eabi/lib/armv6-m\libc_nano.a(lib_a-mprec.o)
                0x000074ac                __lo0bits
 .text.__i2b    0x0000750a       0x12 c:/program files (x86)/atmel/studio/7.0/toolchain/arm/arm-gnu-toolchain/bin/../lib/gcc/arm-none-eabi/4.9.3/../../../../arm-none-eabi/lib/armv6-m\libc_nano.a(lib_a-mprec.o)
                0x0000750a                __i2b
 .text.__multiply
                0x0000751c      0x11a c:/program files (x86)/atmel/studio/7.0/toolchain/arm/arm-gnu-toolchain/bin/../lib/gcc/arm-none-eabi/4.9.3/../../../../arm-none-eabi/lib/armv6-m\libc_nano.a(lib_a-mprec.o)
                0x0000751c                __multiply
 *fill*         0x00007636        0x2 
 .text.__pow5mult
                0x00007638       0xa4 c:/program files (x86)/atmel/studio/7.0/toolchain/arm/arm-gnu-toolchain/bin/../lib/gcc/arm-none-eabi/4.9.3/../../../../arm-none-eabi/lib/armv6-m\libc_nano.a(lib_a-mprec.o)
                0x00007638                __pow5mult
 .text.__lshift
                0x000076dc       0xa4 c:/program files (x86)/atmel/studio/7.0/toolchain/arm/arm-gnu-toolchain/bin/../lib/gcc/arm-none-eabi/4.9.3/../../../../arm-none-eabi/lib/armv6-m\libc_nano.a(lib_a-mprec.o)
                0x000076dc                __lshift
 .text.__mcmp   0x00007780       0x36 c:/program files (x86)/atmel/studio/7.0/toolchain/arm/arm-gnu-toolchain/bin/../lib/gcc/arm-none-eabi/4.9.3/../../../../arm-none-eabi/lib/armv6-m\libc_nano.a(lib_a-mprec.o)
                0x00007780                __mcmp
 .text.__mdiff  0x000077b6       0xd6 c:/program files (x86)/atmel/studio/7.0/toolchain/arm/arm-gnu-toolchain/bin/../lib/gcc/arm-none-eabi/4.9.3/../../../../arm-none-eabi/lib/armv6-m\libc_nano.a(lib_a-mprec.o)
                0x000077b6                __mdiff
 .text.__ulp    0x0000788c       0x48 c:/program files (x86)/atmel/studio/7.0/toolchain/arm/arm-gnu-toolchain/bin/../lib/gcc/arm-none-eabi/4.9.3/../../../../arm-none-eabi/lib/armv6-m\libc_nano.a(lib_a-mprec.o)
                0x0000788c                __ulp
 .text.__b2d    0x000078d4       0xa4 c:/program files (x86)/atmel/studio/7.0/toolchain/arm/arm-gnu-toolchain/bin/../lib/gcc/arm-none-eabi/4.9.3/../../../../arm-none-eabi/lib/armv6-m\libc_nano.a(lib_a-mprec.o)
                0x000078d4                __b2d
 .text.__d2b    0x00007978       0xa8 c:/program files (x86)/atmel/studio/7.0/toolchain/arm/arm-gnu-toolchain/bin/../lib/gcc/arm-none-eabi/4.9.3/../../../../arm-none-eabi/lib/armv6-m\libc_nano.a(lib_a-mprec.o)
                0x00007978                __d2b
 .text.__ratio  0x00007a20       0x54 c:/program files (x86)/atmel/studio/7.0/toolchain/arm/arm-gnu-toolchain/bin/../lib/gcc/arm-none-eabi/4.9.3/../../../../arm-none-eabi/lib/armv6-m\libc_nano.a(lib_a-mprec.o)
                0x00007a20                __ratio
 .text.__copybits
                0x00007a74       0x2c c:/program files (x86)/atmel/studio/7.0/toolchain/arm/arm-gnu-toolchain/bin/../lib/gcc/arm-none-eabi/4.9.3/../../../../arm-none-eabi/lib/armv6-m\libc_nano.a(lib_a-mprec.o)
                0x00007a74                __copybits
 .text.__any_on
                0x00007aa0       0x42 c:/program files (x86)/atmel/studio/7.0/toolchain/arm/arm-gnu-toolchain/bin/../lib/gcc/arm-none-eabi/4.9.3/../../../../arm-none-eabi/lib/armv6-m\libc_nano.a(lib_a-mprec.o)
                0x00007aa0                __any_on
 .text._calloc_r
                0x00007ae2       0x1c c:/program files (x86)/atmel/studio/7.0/toolchain/arm/arm-gnu-toolchain/bin/../lib/gcc/arm-none-eabi/4.9.3/../../../../arm-none-eabi/lib/armv6-m\libc_nano.a(lib_a-nano-callocr.o)
                0x00007ae2                _calloc_r
 .text._realloc_r
                0x00007afe       0x4c c:/program files (x86)/atmel/studio/7.0/toolchain/arm/arm-gnu-toolchain/bin/../lib/gcc/arm-none-eabi/4.9.3/../../../../arm-none-eabi/lib/armv6-m\libc_nano.a(lib_a-nano-reallocr.o)
                0x00007afe                _realloc_r
 *fill*         0x00007b4a        0x2 
 .text.__ssputs_r
                0x00007b4c       0xc0 c:/program files (x86)/atmel/studio/7.0/toolchain/arm/arm-gnu-toolchain/bin/../lib/gcc/arm-none-eabi/4.9.3/../../../../arm-none-eabi/lib/armv6-m\libc_nano.a(lib_a-nano-svfprintf.o)
                0x00007b4c                __ssputs_r
 .text._svfprintf_r
                0x00007c0c      0x1ec c:/program files (x86)/atmel/studio/7.0/toolchain/arm/arm-gnu-toolchain/bin/../lib/gcc/arm-none-eabi/4.9.3/../../../../arm-none-eabi/lib/armv6-m\libc_nano.a(lib_a-nano-svfprintf.o)
                0x00007c0c                _svfiprintf_r
                0x00007c0c                _svfprintf_r
 .text._sungetc_r
                0x00007df8       0x7a c:/program files (x86)/atmel/studio/7.0/toolchain/arm/arm-gnu-toolchain/bin/../lib/gcc/arm-none-eabi/4.9.3/../../../../arm-none-eabi/lib/armv6-m\libc_nano.a(lib_a-nano-svfscanf.o)
                0x00007df8                _sungetc_r
 .text.__ssrefill_r
                0x00007e72       0x3e c:/program files (x86)/atmel/studio/7.0/toolchain/arm/arm-gnu-toolchain/bin/../lib/gcc/arm-none-eabi/4.9.3/../../../../arm-none-eabi/lib/armv6-m\libc_nano.a(lib_a-nano-svfscanf.o)
                0x00007e72                __ssrefill_r
 .text.__ssvfscanf_r
                0x00007eb0      0x2f0 c:/program files (x86)/atmel/studio/7.0/toolchain/arm/arm-gnu-toolchain/bin/../lib/gcc/arm-none-eabi/4.9.3/../../../../arm-none-eabi/lib/armv6-m\libc_nano.a(lib_a-nano-svfscanf.o)
                0x00007eb0                __ssvfiscanf_r
                0x00007eb0                __ssvfscanf_r
 .text._read_r  0x000081a0       0x28 c:/program files (x86)/atmel/studio/7.0/toolchain/arm/arm-gnu-toolchain/bin/../lib/gcc/arm-none-eabi/4.9.3/../../../../arm-none-eabi/lib/armv6-m\libc_nano.a(lib_a-readr.o)
                0x000081a0                _read_r
 .text._malloc_usable_size_r
                0x000081c8       0x16 c:/program files (x86)/atmel/studio/7.0/toolchain/arm/arm-gnu-toolchain/bin/../lib/gcc/arm-none-eabi/4.9.3/../../../../arm-none-eabi/lib/armv6-m\libc_nano.a(lib_a-nano-msizer.o)
                0x000081c8                _malloc_usable_size_r
 *fill*         0x000081de        0x2 
 .text          0x000081e0       0x14 c:/program files (x86)/atmel/studio/7.0/toolchain/arm/arm-gnu-toolchain/bin/../lib/gcc/arm-none-eabi/4.9.3/armv6-m\libgcc.a(_thumb1_case_uqi.o)
                0x000081e0                __gnu_thumb1_case_uqi
 .text          0x000081f4       0x7c c:/program files (x86)/atmel/studio/7.0/toolchain/arm/arm-gnu-toolchain/bin/../lib/gcc/arm-none-eabi/4.9.3/armv6-m\libgcc.a(_arm_cmpdf2.o)
                0x000081f4                __aeabi_cdrcmple
                0x00008204                __aeabi_cdcmple
                0x00008204                __aeabi_cdcmpeq
                0x00008214                __aeabi_dcmpeq
                0x00008220                __aeabi_dcmplt
                0x00008234                __aeabi_dcmple
                0x00008248                __aeabi_dcmpgt
                0x0000825c                __aeabi_dcmpge
 .text          0x00008270       0x3c c:/program files (x86)/atmel/studio/7.0/toolchain/arm/arm-gnu-toolchain/bin/../lib/gcc/arm-none-eabi/4.9.3/armv6-m\libgcc.a(_fixunsdfsi.o)
                0x00008270                __aeabi_d2uiz
                0x00008270                __fixunsdfsi
 .text          0x000082ac      0x650 c:/program files (x86)/atmel/studio/7.0/toolchain/arm/arm-gnu-toolchain/bin/../lib/gcc/arm-none-eabi/4.9.3/armv6-m\libgcc.a(adddf3.o)
                0x000082ac                __aeabi_dadd
 .text          0x000088fc      0x648 c:/program files (x86)/atmel/studio/7.0/toolchain/arm/arm-gnu-toolchain/bin/../lib/gcc/arm-none-eabi/4.9.3/armv6-m\libgcc.a(divdf3.o)
                0x000088fc                __aeabi_ddiv
 .text          0x00008f44       0x88 c:/program files (x86)/atmel/studio/7.0/toolchain/arm/arm-gnu-toolchain/bin/../lib/gcc/arm-none-eabi/4.9.3/armv6-m\libgcc.a(eqdf2.o)
                0x00008f44                __nedf2
                0x00008f44                __eqdf2
 .text          0x00008fcc       0xe0 c:/program files (x86)/atmel/studio/7.0/toolchain/arm/arm-gnu-toolchain/bin/../lib/gcc/arm-none-eabi/4.9.3/armv6-m\libgcc.a(gedf2.o)
                0x00008fcc                __gedf2
                0x00008fcc                __gtdf2
 .text          0x000090ac       0xcc c:/program files (x86)/atmel/studio/7.0/toolchain/arm/arm-gnu-toolchain/bin/../lib/gcc/arm-none-eabi/4.9.3/armv6-m\libgcc.a(ledf2.o)
                0x000090ac                __ledf2
                0x000090ac                __ltdf2
 .text          0x00009178      0x534 c:/program files (x86)/atmel/studio/7.0/toolchain/arm/arm-gnu-toolchain/bin/../lib/gcc/arm-none-eabi/4.9.3/armv6-m\libgcc.a(muldf3.o)
                0x00009178                __aeabi_dmul
 .text          0x000096ac      0x6f4 c:/program files (x86)/atmel/studio/7.0/toolchain/arm/arm-gnu-toolchain/bin/../lib/gcc/arm-none-eabi/4.9.3/armv6-m\libgcc.a(subdf3.o)
                0x000096ac                __aeabi_dsub
 .text          0x00009da0       0x6c c:/program files (x86)/atmel/studio/7.0/toolchain/arm/arm-gnu-toolchain/bin/../lib/gcc/arm-none-eabi/4.9.3/armv6-m\libgcc.a(fixdfsi.o)
                0x00009da0                __aeabi_d2iz
 .text          0x00009e0c       0x78 c:/program files (x86)/atmel/studio/7.0/toolchain/arm/arm-gnu-toolchain/bin/../lib/gcc/arm-none-eabi/4.9.3/armv6-m\libgcc.a(floatsidf.o)
                0x00009e0c                __aeabi_i2d
 .text          0x00009e84       0x64 c:/program files (x86)/atmel/studio/7.0/toolchain/arm/arm-gnu-toolchain/bin/../lib/gcc/arm-none-eabi/4.9.3/armv6-m\libgcc.a(floatunsidf.o)
                0x00009e84                __aeabi_ui2d
 .text          0x00009ee8      0x120 c:/program files (x86)/atmel/studio/7.0/toolchain/arm/arm-gnu-toolchain/bin/../lib/gcc/arm-none-eabi/4.9.3/armv6-m\libgcc.a(truncdfsf2.o)
                0x00009ee8                __aeabi_d2f
 *(.glue_7t)
 .glue_7t       0x00000000        0x0 linker stubs
 *(.glue_7)
 .glue_7        0x00000000        0x0 linker stubs
 *(.rodata .rodata* .gnu.linkonce.r.*)
 .rodata.str1.4
                0x0000a008       0x64 internalClock/internalClock.o
 .rodata.str1.4
                0x0000a06c       0x16 main.o
 *fill*         0x0000a082        0x2 
 .rodata.__stdin_name
                0x0000a084        0x7 .././mbed/TARGET_SAMR21G18A/TOOLCHAIN_GCC_ARM/retarget.o
                0x0000a084                __stdin_name
 *fill*         0x0000a08b        0x1 
 .rodata.__stderr_name
                0x0000a08c        0x8 .././mbed/TARGET_SAMR21G18A/TOOLCHAIN_GCC_ARM/retarget.o
                0x0000a08c                __stderr_name
 .rodata.__stdout_name
                0x0000a094        0x8 .././mbed/TARGET_SAMR21G18A/TOOLCHAIN_GCC_ARM/retarget.o
                0x0000a094                __stdout_name
 *fill*         0x0000a09c        0x4 
 .rodata._ZTVN4mbed10FileHandleE
                0x0000a0a0       0x2c .././mbed/TARGET_SAMR21G18A/TOOLCHAIN_GCC_ARM/retarget.o
                0x0000a0a0                vtable for mbed::FileHandle
 .rodata.str1.4
                0x0000a0cc        0xe .././mbed/TARGET_SAMR21G18A/TOOLCHAIN_GCC_ARM/retarget.o
 *fill*         0x0000a0da        0x2 
 .rodata.CSWTCH.41
                0x0000a0dc        0xc .././mbed/TARGET_SAMR21G18A/TOOLCHAIN_GCC_ARM\libmbed.a(serial_api.o)
 .rodata.str1.4
                0x0000a0e8      0x29b .././mbed/TARGET_SAMR21G18A/TOOLCHAIN_GCC_ARM\libmbed.a(serial_api.o)
                                0x29f (size before relaxing)
 *fill*         0x0000a383        0x5 
 .rodata._ZTVN4mbed6SerialE
                0x0000a388       0x5c .././mbed/TARGET_SAMR21G18A/TOOLCHAIN_GCC_ARM\libmbed.a(Serial.o)
                0x0000a388                vtable for mbed::Serial
 *fill*         0x0000a3e4        0x4 
 .rodata._ZTVN4mbed10SerialBaseE
                0x0000a3e8       0x10 .././mbed/TARGET_SAMR21G18A/TOOLCHAIN_GCC_ARM\libmbed.a(SerialBase.o)
                0x0000a3e8                vtable for mbed::SerialBase
 .rodata._ZTVN4mbed6StreamE
                0x0000a3f8       0x44 .././mbed/TARGET_SAMR21G18A/TOOLCHAIN_GCC_ARM\libmbed.a(Stream.o)
                0x0000a3f8                vtable for mbed::Stream
 .rodata.str1.4
                0x0000a43c        0x3 .././mbed/TARGET_SAMR21G18A/TOOLCHAIN_GCC_ARM\libmbed.a(Stream.o)
                                  0x7 (size before relaxing)
 *fill*         0x0000a43f        0x1 
 .rodata.str1.4
                0x0000a440       0x31 .././mbed/TARGET_SAMR21G18A/TOOLCHAIN_GCC_ARM\libmbed.a(assert.o)
 *fill*         0x0000a471        0x3 
 .rodata.str1.4
                0x0000a474       0x78 .././mbed/TARGET_SAMR21G18A/TOOLCHAIN_GCC_ARM\libmbed.a(gpio.o)
                                 0x90 (size before relaxing)
 .rodata.str1.4
                0x0000a4ec       0x66 .././mbed/TARGET_SAMR21G18A/TOOLCHAIN_GCC_ARM\libmbed.a(pinmap_common.o)
 *fill*         0x0000a552        0x2 
 .rodata.PinMap_SERCOM_PADEx
                0x0000a554       0x84 .././mbed/TARGET_SAMR21G18A/TOOLCHAIN_GCC_ARM\libmbed.a(PeripheralPins.o)
                0x0000a554                PinMap_SERCOM_PADEx
 .rodata.PinMap_SERCOM_PAD
                0x0000a5d8      0x18c .././mbed/TARGET_SAMR21G18A/TOOLCHAIN_GCC_ARM\libmbed.a(PeripheralPins.o)
                0x0000a5d8                PinMap_SERCOM_PAD
 .rodata        0x0000a764       0x18 .././mbed/TARGET_SAMR21G18A/TOOLCHAIN_GCC_ARM\libmbed.a(sercom.o)
 .rodata.str1.4
                0x0000a77c       0x7b .././mbed/TARGET_SAMR21G18A/TOOLCHAIN_GCC_ARM\libmbed.a(gpio_api.o)
                                 0x94 (size before relaxing)
 *fill*         0x0000a7f7        0x1 
 .rodata.str1.4
                0x0000a7f8       0x6d .././mbed/TARGET_SAMR21G18A/TOOLCHAIN_GCC_ARM\libmbed.a(pinmap.o)
                                 0x81 (size before relaxing)
 *fill*         0x0000a865        0x3 
 .rodata        0x0000a868       0x18 .././mbed/TARGET_SAMR21G18A/TOOLCHAIN_GCC_ARM\libmbed.a(pinmap_function.o)
 .rodata.str1.4
                0x0000a880       0x83 .././mbed/TARGET_SAMR21G18A/TOOLCHAIN_GCC_ARM\libmbed.a(us_ticker.o)
 *fill*         0x0000a903        0x1 
 .rodata.tc_interrupt_vectors.12802
                0x0000a904        0x3 .././mbed/TARGET_SAMR21G18A/TOOLCHAIN_GCC_ARM\libmbed.a(us_ticker.o)
 *fill*         0x0000a907        0x1 
 .rodata.str1.4
                0x0000a908       0x74 .././mbed/TARGET_SAMR21G18A/TOOLCHAIN_GCC_ARM\libmbed.a(spi_api.o)
                                 0x77 (size before relaxing)
 *fill*         0x0000a97c        0x4 
 .rodata._ZTVN4mbed8FileBaseE
                0x0000a980       0x10 .././mbed/TARGET_SAMR21G18A/TOOLCHAIN_GCC_ARM\libmbed.a(FileBase.o)
                0x0000a980                vtable for mbed::FileBase
 .rodata._ZTVN4mbed8FileLikeE
                0x0000a990       0x3c .././mbed/TARGET_SAMR21G18A/TOOLCHAIN_GCC_ARM\libmbed.a(FileLike.o)
                0x0000a990                vtable for mbed::FileLike
 .rodata.us_interface
                0x0000a9cc       0x14 .././mbed/TARGET_SAMR21G18A/TOOLCHAIN_GCC_ARM\libmbed.a(us_ticker_api.o)
 .rodata.us_data
                0x0000a9e0        0x8 .././mbed/TARGET_SAMR21G18A/TOOLCHAIN_GCC_ARM\libmbed.a(us_ticker_api.o)
 .rodata.system_clock_source_get_hz
                0x0000a9e8       0x24 .././mbed/TARGET_SAMR21G18A/TOOLCHAIN_GCC_ARM\libmbed.a(clock.o)
 .rodata.system_clock_source_enable
                0x0000aa0c       0x24 .././mbed/TARGET_SAMR21G18A/TOOLCHAIN_GCC_ARM\libmbed.a(clock.o)
 .rodata        0x0000aa30       0x16 .././mbed/TARGET_SAMR21G18A/TOOLCHAIN_GCC_ARM\libmbed.a(tc.o)
 *fill*         0x0000aa46        0x2 
 .rodata.__sf_fake_stdin
                0x0000aa48       0x20 c:/program files (x86)/atmel/studio/7.0/toolchain/arm/arm-gnu-toolchain/bin/../lib/gcc/arm-none-eabi/4.9.3/../../../../arm-none-eabi/lib/armv6-m\libc_nano.a(lib_a-findfp.o)
                0x0000aa48                __sf_fake_stdin
 .rodata.__sf_fake_stdout
                0x0000aa68       0x20 c:/program files (x86)/atmel/studio/7.0/toolchain/arm/arm-gnu-toolchain/bin/../lib/gcc/arm-none-eabi/4.9.3/../../../../arm-none-eabi/lib/armv6-m\libc_nano.a(lib_a-findfp.o)
                0x0000aa68                __sf_fake_stdout
 .rodata.__sf_fake_stderr
                0x0000aa88       0x20 c:/program files (x86)/atmel/studio/7.0/toolchain/arm/arm-gnu-toolchain/bin/../lib/gcc/arm-none-eabi/4.9.3/../../../../arm-none-eabi/lib/armv6-m\libc_nano.a(lib_a-findfp.o)
                0x0000aa88                __sf_fake_stderr
 .rodata.str1.1
                0x0000aaa8        0x2 c:/program files (x86)/atmel/studio/7.0/toolchain/arm/arm-gnu-toolchain/bin/../lib/gcc/arm-none-eabi/4.9.3/../../../../arm-none-eabi/lib/armv6-m\libc_nano.a(lib_a-impure.o)
 *fill*         0x0000aaaa        0x2 
 .rodata._global_impure_ptr
                0x0000aaac        0x4 c:/program files (x86)/atmel/studio/7.0/toolchain/arm/arm-gnu-toolchain/bin/../lib/gcc/arm-none-eabi/4.9.3/../../../../arm-none-eabi/lib/armv6-m\libc_nano.a(lib_a-impure.o)
                0x0000aaac                _global_impure_ptr
 .rodata.str1.1
                0x0000aab0       0x11 c:/program files (x86)/atmel/studio/7.0/toolchain/arm/arm-gnu-toolchain/bin/../lib/gcc/arm-none-eabi/4.9.3/../../../../arm-none-eabi/lib/armv6-m\libc_nano.a(lib_a-nano-vfprintf.o)
 .rodata.str1.1
                0x0000aac1       0x10 c:/program files (x86)/atmel/studio/7.0/toolchain/arm/arm-gnu-toolchain/bin/../lib/gcc/arm-none-eabi/4.9.3/../../../../arm-none-eabi/lib/armv6-m\libc_nano.a(lib_a-nano-vfprintf_float.o)
                                 0x12 (size before relaxing)
 .rodata.str1.1
                0x0000aad1       0x22 c:/program files (x86)/atmel/studio/7.0/toolchain/arm/arm-gnu-toolchain/bin/../lib/gcc/arm-none-eabi/4.9.3/../../../../arm-none-eabi/lib/armv6-m\libc_nano.a(lib_a-nano-vfprintf_i.o)
 .rodata.str1.1
                0x0000aaf3        0x5 c:/program files (x86)/atmel/studio/7.0/toolchain/arm/arm-gnu-toolchain/bin/../lib/gcc/arm-none-eabi/4.9.3/../../../../arm-none-eabi/lib/armv6-m\libc_nano.a(lib_a-nano-vfscanf_float.o)
 .rodata        0x0000aaf8        0xc c:/program files (x86)/atmel/studio/7.0/toolchain/arm/arm-gnu-toolchain/bin/../lib/gcc/arm-none-eabi/4.9.3/../../../../arm-none-eabi/lib/armv6-m\libc_nano.a(lib_a-nano-vfscanf_i.o)
 .rodata.str1.1
                0x0000ab04       0x1b c:/program files (x86)/atmel/studio/7.0/toolchain/arm/arm-gnu-toolchain/bin/../lib/gcc/arm-none-eabi/4.9.3/../../../../arm-none-eabi/lib/armv6-m\libc_nano.a(lib_a-nano-vfscanf_i.o)
 .rodata.str1.1
                0x00000000       0x1b c:/program files (x86)/atmel/studio/7.0/toolchain/arm/arm-gnu-toolchain/bin/../lib/gcc/arm-none-eabi/4.9.3/../../../../arm-none-eabi/lib/armv6-m\libc_nano.a(lib_a-strtod.o)
                                  0xc (size before relaxing)
 *fill*         0x0000ab1f        0x1 
 .rodata.fpinan.5315
                0x0000ab20       0x14 c:/program files (x86)/atmel/studio/7.0/toolchain/arm/arm-gnu-toolchain/bin/../lib/gcc/arm-none-eabi/4.9.3/../../../../arm-none-eabi/lib/armv6-m\libc_nano.a(lib_a-strtod.o)
 *fill*         0x0000ab34        0x4 
 .rodata.tinytens
                0x0000ab38       0x28 c:/program files (x86)/atmel/studio/7.0/toolchain/arm/arm-gnu-toolchain/bin/../lib/gcc/arm-none-eabi/4.9.3/../../../../arm-none-eabi/lib/armv6-m\libc_nano.a(lib_a-strtod.o)
 .rodata.fpi.5279
                0x0000ab60       0x14 c:/program files (x86)/atmel/studio/7.0/toolchain/arm/arm-gnu-toolchain/bin/../lib/gcc/arm-none-eabi/4.9.3/../../../../arm-none-eabi/lib/armv6-m\libc_nano.a(lib_a-strtod.o)
 .rodata._ctype_
                0x0000ab74      0x101 c:/program files (x86)/atmel/studio/7.0/toolchain/arm/arm-gnu-toolchain/bin/../lib/gcc/arm-none-eabi/4.9.3/../../../../arm-none-eabi/lib/armv6-m\libc_nano.a(lib_a-ctype_.o)
                0x0000ab74                _ctype_
 .rodata.str1.1
                0x0000ac75        0xd c:/program files (x86)/atmel/studio/7.0/toolchain/arm/arm-gnu-toolchain/bin/../lib/gcc/arm-none-eabi/4.9.3/../../../../arm-none-eabi/lib/armv6-m\libc_nano.a(lib_a-dtoa.o)
                                  0xf (size before relaxing)
 .rodata.str1.1
                0x0000ac82        0x8 c:/program files (x86)/atmel/studio/7.0/toolchain/arm/arm-gnu-toolchain/bin/../lib/gcc/arm-none-eabi/4.9.3/../../../../arm-none-eabi/lib/armv6-m\libc_nano.a(lib_a-locale.o)
                                  0xb (size before relaxing)
 *fill*         0x0000ac8a        0x6 
 .rodata.__mprec_tens
                0x0000ac90       0xc8 c:/program files (x86)/atmel/studio/7.0/toolchain/arm/arm-gnu-toolchain/bin/../lib/gcc/arm-none-eabi/4.9.3/../../../../arm-none-eabi/lib/armv6-m\libc_nano.a(lib_a-mprec.o)
                0x0000ac90                __mprec_tens
 .rodata.__mprec_bigtens
                0x0000ad58       0x28 c:/program files (x86)/atmel/studio/7.0/toolchain/arm/arm-gnu-toolchain/bin/../lib/gcc/arm-none-eabi/4.9.3/../../../../arm-none-eabi/lib/armv6-m\libc_nano.a(lib_a-mprec.o)
                0x0000ad58                __mprec_bigtens
 .rodata.p05.5314
                0x0000ad80        0xc c:/program files (x86)/atmel/studio/7.0/toolchain/arm/arm-gnu-toolchain/bin/../lib/gcc/arm-none-eabi/4.9.3/../../../../arm-none-eabi/lib/armv6-m\libc_nano.a(lib_a-mprec.o)
 .rodata.str1.1
                0x00000000       0x11 c:/program files (x86)/atmel/studio/7.0/toolchain/arm/arm-gnu-toolchain/bin/../lib/gcc/arm-none-eabi/4.9.3/../../../../arm-none-eabi/lib/armv6-m\libc_nano.a(lib_a-nano-svfprintf.o)
 .rodata.str1.1
                0x00000000        0x4 c:/program files (x86)/atmel/studio/7.0/toolchain/arm/arm-gnu-toolchain/bin/../lib/gcc/arm-none-eabi/4.9.3/../../../../arm-none-eabi/lib/armv6-m\libc_nano.a(lib_a-nano-svfscanf.o)
 .rodata        0x0000ad8c       0x40 c:/program files (x86)/atmel/studio/7.0/toolchain/arm/arm-gnu-toolchain/bin/../lib/gcc/arm-none-eabi/4.9.3/armv6-m\libgcc.a(divdf3.o)
 .rodata        0x0000adcc       0x40 c:/program files (x86)/atmel/studio/7.0/toolchain/arm/arm-gnu-toolchain/bin/../lib/gcc/arm-none-eabi/4.9.3/armv6-m\libgcc.a(muldf3.o)
 *(.ARM.extab* .gnu.linkonce.armextab.*)
                0x0000ae0c                . = ALIGN (0x4)
 *(.init)
 .init          0x0000ae0c        0x4 c:/program files (x86)/atmel/studio/7.0/toolchain/arm/arm-gnu-toolchain/bin/../lib/gcc/arm-none-eabi/4.9.3/armv6-m/crti.o
                0x0000ae0c                _init
 .init          0x0000ae10        0x8 c:/program files (x86)/atmel/studio/7.0/toolchain/arm/arm-gnu-toolchain/bin/../lib/gcc/arm-none-eabi/4.9.3/armv6-m/crtn.o
                0x0000ae18                . = ALIGN (0x4)
                0x0000ae18                __preinit_array_start = .
 *(.preinit_array)
                0x0000ae18                __preinit_array_end = .
                0x0000ae18                . = ALIGN (0x4)
                0x0000ae18                __init_array_start = .
 *(SORT(.init_array.*))
 *(.init_array)
 .init_array    0x0000ae18        0x4 c:/program files (x86)/atmel/studio/7.0/toolchain/arm/arm-gnu-toolchain/bin/../lib/gcc/arm-none-eabi/4.9.3/armv6-m/crtbegin.o
 .init_array    0x0000ae1c        0x4 internalClock/internalClock.o
 .init_array    0x0000ae20        0x4 main.o
                0x0000ae24                __init_array_end = .
                0x0000ae24                . = ALIGN (0x4)
 *crtbegin.o(.ctors)
 *(EXCLUDE_FILE(*crtend.o) .ctors)
 *(SORT(.ctors.*))
 *crtend.o(.ctors)
                0x0000ae24                . = ALIGN (0x4)
 *(.fini)
 .fini          0x0000ae24        0x4 c:/program files (x86)/atmel/studio/7.0/toolchain/arm/arm-gnu-toolchain/bin/../lib/gcc/arm-none-eabi/4.9.3/armv6-m/crti.o
                0x0000ae24                _fini
 .fini          0x0000ae28        0x8 c:/program files (x86)/atmel/studio/7.0/toolchain/arm/arm-gnu-toolchain/bin/../lib/gcc/arm-none-eabi/4.9.3/armv6-m/crtn.o
                0x0000ae30                . = ALIGN (0x4)
                0x0000ae30                __fini_array_start = .
 *(.fini_array)
 .fini_array    0x0000ae30        0x4 c:/program files (x86)/atmel/studio/7.0/toolchain/arm/arm-gnu-toolchain/bin/../lib/gcc/arm-none-eabi/4.9.3/armv6-m/crtbegin.o
 *(SORT(.fini_array.*))
                0x0000ae34                __fini_array_end = .
 *crtbegin.o(.dtors)
 *(EXCLUDE_FILE(*crtend.o) .dtors)
 *(SORT(.dtors.*))
 *crtend.o(.dtors)
                0x0000ae34                . = ALIGN (0x4)
                0x0000ae34                _efixed = .
                0x0000ae34                PROVIDE (__exidx_start, .)

.vfp11_veneer   0x0000ae34        0x0
 .vfp11_veneer  0x00000000        0x0 linker stubs

.v4_bx          0x0000ae34        0x0
 .v4_bx         0x00000000        0x0 linker stubs

.iplt           0x0000ae34        0x0
 .iplt          0x00000000        0x0 c:/program files (x86)/atmel/studio/7.0/toolchain/arm/arm-gnu-toolchain/bin/../lib/gcc/arm-none-eabi/4.9.3/armv6-m/crtbegin.o

.eh_frame       0x0000ae34        0x0
 .eh_frame      0x0000ae34        0x0 c:/program files (x86)/atmel/studio/7.0/toolchain/arm/arm-gnu-toolchain/bin/../lib/gcc/arm-none-eabi/4.9.3/armv6-m/crtbegin.o

.rel.dyn        0x0000ae34        0x0
 .rel.iplt      0x00000000        0x0 c:/program files (x86)/atmel/studio/7.0/toolchain/arm/arm-gnu-toolchain/bin/../lib/gcc/arm-none-eabi/4.9.3/armv6-m/crtbegin.o

.jcr            0x0000ae34        0x0
 .jcr           0x0000ae34        0x0 c:/program files (x86)/atmel/studio/7.0/toolchain/arm/arm-gnu-toolchain/bin/../lib/gcc/arm-none-eabi/4.9.3/armv6-m/crtbegin.o

.igot.plt       0x0000ae34        0x0
 .igot.plt      0x00000000        0x0 c:/program files (x86)/atmel/studio/7.0/toolchain/arm/arm-gnu-toolchain/bin/../lib/gcc/arm-none-eabi/4.9.3/armv6-m/crtbegin.o

.ARM.exidx
 *(.ARM.exidx* .gnu.linkonce.armexidx.*)
                0x0000ae34                PROVIDE (__exidx_end, .)
                0x0000ae34                . = ALIGN (0x4)
                0x0000ae34                _etext = .

.relocate       0x200000b0       0xac load address 0x0000ae34
                0x200000b0                . = ALIGN (0x4)
                0x200000b0                _srelocate = .
 *(.ramfunc .ramfunc.*)
 *(.data .data.*)
 .data          0x200000b0        0x4 c:/program files (x86)/atmel/studio/7.0/toolchain/arm/arm-gnu-toolchain/bin/../lib/gcc/arm-none-eabi/4.9.3/armv6-m/crtbegin.o
                0x200000b0                __dso_handle
 .data._ZZ5_sbrkE4heap
                0x200000b4        0x4 .././mbed/TARGET_SAMR21G18A/TOOLCHAIN_GCC_ARM/retarget.o
 .data.g_interrupt_enabled
                0x200000b8        0x1 .././mbed/TARGET_SAMR21G18A/TOOLCHAIN_GCC_ARM\libmbed.a(interrupt_sam_nvic.o)
                0x200000b8                g_interrupt_enabled
 *fill*         0x200000b9        0x3 
 .data.impure_data
                0x200000bc       0x60 c:/program files (x86)/atmel/studio/7.0/toolchain/arm/arm-gnu-toolchain/bin/../lib/gcc/arm-none-eabi/4.9.3/../../../../arm-none-eabi/lib/armv6-m\libc_nano.a(lib_a-impure.o)
 .data._impure_ptr
                0x2000011c        0x4 c:/program files (x86)/atmel/studio/7.0/toolchain/arm/arm-gnu-toolchain/bin/../lib/gcc/arm-none-eabi/4.9.3/../../../../arm-none-eabi/lib/armv6-m\libc_nano.a(lib_a-impure.o)
                0x2000011c                _impure_ptr
 .data.__ctype_ptr__
                0x20000120        0x4 c:/program files (x86)/atmel/studio/7.0/toolchain/arm/arm-gnu-toolchain/bin/../lib/gcc/arm-none-eabi/4.9.3/../../../../arm-none-eabi/lib/armv6-m\libc_nano.a(lib_a-ctype_.o)
                0x20000120                __ctype_ptr__
 .data.lconv    0x20000124       0x38 c:/program files (x86)/atmel/studio/7.0/toolchain/arm/arm-gnu-toolchain/bin/../lib/gcc/arm-none-eabi/4.9.3/../../../../arm-none-eabi/lib/armv6-m\libc_nano.a(lib_a-locale.o)
                0x2000015c                . = ALIGN (0x4)
                0x2000015c                _erelocate = .

.bss            0x2000015c      0x34c load address 0x0000aee0
                0x2000015c                . = ALIGN (0x4)
                0x2000015c                _sbss = .
                0x2000015c                _szero = .
 *(.bss .bss.*)
 .bss           0x2000015c       0x1c c:/program files (x86)/atmel/studio/7.0/toolchain/arm/arm-gnu-toolchain/bin/../lib/gcc/arm-none-eabi/4.9.3/armv6-m/crtbegin.o
 .bss.led       0x20000178       0x1c internalClock/internalClock.o
                0x20000178                led
 .bss.hmi       0x20000194       0xf4 main.o
                0x20000194                hmi
 .bss.device    0x20000288       0x4c main.o
                0x20000288                device
 .bss.g_sys_init
                0x200002d4        0x1 .././mbed/TARGET_SAMR21G18A/TOOLCHAIN_GCC_ARM/mbed_overrides.o
                0x200002d4                g_sys_init
 *fill*         0x200002d5        0x3 
 .bss._ZL11filehandles
                0x200002d8      0x100 .././mbed/TARGET_SAMR21G18A/TOOLCHAIN_GCC_ARM/retarget.o
 .bss.stdio_uart_inited
                0x200003d8        0x4 .././mbed/TARGET_SAMR21G18A/TOOLCHAIN_GCC_ARM\libmbed.a(serial_api.o)
                0x200003d8                stdio_uart_inited
 .bss.serial_irq_ids
                0x200003dc       0x18 .././mbed/TARGET_SAMR21G18A/TOOLCHAIN_GCC_ARM\libmbed.a(serial_api.o)
 .bss.irq_handler
                0x200003f4        0x4 .././mbed/TARGET_SAMR21G18A/TOOLCHAIN_GCC_ARM\libmbed.a(serial_api.o)
 .bss._sercom_config
                0x200003f8        0x2 .././mbed/TARGET_SAMR21G18A/TOOLCHAIN_GCC_ARM\libmbed.a(sercom.o)
 *fill*         0x200003fa        0x2 
 .bss.us_ticker_inited
                0x200003fc        0x4 .././mbed/TARGET_SAMR21G18A/TOOLCHAIN_GCC_ARM\libmbed.a(us_ticker.o)
 .bss.cpu_irq_critical_section_counter
                0x20000400        0x4 .././mbed/TARGET_SAMR21G18A/TOOLCHAIN_GCC_ARM\libmbed.a(interrupt_sam_nvic.o)
 .bss.cpu_irq_prev_interrupt_state
                0x20000404        0x1 .././mbed/TARGET_SAMR21G18A/TOOLCHAIN_GCC_ARM\libmbed.a(interrupt_sam_nvic.o)
 *fill*         0x20000405        0x3 
 .bss._ZN4mbed8FileBase5_headE
                0x20000408        0x4 .././mbed/TARGET_SAMR21G18A/TOOLCHAIN_GCC_ARM\libmbed.a(FileBase.o)
                0x20000408                mbed::FileBase::_head
 .bss.events    0x2000040c        0x8 .././mbed/TARGET_SAMR21G18A/TOOLCHAIN_GCC_ARM\libmbed.a(us_ticker_api.o)
 .bss._system_clock_inst
                0x20000414       0x18 .././mbed/TARGET_SAMR21G18A/TOOLCHAIN_GCC_ARM\libmbed.a(clock.o)
 .bss.__malloc_sbrk_start
                0x2000042c        0x4 c:/program files (x86)/atmel/studio/7.0/toolchain/arm/arm-gnu-toolchain/bin/../lib/gcc/arm-none-eabi/4.9.3/../../../../arm-none-eabi/lib/armv6-m\libc_nano.a(lib_a-nano-mallocr.o)
                0x2000042c                __malloc_sbrk_start
 .bss.__malloc_free_list
                0x20000430        0x4 c:/program files (x86)/atmel/studio/7.0/toolchain/arm/arm-gnu-toolchain/bin/../lib/gcc/arm-none-eabi/4.9.3/../../../../arm-none-eabi/lib/armv6-m\libc_nano.a(lib_a-nano-mallocr.o)
                0x20000430                __malloc_free_list
 *(COMMON)
 COMMON         0x20000434       0x48 .././mbed/TARGET_SAMR21G18A/TOOLCHAIN_GCC_ARM\libmbed.a(serial_api.o)
                0x20000434                stdio_uart
 COMMON         0x2000047c       0x1c .././mbed/TARGET_SAMR21G18A/TOOLCHAIN_GCC_ARM\libmbed.a(us_ticker.o)
                0x2000047c                us_ticker_module
 COMMON         0x20000498        0xc .././mbed/TARGET_SAMR21G18A/TOOLCHAIN_GCC_ARM\libmbed.a(tc_interrupt.o)
                0x20000498                _tc_instances
 COMMON         0x200004a4        0x4 c:/program files (x86)/atmel/studio/7.0/toolchain/arm/arm-gnu-toolchain/bin/../lib/gcc/arm-none-eabi/4.9.3/../../../../arm-none-eabi/lib/armv6-m\libc_nano.a(lib_a-reent.o)
                0x200004a4                errno
                0x200004a8                . = ALIGN (0x4)
                0x200004a8                _ebss = .
                0x200004a8                _ezero = .

.heap           0x200004a8     0x5b58 load address 0x0000b22c
                0x200004a8                . = ALIGN (0x4)
                0x200004a8                __end__ = .
                0x20006000                . = ((ORIGIN (ram) + 0x7f50) - STACK_SIZE)
 *fill*         0x200004a8     0x5b58 

.stack          0x20006000     0x2000 load address 0x00010d84
                0x20006000                . = ALIGN (0x8)
                0x20006000                _sstack = .
                0x20008000                . = (. + STACK_SIZE)
 *fill*         0x20006000     0x2000 
                0x20008000                . = ALIGN (0x8)
                0x20008000                _estack = .
                0x20008000                . = ALIGN (0x4)
OUTPUT(mbed.elf elf32-littlearm)

.ARM.attributes
                0x00000000       0x28
 .ARM.attributes
                0x00000000       0x1e c:/program files (x86)/atmel/studio/7.0/toolchain/arm/arm-gnu-toolchain/bin/../lib/gcc/arm-none-eabi/4.9.3/armv6-m/crti.o
 .ARM.attributes
                0x0000001e       0x2c c:/program files (x86)/atmel/studio/7.0/toolchain/arm/arm-gnu-toolchain/bin/../lib/gcc/arm-none-eabi/4.9.3/armv6-m/crtbegin.o
 .ARM.attributes
                0x0000004a       0x32 internalClock/internalClock.o
 .ARM.attributes
                0x0000007c       0x32 main.o
 .ARM.attributes
                0x000000ae       0x32 .././mbed/TARGET_SAMR21G18A/TOOLCHAIN_GCC_ARM/board.o
 .ARM.attributes
                0x000000e0       0x32 .././mbed/TARGET_SAMR21G18A/TOOLCHAIN_GCC_ARM/cmsis_nvic.o
 .ARM.attributes
                0x00000112       0x32 .././mbed/TARGET_SAMR21G18A/TOOLCHAIN_GCC_ARM/mbed_overrides.o
 .ARM.attributes
                0x00000144       0x32 .././mbed/TARGET_SAMR21G18A/TOOLCHAIN_GCC_ARM/retarget.o
 .ARM.attributes
                0x00000176       0x32 .././mbed/TARGET_SAMR21G18A/TOOLCHAIN_GCC_ARM/startup_samr21.o
 .ARM.attributes
                0x000001a8       0x32 .././mbed/TARGET_SAMR21G18A/TOOLCHAIN_GCC_ARM\libmbed.a(system.o)
 .ARM.attributes
                0x000001da       0x32 .././mbed/TARGET_SAMR21G18A/TOOLCHAIN_GCC_ARM\libmbed.a(serial_api.o)
 .ARM.attributes
                0x0000020c       0x32 .././mbed/TARGET_SAMR21G18A/TOOLCHAIN_GCC_ARM\libmbed.a(FilePath.o)
 .ARM.attributes
                0x0000023e       0x32 .././mbed/TARGET_SAMR21G18A/TOOLCHAIN_GCC_ARM\libmbed.a(SPISlave.o)
 .ARM.attributes
                0x00000270       0x32 .././mbed/TARGET_SAMR21G18A/TOOLCHAIN_GCC_ARM\libmbed.a(Serial.o)
 .ARM.attributes